Starting ablation study tests: visited list size...


Dataset: deep-image-96-angular
Metric: cd
Truncation ratio: 0.25
Normalize the data vectors
Data vectors dimensions: 9990000 x 96
Query vectors dimensions: 10000 x 96
Neighbors dimensions: 10000 x 100
Using AVX512 Inner Product distance
Index loaded
Dimension of space:96
Data size of space:384
Samplings loaded


Visited list size: 513


Loading samplings from /home/ryawszn/experiments/shiro-ef/sampling/deep-image-96-angular-samplings--k100-ef.bin
Samplings loaded from /home/ryawszn/experiments/shiro-ef/sampling/deep-image-96-angular-samplings--k100-ef.bin
Average Recall: 0.840498
Initial average recall with ef=100: 0.840726
Average Recall: 0.888812
Initial average recall with ef=150: 0.888972
Recall diff is too small for 1 consecutive steps, break.
Recall diff is too small for 1 consecutive steps, break.
Recall diff is too small for 1 consecutive steps, break.
Recall diff is too small for 1 consecutive steps, break.
Recall diff is too small for 1 consecutive steps, break.
Recall diff is too small for 1 consecutive steps, break.
Recall diff is too small for 1 consecutive steps, break.
Recall diff is too small for 1 consecutive steps, break.
Recall diff is too small for 1 consecutive steps, break.
Recall diff is too small for 1 consecutive steps, break.
Weighted average ef: 382.228
EF-estimation table computing time: 9214 ms
Training convergence-bucket 0 [7.73896, 38.3938) with 200 queries.
Average Recall: 0.65205
Initial average recall with ef=100: 0.637809
Average Recall: 0.7284
Initial average recall with ef=150: 0.715225
Recall diff is too small for 1 consecutive steps, break.
Weighted average ef: 788.025
Training convergence-bucket 1 [38.3938, 45.755) with 200 queries.
Average Recall: 0.662965
Initial average recall with ef=100: 0.655301
Average Recall: 0.740402
Initial average recall with ef=150: 0.731145
Recall diff is too small for 1 consecutive steps, break.
Recall diff is too small for 1 consecutive steps, break.
Weighted average ef: 742.67
Training convergence-bucket 2 [45.755, 50.7889) with 200 queries.
Average Recall: 0.6974
Initial average recall with ef=100: 0.674687
Average Recall: 0.776
Initial average recall with ef=150: 0.757
Weighted average ef: 644.89
Training convergence-bucket 3 [50.7889, 55.7937) with 200 queries.
Average Recall: 0.724
Initial average recall with ef=100: 0.717086
Average Recall: 0.79425
Initial average recall with ef=150: 0.788857
Recall diff is too small for 1 consecutive steps, break.
Weighted average ef: 528.325
Training convergence-bucket 4 [55.7937, 59.9938) with 200 queries.
Average Recall: 0.7782
Initial average recall with ef=100: 0.779657
Average Recall: 0.84795
Initial average recall with ef=150: 0.849029
Weighted average ef: 386.17
Training convergence-bucket 5 [59.9938, 63.5354) with 200 queries.
Average Recall: 0.82885
Initial average recall with ef=100: 0.836369
Average Recall: 0.8858
Initial average recall with ef=150: 0.893691
Recall diff is too small for 1 consecutive steps, break.
Weighted average ef: 265.44
Training convergence-bucket 6 [63.5354, 66.6575) with 200 queries.
Average Recall: 0.862
Initial average recall with ef=100: 0.863439
Average Recall: 0.9107
Initial average recall with ef=150: 0.912116
Weighted average ef: 248.54
Training convergence-bucket 7 [66.6575, 69.2155) with 200 queries.
Average Recall: 0.8702
Initial average recall with ef=100: 0.86914
Average Recall: 0.91865
Initial average recall with ef=150: 0.918333
Weighted average ef: 228.97
Training convergence-bucket 8 [69.2155, 71.3873) with 200 queries.
Average Recall: 0.89295
Initial average recall with ef=100: 0.896117
Average Recall: 0.9367
Initial average recall with ef=150: 0.93984
Weighted average ef: 202.185
Training convergence-bucket 9 [71.3873, 73.6559) with 200 queries.
Average Recall: 0.903
Initial average recall with ef=100: 0.909043
Average Recall: 0.9388
Initial average recall with ef=150: 0.944043
Weighted average ef: 176.14
Training convergence-bucket 10 [73.6559, 75.5571) with 200 queries.
Average Recall: 0.9192
Initial average recall with ef=100: 0.925137
Average Recall: 0.953951
Initial average recall with ef=150: 0.958798
Weighted average ef: 148.855
Training convergence-bucket 11 [75.5571, 77.5262) with 200 queries.
Average Recall: 0.93885
Initial average recall with ef=100: 0.943246
Average Recall: 0.967151
Initial average recall with ef=150: 0.970681
Weighted average ef: 129.76
Training convergence-bucket 12 [77.5262, 79.5636) with 200 queries.
Average Recall: 0.94545
Initial average recall with ef=100: 0.946788
Average Recall: 0.97015
Initial average recall with ef=150: 0.971295
Weighted average ef: 131.105
Training convergence-bucket 13 [79.5636, 82.3237) with 200 queries.
Average Recall: 0.9594
Initial average recall with ef=100: 0.96414
Average Recall: 0.9772
Initial average recall with ef=150: 0.980914
Weighted average ef: 110.025
Training convergence-bucket 14 [82.3237, inf) with 200 queries.
Average Recall: 0.97215
Initial average recall with ef=100: 0.979061
Average Recall: 0.98545
Initial average recall with ef=150: 0.989558
Weighted average ef: 100.25
Reconstructed True WAE: 244.608 (Hard Pct: 0.0212)
****Weighted average ef: 244
Search time: 11557 ms
Search time: 8178 ms
Search time: 8115 ms
Average Recall: 0.981516
5th percentile recall: 0.93
1st percentile recall: 0.88
Median search time: 8178 ms
Search times: 8115 ms, 8178 ms, 11557 ms,
deep-image-96-angular experiment results:
statisc_length, time, avg_recall, 5th_percentile_recall, 1st_percentile_recall, recall_above_99, recall_above_95, recall_above_90
513, 8178, 0.981516, 0.93, 0.88, 6082, 8763, 9781
Experiment finished


Visited list size: 1025


Loading samplings from /home/ryawszn/experiments/shiro-ef/sampling/deep-image-96-angular-samplings--k100-ef.bin
Samplings loaded from /home/ryawszn/experiments/shiro-ef/sampling/deep-image-96-angular-samplings--k100-ef.bin
Average Recall: 0.840471
Initial average recall with ef=100: 0.840416
Average Recall: 0.888812
Initial average recall with ef=150: 0.888656
Recall diff is too small for 1 consecutive steps, break.
Recall diff is too small for 1 consecutive steps, break.
Recall diff is too small for 1 consecutive steps, break.
Recall diff is too small for 1 consecutive steps, break.
Recall diff is too small for 1 consecutive steps, break.
Recall diff is too small for 1 consecutive steps, break.
Recall diff is too small for 1 consecutive steps, break.
Recall diff is too small for 1 consecutive steps, break.
Recall diff is too small for 1 consecutive steps, break.
Weighted average ef: 347.982
EF-estimation table computing time: 8948 ms
Training convergence-bucket 0 [21.8103, 51.1144) with 200 queries.
Average Recall: 0.621457
Initial average recall with ef=100: 0.619787
Average Recall: 0.705427
Initial average recall with ef=150: 0.70383
Weighted average ef: 961.58
Training convergence-bucket 1 [51.1144, 56.2137) with 200 queries.
Average Recall: 0.6542
Initial average recall with ef=100: 0.649605
Average Recall: 0.7339
Initial average recall with ef=150: 0.73113
Recall diff is too small for 1 consecutive steps, break.
Recall diff is too small for 1 consecutive steps, break.
Weighted average ef: 775.105
Training convergence-bucket 2 [56.2137, 58.9665) with 200 queries.
Average Recall: 0.67725
Initial average recall with ef=100: 0.664229
Average Recall: 0.75685
Initial average recall with ef=150: 0.745143
Recall diff is too small for 1 consecutive steps, break.
Weighted average ef: 730.755
Training convergence-bucket 3 [58.9665, 63.9648) with 200 queries.
Average Recall: 0.72425
Initial average recall with ef=100: 0.717989
Average Recall: 0.79655
Initial average recall with ef=150: 0.790782
Recall diff is too small for 1 consecutive steps, break.
Recall diff is too small for 1 consecutive steps, break.
Weighted average ef: 556.98
Training convergence-bucket 4 [63.9648, 67.6926) with 200 queries.
Average Recall: 0.8017
Initial average recall with ef=100: 0.802042
Average Recall: 0.86555
Initial average recall with ef=150: 0.866283
Recall diff is too small for 1 consecutive steps, break.
Weighted average ef: 393.785
Training convergence-bucket 5 [67.6926, 70.3704) with 200 queries.
Average Recall: 0.82975
Initial average recall with ef=100: 0.827596
Average Recall: 0.8875
Initial average recall with ef=150: 0.887213
Weighted average ef: 298.305
Training convergence-bucket 6 [70.3704, 72.4827) with 200 queries.
Average Recall: 0.8473
Initial average recall with ef=100: 0.845351
Average Recall: 0.90115
Initial average recall with ef=150: 0.899513
Weighted average ef: 275.06
Training convergence-bucket 7 [72.4827, 74.5908) with 200 queries.
Average Recall: 0.86805
Initial average recall with ef=100: 0.86779
Average Recall: 0.91615
Initial average recall with ef=150: 0.916961
Weighted average ef: 238.46
Training convergence-bucket 8 [74.5908, 76.5265) with 200 queries.
Average Recall: 0.8907
Initial average recall with ef=100: 0.890695
Average Recall: 0.9366
Initial average recall with ef=150: 0.937487
Weighted average ef: 187.215
Training convergence-bucket 9 [76.5265, 78.4142) with 200 queries.
Average Recall: 0.9098
Initial average recall with ef=100: 0.912192
Average Recall: 0.94855
Initial average recall with ef=150: 0.950374
Weighted average ef: 159.74
Training convergence-bucket 10 [78.4142, 80.1198) with 200 queries.
Average Recall: 0.9245
Initial average recall with ef=100: 0.925503
Average Recall: 0.9559
Initial average recall with ef=150: 0.957037
Weighted average ef: 156.535
Training convergence-bucket 11 [80.1198, 81.9441) with 200 queries.
Average Recall: 0.94305
Initial average recall with ef=100: 0.945494
Average Recall: 0.969351
Initial average recall with ef=150: 0.971539
Weighted average ef: 124.48
Training convergence-bucket 12 [81.9441, 83.8075) with 200 queries.
Average Recall: 0.9555
Initial average recall with ef=100: 0.960317
Average Recall: 0.977
Initial average recall with ef=150: 0.981005
Weighted average ef: 112.325
Training convergence-bucket 13 [83.8075, 86.0539) with 200 queries.
Average Recall: 0.975
Initial average recall with ef=100: 0.977112
Average Recall: 0.9893
Initial average recall with ef=150: 0.990749
Weighted average ef: 98
Training convergence-bucket 14 [86.0539, inf) with 200 queries.
Average Recall: 0.98355
Initial average recall with ef=100: 0.989034
Average Recall: 0.9916
Initial average recall with ef=150: 0.995284
Weighted average ef: 91
Reconstructed True WAE: 240.849 (Hard Pct: 0.0212)
****Weighted average ef: 240
Search time: 8253 ms
Search time: 8293 ms
Search time: 11717 ms
Average Recall: 0.979886
5th percentile recall: 0.93
1st percentile recall: 0.89
Median search time: 8293 ms
Search times: 8253 ms, 8293 ms, 11717 ms,
deep-image-96-angular experiment results:
statisc_length, time, avg_recall, 5th_percentile_recall, 1st_percentile_recall, recall_above_99, recall_above_95, recall_above_90
1025, 8293, 0.979886, 0.93, 0.89, 5556, 8651, 9813
Experiment finished


Visited list size: 32769


Loading samplings from /home/ryawszn/experiments/shiro-ef/sampling/deep-image-96-angular-samplings--k100-ef.bin
Samplings loaded from /home/ryawszn/experiments/shiro-ef/sampling/deep-image-96-angular-samplings--k100-ef.bin
Average Recall: 0.992235
Initial average recall with ef=100: 0.992364
Average Recall: 0.992235
Initial average recall with ef=150: 0.992364
Weighted average ef: 168.41
EF-estimation table computing time: 43990 ms
Training convergence-bucket 0 [68.4064, 78.6629) with 200 queries.
Average Recall: 0.9442
Initial average recall with ef=100: 0.944619
Average Recall: 0.9442
Initial average recall with ef=150: 0.944619
Weighted average ef: 2083.8
Training convergence-bucket 1 [78.6629, 81.753) with 200 queries.
Average Recall: 0.97765
Initial average recall with ef=100: 0.978342
Average Recall: 0.97765
Initial average recall with ef=150: 0.978342
Weighted average ef: 96.5
Training convergence-bucket 2 [81.753, 83.8918) with 200 queries.
Average Recall: 0.983501
Initial average recall with ef=100: 0.983807
Average Recall: 0.983501
Initial average recall with ef=150: 0.983807
Weighted average ef: 98.5
Training convergence-bucket 3 [83.8918, 85.6726) with 200 queries.
Average Recall: 0.990701
Initial average recall with ef=100: 0.990974
Average Recall: 0.990701
Initial average recall with ef=150: 0.990974
Weighted average ef: 97.5
Training convergence-bucket 4 [85.6726, 87.2982) with 200 queries.
Average Recall: 0.99465
Initial average recall with ef=100: 0.994745
Average Recall: 0.99465
Initial average recall with ef=150: 0.994745
Weighted average ef: 98
Training convergence-bucket 5 [87.2982, 88.5047) with 200 queries.
Average Recall: 0.9978
Initial average recall with ef=100: 0.997919
Average Recall: 0.9978
Initial average recall with ef=150: 0.997919
Weighted average ef: 98.5
Training convergence-bucket 6 [88.5047, 89.629) with 200 queries.
Average Recall: 0.9986
Initial average recall with ef=100: 0.99867
Average Recall: 0.9986
Initial average recall with ef=150: 0.99867
Weighted average ef: 94
Training convergence-bucket 7 [89.629, 90.5447) with 200 queries.
Average Recall: 0.9994
Initial average recall with ef=100: 0.999572
Average Recall: 0.9994
Initial average recall with ef=150: 0.999572
Weighted average ef: 93.5
Training convergence-bucket 8 [90.5447, 91.2957) with 200 queries.
Average Recall: 0.9994
Initial average recall with ef=100: 0.999479
Average Recall: 0.9994
Initial average recall with ef=150: 0.999479
Weighted average ef: 96
Training convergence-bucket 9 [91.2957, 91.9415) with 200 queries.
Average Recall: 0.99985
Initial average recall with ef=100: 0.999892
Average Recall: 0.99985
Initial average recall with ef=150: 0.999892
Weighted average ef: 92.5
Training convergence-bucket 10 [91.9415, 92.5423) with 200 queries.
Average Recall: 0.9999
Initial average recall with ef=100: 0.999892
Average Recall: 0.9999
Initial average recall with ef=150: 0.999892
Weighted average ef: 93
Training convergence-bucket 11 [92.5423, 93.1754) with 200 queries.
Average Recall: 1
Initial average recall with ef=100: 1
Average Recall: 1
Initial average recall with ef=150: 1
Weighted average ef: 90.5
Training convergence-bucket 12 [93.1754, 93.7203) with 200 queries.
Average Recall: 1
Initial average recall with ef=100: 1
Average Recall: 1
Initial average recall with ef=150: 1
Weighted average ef: 94
Training convergence-bucket 13 [93.7203, 94.2214) with 200 queries.
Average Recall: 1
Initial average recall with ef=100: 1
Average Recall: 1
Initial average recall with ef=150: 1
Weighted average ef: 89.5
Training convergence-bucket 14 [94.2214, inf) with 200 queries.
Average Recall: 0.9979
Initial average recall with ef=100: 0.997778
Average Recall: 0.9979
Initial average recall with ef=150: 0.997778
Weighted average ef: 94.5
Reconstructed True WAE: 121.794 (Hard Pct: 0.0212)
****Weighted average ef: 121
Search time: 73282 ms
Search time: 71953 ms
Search time: 71032 ms
Average Recall: 0.996813
5th percentile recall: 0.98
1st percentile recall: 0.95
Median search time: 71953 ms
Search times: 71032 ms, 71953 ms, 73282 ms,
deep-image-96-angular experiment results:
statisc_length, time, avg_recall, 5th_percentile_recall, 1st_percentile_recall, recall_above_99, recall_above_95, recall_above_90
32769, 71953, 0.996813, 0.98, 0.95, 9293, 9894, 9991
Experiment finished
Dataset: glove-100-angular
Metric: cd
Truncation ratio: 0.25
Normalize the data vectors
Data vectors dimensions: 1183514 x 100
Query vectors dimensions: 10000 x 100
Neighbors dimensions: 10000 x 100
Using AVX512 Inner Product distance
Index loaded
Dimension of space:100
Data size of space:400
Samplings loaded


Visited list size: 513


Loading samplings from /home/ryawszn/experiments/shiro-ef/sampling/glove-100-angular-samplings--k100-ef.bin
Samplings loaded from /home/ryawszn/experiments/shiro-ef/sampling/glove-100-angular-samplings--k100-ef.bin
Average Recall: 0.717245
Initial average recall with ef=100: 0.717185
Average Recall: 0.761977
Initial average recall with ef=150: 0.762134
Recall diff is too small for 1 consecutive steps, break.
Weighted average ef: 2600.95
EF-estimation table computing time: 23144 ms
Training convergence-bucket 0 [2.62072, 28.3477) with 200 queries.
Average Recall: 0.61955
Initial average recall with ef=100: 0.586685
Average Recall: 0.6694
Initial average recall with ef=150: 0.637809
Recall diff is too small for 1 consecutive steps, break.
Recall diff is too small for 1 consecutive steps, break.
Recall diff is too small for 1 consecutive steps, break.
Weighted average ef: 2622.53
Training convergence-bucket 1 [28.3477, 33.9059) with 200 queries.
Average Recall: 0.5065
Initial average recall with ef=100: 0.482747
Average Recall: 0.5613
Initial average recall with ef=150: 0.536593
Recall diff is too small for 1 consecutive steps, break.
Recall diff is too small for 1 consecutive steps, break.
Recall diff is too small for 1 consecutive steps, break.
Weighted average ef: 3805.45
Training convergence-bucket 2 [33.9059, 38.1592) with 200 queries.
Average Recall: 0.52
Initial average recall with ef=100: 0.478494
Average Recall: 0.57515
Initial average recall with ef=150: 0.538976
Recall diff is too small for 1 consecutive steps, break.
Recall diff is too small for 1 consecutive steps, break.
Recall diff is too small for 1 consecutive steps, break.
Weighted average ef: 3487.2
Training convergence-bucket 3 [38.1592, 42.6044) with 200 queries.
Average Recall: 0.528643
Initial average recall with ef=100: 0.513587
Average Recall: 0.58835
Initial average recall with ef=150: 0.565163
Recall diff is too small for 1 consecutive steps, break.
Recall diff is too small for 1 consecutive steps, break.
Recall diff is too small for 1 consecutive steps, break.
Weighted average ef: 3434.69
Training convergence-bucket 4 [42.6044, 46.445) with 200 queries.
Average Recall: 0.56395
Initial average recall with ef=100: 0.533239
Average Recall: 0.61525
Initial average recall with ef=150: 0.586591
Recall diff is too small for 1 consecutive steps, break.
Recall diff is too small for 1 consecutive steps, break.
Recall diff is too small for 1 consecutive steps, break.
Weighted average ef: 3192.6
Training convergence-bucket 5 [46.445, 50.8301) with 200 queries.
Average Recall: 0.5952
Initial average recall with ef=100: 0.561667
Average Recall: 0.64775
Initial average recall with ef=150: 0.615172
Recall diff is too small for 1 consecutive steps, break.
Recall diff is too small for 1 consecutive steps, break.
Recall diff is too small for 1 consecutive steps, break.
Recall diff is too small for 1 consecutive steps, break.
Recall diff is too small for 1 consecutive steps, break.
Recall diff is too small for 1 consecutive steps, break.
Weighted average ef: 2741.55
Training convergence-bucket 6 [50.8301, 56.3316) with 200 queries.
Average Recall: 0.677
Initial average recall with ef=100: 0.64976
Average Recall: 0.7358
Initial average recall with ef=150: 0.712156
Recall diff is too small for 1 consecutive steps, break.
Recall diff is too small for 1 consecutive steps, break.
Recall diff is too small for 1 consecutive steps, break.
Weighted average ef: 1755.94
Training convergence-bucket 7 [56.3316, 61.2933) with 200 queries.
Average Recall: 0.7268
Initial average recall with ef=100: 0.707602
Average Recall: 0.7759
Initial average recall with ef=150: 0.759181
Recall diff is too small for 1 consecutive steps, break.
Recall diff is too small for 1 consecutive steps, break.
Weighted average ef: 1341.24
Training convergence-bucket 8 [61.2933, 65.6036) with 200 queries.
Average Recall: 0.7688
Initial average recall with ef=100: 0.77191
Average Recall: 0.82075
Initial average recall with ef=150: 0.824775
Recall diff is too small for 1 consecutive steps, break.
Recall diff is too small for 1 consecutive steps, break.
Recall diff is too small for 1 consecutive steps, break.
Weighted average ef: 815.48
Training convergence-bucket 9 [65.6036, 68.9104) with 200 queries.
Average Recall: 0.7972
Initial average recall with ef=100: 0.794302
Average Recall: 0.8399
Initial average recall with ef=150: 0.838436
Weighted average ef: 780.17
Training convergence-bucket 10 [68.9104, 71.7412) with 200 queries.
Average Recall: 0.83375
Initial average recall with ef=100: 0.826802
Average Recall: 0.87725
Initial average recall with ef=150: 0.872674
Weighted average ef: 570.555
Training convergence-bucket 11 [71.7412, 74.6701) with 200 queries.
Average Recall: 0.85605
Initial average recall with ef=100: 0.847386
Average Recall: 0.8912
Initial average recall with ef=150: 0.88375
Recall diff is too small for 1 consecutive steps, break.
Recall diff is too small for 1 consecutive steps, break.
Recall diff is too small for 1 consecutive steps, break.
Weighted average ef: 512.095
Training convergence-bucket 12 [74.6701, 77.5225) with 200 queries.
Average Recall: 0.8871
Initial average recall with ef=100: 0.889064
Average Recall: 0.91675
Initial average recall with ef=150: 0.92
Recall diff is too small for 1 consecutive steps, break.
Weighted average ef: 361.005
Training convergence-bucket 13 [77.5225, 80.7905) with 200 queries.
Average Recall: 0.93255
Initial average recall with ef=100: 0.938056
Average Recall: 0.95445
Initial average recall with ef=150: 0.959611
Weighted average ef: 170.255
Training convergence-bucket 14 [80.7905, inf) with 200 queries.
Average Recall: 0.9437
Initial average recall with ef=100: 0.964253
Average Recall: 0.9605
Initial average recall with ef=150: 0.978218
Weighted average ef: 117.435
Reconstructed True WAE: 1530.26 (Hard Pct: 0.0113)
****Weighted average ef: 1530
Search time: 40534 ms
Search time: 40449 ms
Search time: 40277 ms
Average Recall: 0.977468
5th percentile recall: 0.91
1st percentile recall: 0.86
Median search time: 40449 ms
Search times: 40277 ms, 40449 ms, 40534 ms,
glove-100-angular experiment results:
statisc_length, time, avg_recall, 5th_percentile_recall, 1st_percentile_recall, recall_above_99, recall_above_95, recall_above_90
513, 40449, 0.977468, 0.91, 0.86, 6108, 8046, 9509
Experiment finished


Visited list size: 1025


Loading samplings from /home/ryawszn/experiments/shiro-ef/sampling/glove-100-angular-samplings--k100-ef.bin
Samplings loaded from /home/ryawszn/experiments/shiro-ef/sampling/glove-100-angular-samplings--k100-ef.bin
Average Recall: 0.717245
Initial average recall with ef=100: 0.717177
Average Recall: 0.761977
Initial average recall with ef=150: 0.762293
Weighted average ef: 2563.08
EF-estimation table computing time: 18521 ms
Training convergence-bucket 0 [12.9429, 38.0075) with 200 queries.
Average Recall: 0.50955
Initial average recall with ef=100: 0.482486
Average Recall: 0.5592
Initial average recall with ef=150: 0.532818
Recall diff is too small for 1 consecutive steps, break.
Recall diff is too small for 1 consecutive steps, break.
Weighted average ef: 3916.57
Training convergence-bucket 1 [38.0075, 41.1542) with 200 queries.
Average Recall: 0.439548
Initial average recall with ef=100: 0.418436
Average Recall: 0.49585
Initial average recall with ef=150: 0.476201
Recall diff is too small for 1 consecutive steps, break.
Recall diff is too small for 1 consecutive steps, break.
Recall diff is too small for 1 consecutive steps, break.
Recall diff is too small for 1 consecutive steps, break.
Recall diff is too small for 1 consecutive steps, break.
Weighted average ef: 4263.94
Training convergence-bucket 2 [41.1542, 47.9042) with 200 queries.
Average Recall: 0.4473
Initial average recall with ef=100: 0.420769
Average Recall: 0.507
Initial average recall with ef=150: 0.480989
Recall diff is too small for 1 consecutive steps, break.
Weighted average ef: 3953.09
Training convergence-bucket 3 [47.9042, 54.6164) with 200 queries.
Average Recall: 0.528543
Initial average recall with ef=100: 0.526931
Average Recall: 0.58845
Initial average recall with ef=150: 0.574021
Recall diff is too small for 1 consecutive steps, break.
Recall diff is too small for 1 consecutive steps, break.
Recall diff is too small for 1 consecutive steps, break.
Recall diff is too small for 1 consecutive steps, break.
Weighted average ef: 3365.36
Training convergence-bucket 4 [54.6164, 60.4517) with 200 queries.
Average Recall: 0.58635
Initial average recall with ef=100: 0.571292
Average Recall: 0.65325
Initial average recall with ef=150: 0.63809
Recall diff is too small for 1 consecutive steps, break.
Weighted average ef: 2275.25
Training convergence-bucket 5 [60.4517, 64.7876) with 200 queries.
Average Recall: 0.64605
Initial average recall with ef=100: 0.631955
Average Recall: 0.7052
Initial average recall with ef=150: 0.692514
Weighted average ef: 1818.07
Training convergence-bucket 6 [64.7876, 67.8019) with 200 queries.
Average Recall: 0.6925
Initial average recall with ef=100: 0.680164
Average Recall: 0.7474
Initial average recall with ef=150: 0.735956
Weighted average ef: 1489.9
Training convergence-bucket 7 [67.8019, 70.68) with 200 queries.
Average Recall: 0.7436
Initial average recall with ef=100: 0.734011
Average Recall: 0.79615
Initial average recall with ef=150: 0.788242
Recall diff is too small for 1 consecutive steps, break.
Recall diff is too small for 1 consecutive steps, break.
Weighted average ef: 1071.3
Training convergence-bucket 8 [70.68, 73.5559) with 200 queries.
Average Recall: 0.78365
Initial average recall with ef=100: 0.768146
Average Recall: 0.8299
Initial average recall with ef=150: 0.816966
Recall diff is too small for 1 consecutive steps, break.
Recall diff is too small for 1 consecutive steps, break.
Weighted average ef: 999.825
Training convergence-bucket 9 [73.5559, 76.16) with 200 queries.
Average Recall: 0.8078
Initial average recall with ef=100: 0.79548
Average Recall: 0.8517
Initial average recall with ef=150: 0.841073
Recall diff is too small for 1 consecutive steps, break.
Weighted average ef: 693.78
Training convergence-bucket 10 [76.16, 78.5289) with 200 queries.
Average Recall: 0.8484
Initial average recall with ef=100: 0.837542
Average Recall: 0.8853
Initial average recall with ef=150: 0.876257
Recall diff is too small for 1 consecutive steps, break.
Recall diff is too small for 1 consecutive steps, break.
Recall diff is too small for 1 consecutive steps, break.
Weighted average ef: 591.145
Training convergence-bucket 11 [78.5289, 80.6127) with 200 queries.
Average Recall: 0.8841
Initial average recall with ef=100: 0.88508
Average Recall: 0.9159
Initial average recall with ef=150: 0.917884
Recall diff is too small for 1 consecutive steps, break.
Weighted average ef: 358.455
Training convergence-bucket 12 [80.6127, 82.5752) with 200 queries.
Average Recall: 0.92495
Initial average recall with ef=100: 0.922105
Average Recall: 0.9494
Initial average recall with ef=150: 0.947427
Recall diff is too small for 1 consecutive steps, break.
Recall diff is too small for 1 consecutive steps, break.
Weighted average ef: 213.025
Training convergence-bucket 13 [82.5752, 85.0766) with 200 queries.
Average Recall: 0.951
Initial average recall with ef=100: 0.954457
Average Recall: 0.968
Initial average recall with ef=150: 0.971657
Weighted average ef: 146.88
Training convergence-bucket 14 [85.0766, inf) with 200 queries.
Average Recall: 0.96305
Initial average recall with ef=100: 0.967826
Average Recall: 0.977
Initial average recall with ef=150: 0.98087
Weighted average ef: 120.785
Reconstructed True WAE: 1433.11 (Hard Pct: 0.0113)
****Weighted average ef: 1433
Search time: 40063 ms
Search time: 40413 ms
Search time: 40268 ms
Average Recall: 0.97901
5th percentile recall: 0.92
1st percentile recall: 0.88
Median search time: 40268 ms
Search times: 40063 ms, 40268 ms, 40413 ms,
glove-100-angular experiment results:
statisc_length, time, avg_recall, 5th_percentile_recall, 1st_percentile_recall, recall_above_99, recall_above_95, recall_above_90
1025, 40268, 0.97901, 0.92, 0.88, 5982, 8187, 9674
Experiment finished


Visited list size: 32769


Loading samplings from /home/ryawszn/experiments/shiro-ef/sampling/glove-100-angular-samplings--k100-ef.bin
Samplings loaded from /home/ryawszn/experiments/shiro-ef/sampling/glove-100-angular-samplings--k100-ef.bin
Average Recall: 0.925453
Initial average recall with ef=100: 0.925209
Average Recall: 0.92546
Initial average recall with ef=150: 0.925216
Weighted average ef: 2117.39
EF-estimation table computing time: 54627 ms
Training convergence-bucket 0 [58.3546, 65.6787) with 200 queries.
Average Recall: 0.70485
Initial average recall with ef=100: 0.70601
Average Recall: 0.7049
Initial average recall with ef=150: 0.706061
Weighted average ef: 4950
Training convergence-bucket 1 [65.6787, 69.3172) with 200 queries.
Average Recall: 0.76275
Initial average recall with ef=100: 0.764242
Average Recall: 0.76275
Initial average recall with ef=150: 0.764242
Weighted average ef: 4950
Training convergence-bucket 2 [69.3172, 72.7254) with 200 queries.
Average Recall: 0.81975
Initial average recall with ef=100: 0.818454
Average Recall: 0.8198
Initial average recall with ef=150: 0.818505
Weighted average ef: 4850
Training convergence-bucket 3 [72.7254, 76.1891) with 200 queries.
Average Recall: 0.86555
Initial average recall with ef=100: 0.864899
Average Recall: 0.86555
Initial average recall with ef=150: 0.864899
Weighted average ef: 4950
Training convergence-bucket 4 [76.1891, 79.4013) with 200 queries.
Average Recall: 0.8974
Initial average recall with ef=100: 0.895867
Average Recall: 0.8974
Initial average recall with ef=150: 0.895867
Weighted average ef: 4626.06
Training convergence-bucket 5 [79.4013, 82.2255) with 200 queries.
Average Recall: 0.9326
Initial average recall with ef=100: 0.931777
Average Recall: 0.9326
Initial average recall with ef=150: 0.931777
Weighted average ef: 3299.49
Training convergence-bucket 6 [82.2255, 84.9125) with 200 queries.
Average Recall: 0.9537
Initial average recall with ef=100: 0.953316
Average Recall: 0.9537
Initial average recall with ef=150: 0.953316
Recall diff is too small for 1 consecutive steps, break.
Weighted average ef: 1857.42
Training convergence-bucket 7 [84.9125, 87.0715) with 200 queries.
Average Recall: 0.975201
Initial average recall with ef=100: 0.974924
Average Recall: 0.975201
Initial average recall with ef=150: 0.974924
Weighted average ef: 198.06
Training convergence-bucket 8 [87.0715, 88.7217) with 200 queries.
Average Recall: 0.98515
Initial average recall with ef=100: 0.984847
Average Recall: 0.98515
Initial average recall with ef=150: 0.984847
Recall diff is too small for 1 consecutive steps, break.
Weighted average ef: 100
Training convergence-bucket 9 [88.7217, 90.1862) with 200 queries.
Average Recall: 0.9922
Initial average recall with ef=100: 0.991852
Average Recall: 0.9922
Initial average recall with ef=150: 0.991852
Weighted average ef: 94.5
Training convergence-bucket 10 [90.1862, 91.3269) with 200 queries.
Average Recall: 0.99555
Initial average recall with ef=100: 0.995489
Average Recall: 0.99555
Initial average recall with ef=150: 0.995489
Weighted average ef: 92
Training convergence-bucket 11 [91.3269, 92.2355) with 200 queries.
Average Recall: 0.99825
Initial average recall with ef=100: 0.998245
Average Recall: 0.99825
Initial average recall with ef=150: 0.998245
Weighted average ef: 94
Training convergence-bucket 12 [92.2355, 93.0208) with 200 queries.
Average Recall: 0.9993
Initial average recall with ef=100: 0.999222
Average Recall: 0.9993
Initial average recall with ef=150: 0.999222
Weighted average ef: 90
Training convergence-bucket 13 [93.0208, 93.8266) with 200 queries.
Average Recall: 0.9997
Initial average recall with ef=100: 0.999661
Average Recall: 0.9997
Initial average recall with ef=150: 0.999661
Weighted average ef: 88.5
Training convergence-bucket 14 [93.8266, inf) with 200 queries.
Average Recall: 0.9999
Initial average recall with ef=100: 0.999888
Average Recall: 0.9999
Initial average recall with ef=150: 0.999888
Weighted average ef: 89
Reconstructed True WAE: 1758.85 (Hard Pct: 0.0113)
****Weighted average ef: 1758
Search time: 90895 ms
Search time: 86758 ms
Search time: 90236 ms
Average Recall: 0.9823
5th percentile recall: 0.93
1st percentile recall: 0.89
Median search time: 90236 ms
Search times: 86758 ms, 90236 ms, 90895 ms,
glove-100-angular experiment results:
statisc_length, time, avg_recall, 5th_percentile_recall, 1st_percentile_recall, recall_above_99, recall_above_95, recall_above_90
32769, 90236, 0.9823, 0.93, 0.89, 6322, 8659, 9800
Experiment finished
Dataset: word2vec-300-angular
Metric: cd
Truncation ratio: 0.25
Normalize the data vectors
Data vectors dimensions: 1000000 x 300
Query vectors dimensions: 1000 x 300
Neighbors dimensions: 1000 x 100
Using AVX512 Inner Product distance
Index loaded
Dimension of space:300
Data size of space:1200
Samplings loaded


Visited list size: 513


Loading samplings from /home/ryawszn/experiments/shiro-ef/sampling/word2vec-300-angular-samplings--k100-ef.bin
Samplings loaded from /home/ryawszn/experiments/shiro-ef/sampling/word2vec-300-angular-samplings--k100-ef.bin
Average Recall: 0.82687
Initial average recall with ef=100: 0.826736
Average Recall: 0.872959
Initial average recall with ef=150: 0.872965
Recall diff is too small for 1 consecutive steps, break.
Weighted average ef: 508.862
EF-estimation table computing time: 12131 ms
Training convergence-bucket 0 [1.54006, 34.6263) with 200 queries.
Average Recall: 0.6716
Initial average recall with ef=100: 0.641506
Average Recall: 0.7402
Initial average recall with ef=150: 0.716506
Recall diff is too small for 1 consecutive steps, break.
Weighted average ef: 721.07
Training convergence-bucket 1 [34.6263, 40.0517) with 200 queries.
Average Recall: 0.642462
Initial average recall with ef=100: 0.636347
Average Recall: 0.7215
Initial average recall with ef=150: 0.716886
Recall diff is too small for 1 consecutive steps, break.
Recall diff is too small for 1 consecutive steps, break.
Recall diff is too small for 1 consecutive steps, break.
Recall diff is too small for 1 consecutive steps, break.
Recall diff is too small for 1 consecutive steps, break.
Weighted average ef: 713.735
Training convergence-bucket 2 [40.0517, 44.3521) with 200 queries.
Average Recall: 0.6633
Initial average recall with ef=100: 0.652471
Average Recall: 0.73345
Initial average recall with ef=150: 0.726035
Recall diff is too small for 1 consecutive steps, break.
Weighted average ef: 775.415
Training convergence-bucket 3 [44.3521, 48.3465) with 200 queries.
Average Recall: 0.69895
Initial average recall with ef=100: 0.67142
Average Recall: 0.7739
Initial average recall with ef=150: 0.75321
Recall diff is too small for 1 consecutive steps, break.
Recall diff is too small for 1 consecutive steps, break.
Weighted average ef: 594.37
Training convergence-bucket 4 [48.3465, 52.3813) with 200 queries.
Average Recall: 0.7212
Initial average recall with ef=100: 0.711279
Average Recall: 0.78975
Initial average recall with ef=150: 0.784651
Recall diff is too small for 1 consecutive steps, break.
Recall diff is too small for 1 consecutive steps, break.
Recall diff is too small for 1 consecutive steps, break.
Weighted average ef: 586.1
Training convergence-bucket 5 [52.3813, 56.6016) with 200 queries.
Average Recall: 0.77615
Initial average recall with ef=100: 0.760637
Average Recall: 0.82935
Initial average recall with ef=150: 0.817197
Recall diff is too small for 1 consecutive steps, break.
Weighted average ef: 465.34
Training convergence-bucket 6 [56.6016, 60.312) with 200 queries.
Average Recall: 0.8429
Initial average recall with ef=100: 0.840407
Average Recall: 0.8909
Initial average recall with ef=150: 0.890233
Weighted average ef: 321.385
Training convergence-bucket 7 [60.312, 63.8492) with 200 queries.
Average Recall: 0.8813
Initial average recall with ef=100: 0.893464
Average Recall: 0.91915
Initial average recall with ef=150: 0.93
Recall diff is too small for 1 consecutive steps, break.
Weighted average ef: 190.62
Training convergence-bucket 8 [63.8492, 66.6561) with 200 queries.
Average Recall: 0.90145
Initial average recall with ef=100: 0.901404
Average Recall: 0.93665
Initial average recall with ef=150: 0.936783
Weighted average ef: 208.955
Training convergence-bucket 9 [66.6561, 69.0024) with 200 queries.
Average Recall: 0.90945
Initial average recall with ef=100: 0.912978
Average Recall: 0.94135
Initial average recall with ef=150: 0.945449
Weighted average ef: 176.985
Training convergence-bucket 10 [69.0024, 71.3371) with 200 queries.
Average Recall: 0.92205
Initial average recall with ef=100: 0.92046
Average Recall: 0.953351
Initial average recall with ef=150: 0.953161
Recall diff is too small for 1 consecutive steps, break.
Weighted average ef: 152.57
Training convergence-bucket 11 [71.3371, 73.5678) with 200 queries.
Average Recall: 0.93115
Initial average recall with ef=100: 0.934881
Average Recall: 0.960051
Initial average recall with ef=150: 0.963393
Recall diff is too small for 1 consecutive steps, break.
Weighted average ef: 125.715
Training convergence-bucket 12 [73.5678, 75.9436) with 200 queries.
Average Recall: 0.93945
Initial average recall with ef=100: 0.941579
Average Recall: 0.9628
Initial average recall with ef=150: 0.965439
Weighted average ef: 126.895
Training convergence-bucket 13 [75.9436, 78.9593) with 200 queries.
Average Recall: 0.9493
Initial average recall with ef=100: 0.948613
Average Recall: 0.96995
Initial average recall with ef=150: 0.969884
Weighted average ef: 114.95
Training convergence-bucket 14 [78.9593, inf) with 200 queries.
Average Recall: 0.9515
Initial average recall with ef=100: 0.958488
Average Recall: 0.972151
Initial average recall with ef=150: 0.977907
Weighted average ef: 107.49
Reconstructed True WAE: 293.193 (Hard Pct: 0.0224667)
****Weighted average ef: 293
Search time: 1183 ms
Search time: 1182 ms
Search time: 1137 ms
Average Recall: 0.97458
5th percentile recall: 0.88
1st percentile recall: 0.78
Median search time: 1182 ms
Search times: 1137 ms, 1182 ms, 1183 ms,
word2vec-300-angular experiment results:
statisc_length, time, avg_recall, 5th_percentile_recall, 1st_percentile_recall, recall_above_99, recall_above_95, recall_above_90
513, 1182, 0.97458, 0.88, 0.78, 616, 819, 922
Experiment finished


Visited list size: 1025


Loading samplings from /home/ryawszn/experiments/shiro-ef/sampling/word2vec-300-angular-samplings--k100-ef.bin
Samplings loaded from /home/ryawszn/experiments/shiro-ef/sampling/word2vec-300-angular-samplings--k100-ef.bin
Average Recall: 0.82687
Initial average recall with ef=100: 0.827337
Average Recall: 0.872959
Initial average recall with ef=150: 0.873679
Weighted average ef: 489.451
EF-estimation table computing time: 11832 ms
Training convergence-bucket 0 [27.1968, 45.7231) with 200 queries.
Average Recall: 0.596683
Initial average recall with ef=100: 0.594176
Average Recall: 0.67685
Initial average recall with ef=150: 0.678571
Weighted average ef: 861.785
Training convergence-bucket 1 [45.7231, 49.7883) with 200 queries.
Average Recall: 0.589
Initial average recall with ef=100: 0.584278
Average Recall: 0.67535
Initial average recall with ef=150: 0.672139
Recall diff is too small for 1 consecutive steps, break.
Weighted average ef: 894.49
Training convergence-bucket 2 [49.7883, 52.9964) with 200 queries.
Average Recall: 0.63555
Initial average recall with ef=100: 0.633911
Average Recall: 0.71715
Initial average recall with ef=150: 0.715363
Weighted average ef: 771.97
Training convergence-bucket 3 [52.9964, 57.6844) with 200 queries.
Average Recall: 0.6677
Initial average recall with ef=100: 0.660409
Average Recall: 0.74245
Initial average recall with ef=150: 0.738889
Recall diff is too small for 1 consecutive steps, break.
Recall diff is too small for 1 consecutive steps, break.
Weighted average ef: 682.985
Training convergence-bucket 4 [57.6844, 63.7364) with 200 queries.
Average Recall: 0.7836
Initial average recall with ef=100: 0.781509
Average Recall: 0.8398
Initial average recall with ef=150: 0.84
Recall diff is too small for 1 consecutive steps, break.
Recall diff is too small for 1 consecutive steps, break.
Weighted average ef: 478.55
Training convergence-bucket 5 [63.7364, 67.6685) with 200 queries.
Average Recall: 0.81425
Initial average recall with ef=100: 0.815562
Average Recall: 0.8661
Initial average recall with ef=150: 0.867135
Recall diff is too small for 1 consecutive steps, break.
Weighted average ef: 421.99
Training convergence-bucket 6 [67.6685, 70.8449) with 200 queries.
Average Recall: 0.84735
Initial average recall with ef=100: 0.846446
Average Recall: 0.89555
Initial average recall with ef=150: 0.896145
Weighted average ef: 254.72
Training convergence-bucket 7 [70.8449, 73.3636) with 200 queries.
Average Recall: 0.8844
Initial average recall with ef=100: 0.882083
Average Recall: 0.9263
Initial average recall with ef=150: 0.924821
Recall diff is too small for 1 consecutive steps, break.
Weighted average ef: 218.64
Training convergence-bucket 8 [73.3636, 75.4048) with 200 queries.
Average Recall: 0.9173
Initial average recall with ef=100: 0.915629
Average Recall: 0.94725
Initial average recall with ef=150: 0.945928
Weighted average ef: 182.27
Training convergence-bucket 9 [75.4048, 77.2178) with 200 queries.
Average Recall: 0.91695
Initial average recall with ef=100: 0.911627
Average Recall: 0.94955
Initial average recall with ef=150: 0.94741
Weighted average ef: 156.935
Training convergence-bucket 10 [77.2178, 78.8158) with 200 queries.
Average Recall: 0.9374
Initial average recall with ef=100: 0.93815
Average Recall: 0.9652
Initial average recall with ef=150: 0.96659
Weighted average ef: 120.25
Training convergence-bucket 11 [78.8158, 80.2915) with 200 queries.
Average Recall: 0.93845
Initial average recall with ef=100: 0.940739
Average Recall: 0.96425
Initial average recall with ef=150: 0.966875
Weighted average ef: 128.765
Training convergence-bucket 12 [80.2915, 81.9963) with 200 queries.
Average Recall: 0.9533
Initial average recall with ef=100: 0.951905
Average Recall: 0.9734
Initial average recall with ef=150: 0.973095
Weighted average ef: 107
Training convergence-bucket 13 [81.9963, 84.1359) with 200 queries.
Average Recall: 0.9532
Initial average recall with ef=100: 0.956494
Average Recall: 0.97205
Initial average recall with ef=150: 0.97523
Weighted average ef: 112.58
Training convergence-bucket 14 [84.1359, inf) with 200 queries.
Average Recall: 0.96685
Initial average recall with ef=100: 0.969709
Average Recall: 0.98325
Initial average recall with ef=150: 0.98593
Weighted average ef: 90.5
Reconstructed True WAE: 281.753 (Hard Pct: 0.0224667)
****Weighted average ef: 281
Search time: 1160 ms
Search time: 1173 ms
Search time: 1159 ms
Average Recall: 0.97325
5th percentile recall: 0.88
1st percentile recall: 0.79
Median search time: 1160 ms
Search times: 1159 ms, 1160 ms, 1173 ms,
word2vec-300-angular experiment results:
statisc_length, time, avg_recall, 5th_percentile_recall, 1st_percentile_recall, recall_above_99, recall_above_95, recall_above_90
1025, 1160, 0.97325, 0.88, 0.79, 592, 805, 923
Experiment finished


Visited list size: 32769


Loading samplings from /home/ryawszn/experiments/shiro-ef/sampling/word2vec-300-angular-samplings--k100-ef.bin
Samplings loaded from /home/ryawszn/experiments/shiro-ef/sampling/word2vec-300-angular-samplings--k100-ef.bin
Average Recall: 0.980979
Initial average recall with ef=100: 0.981134
Average Recall: 0.980979
Initial average recall with ef=150: 0.981134
Recall diff is too small for 1 consecutive steps, break.
Recall diff is too small for 1 consecutive steps, break.
Recall diff is too small for 1 consecutive steps, break.
Recall diff is too small for 1 consecutive steps, break.
Recall diff is too small for 1 consecutive steps, break.
Recall diff is too small for 1 consecutive steps, break.
Recall diff is too small for 1 consecutive steps, break.
Recall diff is too small for 1 consecutive steps, break.
Recall diff is too small for 1 consecutive steps, break.
Weighted average ef: 102.767
EF-estimation table computing time: 49134 ms
Training convergence-bucket 0 [57.218, 80.7515) with 200 queries.
Average Recall: 0.8712
Initial average recall with ef=100: 0.873418
Average Recall: 0.8712
Initial average recall with ef=150: 0.873418
Recall diff is too small for 1 consecutive steps, break.
Recall diff is too small for 1 consecutive steps, break.
Recall diff is too small for 1 consecutive steps, break.
Recall diff is too small for 1 consecutive steps, break.
Recall diff is too small for 1 consecutive steps, break.
Recall diff is too small for 1 consecutive steps, break.
Recall diff is too small for 1 consecutive steps, break.
Recall diff is too small for 1 consecutive steps, break.
Recall diff is too small for 1 consecutive steps, break.
Recall diff is too small for 1 consecutive steps, break.
Recall diff is too small for 1 consecutive steps, break.
Recall diff is too small for 1 consecutive steps, break.
Recall diff is too small for 1 consecutive steps, break.
Recall diff is too small for 1 consecutive steps, break.
Weighted average ef: 147
Training convergence-bucket 1 [80.7515, 84.0574) with 200 queries.
Average Recall: 0.9566
Initial average recall with ef=100: 0.957577
Average Recall: 0.9566
Initial average recall with ef=150: 0.957577
Recall diff is too small for 1 consecutive steps, break.
Recall diff is too small for 1 consecutive steps, break.
Recall diff is too small for 1 consecutive steps, break.
Recall diff is too small for 1 consecutive steps, break.
Recall diff is too small for 1 consecutive steps, break.
Recall diff is too small for 1 consecutive steps, break.
Weighted average ef: 106.12
Training convergence-bucket 2 [84.0574, 86.1235) with 200 queries.
Average Recall: 0.968151
Initial average recall with ef=100: 0.968601
Average Recall: 0.968151
Initial average recall with ef=150: 0.968601
Recall diff is too small for 1 consecutive steps, break.
Recall diff is too small for 1 consecutive steps, break.
Recall diff is too small for 1 consecutive steps, break.
Weighted average ef: 99.5
Training convergence-bucket 3 [86.1235, 87.5173) with 200 queries.
Average Recall: 0.97905
Initial average recall with ef=100: 0.981789
Average Recall: 0.97905
Initial average recall with ef=150: 0.981789
Recall diff is too small for 1 consecutive steps, break.
Recall diff is too small for 1 consecutive steps, break.
Weighted average ef: 96.75
Training convergence-bucket 4 [87.5173, 88.9208) with 200 queries.
Average Recall: 0.9815
Initial average recall with ef=100: 0.983587
Average Recall: 0.9815
Initial average recall with ef=150: 0.983587
Recall diff is too small for 1 consecutive steps, break.
Recall diff is too small for 1 consecutive steps, break.
Weighted average ef: 95.07
Training convergence-bucket 5 [88.9208, 89.9859) with 200 queries.
Average Recall: 0.989501
Initial average recall with ef=100: 0.990947
Average Recall: 0.989501
Initial average recall with ef=150: 0.990947
Recall diff is too small for 1 consecutive steps, break.
Weighted average ef: 85.25
Training convergence-bucket 6 [89.9859, 90.8583) with 200 queries.
Average Recall: 0.99065
Initial average recall with ef=100: 0.993572
Average Recall: 0.99065
Initial average recall with ef=150: 0.993572
Weighted average ef: 84
Training convergence-bucket 7 [90.8583, 91.6076) with 200 queries.
Average Recall: 0.9945
Initial average recall with ef=100: 0.996509
Average Recall: 0.9945
Initial average recall with ef=150: 0.996509
Weighted average ef: 84.5
Training convergence-bucket 8 [91.6076, 92.2227) with 200 queries.
Average Recall: 0.9953
Initial average recall with ef=100: 0.995763
Average Recall: 0.9953
Initial average recall with ef=150: 0.995763
Recall diff is too small for 1 consecutive steps, break.
Weighted average ef: 89.25
Training convergence-bucket 9 [92.2227, 92.7694) with 200 queries.
Average Recall: 0.99595
Initial average recall with ef=100: 0.997118
Average Recall: 0.99595
Initial average recall with ef=150: 0.997118
Weighted average ef: 85
Training convergence-bucket 10 [92.7694, 93.2648) with 200 queries.
Average Recall: 0.9975
Initial average recall with ef=100: 0.999217
Average Recall: 0.9975
Initial average recall with ef=150: 0.999217
Weighted average ef: 83
Training convergence-bucket 11 [93.2648, 93.6777) with 200 queries.
Average Recall: 0.9988
Initial average recall with ef=100: 0.999231
Average Recall: 0.9988
Initial average recall with ef=150: 0.999231
Weighted average ef: 84.5
Training convergence-bucket 12 [93.6777, 94.1089) with 200 queries.
Average Recall: 0.9986
Initial average recall with ef=100: 0.999107
Average Recall: 0.9986
Initial average recall with ef=150: 0.999107
Weighted average ef: 84
Training convergence-bucket 13 [94.1089, 94.6504) with 200 queries.
Average Recall: 0.99885
Initial average recall with ef=100: 0.999769
Average Recall: 0.99885
Initial average recall with ef=150: 0.999769
Weighted average ef: 86.5
Training convergence-bucket 14 [94.6504, inf) with 200 queries.
Average Recall: 0.9986
Initial average recall with ef=100: 0.998611
Average Recall: 0.9986
Initial average recall with ef=150: 0.998611
Weighted average ef: 90
Reconstructed True WAE: 101.876 (Hard Pct: 0.0224667)
****Weighted average ef: 101
Search time: 7773 ms
Search time: 10501 ms
Search time: 7383 ms
Average Recall: 0.98943
5th percentile recall: 0.94
1st percentile recall: 0.87
Median search time: 7773 ms
Search times: 7383 ms, 7773 ms, 10501 ms,
word2vec-300-angular experiment results:
statisc_length, time, avg_recall, 5th_percentile_recall, 1st_percentile_recall, recall_above_99, recall_above_95, recall_above_90
32769, 7773, 0.98943, 0.94, 0.87, 816, 923, 977
Experiment finished
Dataset: sift10m-128-euclidean
Metric: l2
Truncation ratio: 0.25
Data vectors dimensions: 10000000 x 128
Query vectors dimensions: 1000 x 128
Neighbors dimensions: 1000 x 100
Index loaded
Dimension of space:128
Data size of space:512
Samplings loaded


Visited list size: 513


Loading samplings from /home/ryawszn/experiments/shiro-ef/sampling/sift10m-128-euclidean-samplings--k100-ef.bin
Samplings loaded from /home/ryawszn/experiments/shiro-ef/sampling/sift10m-128-euclidean-samplings--k100-ef.bin
Average Recall: 0.863835
Initial average recall with ef=100: 0.864014
Average Recall: 0.908467
Initial average recall with ef=150: 0.90853
Recall diff is too small for 1 consecutive steps, break.
Recall diff is too small for 1 consecutive steps, break.
Recall diff is too small for 1 consecutive steps, break.
Recall diff is too small for 1 consecutive steps, break.
Recall diff is too small for 1 consecutive steps, break.
Recall diff is too small for 1 consecutive steps, break.
Recall diff is too small for 1 consecutive steps, break.
Recall diff is too small for 1 consecutive steps, break.
Weighted average ef: 279.375
EF-estimation table computing time: 11505 ms
Training convergence-bucket 0 [9.40808, 44.8856) with 200 queries.
Average Recall: 0.69075
Initial average recall with ef=100: 0.682186
Average Recall: 0.76355
Initial average recall with ef=150: 0.755902
Weighted average ef: 627.265
Training convergence-bucket 1 [44.8856, 54.1174) with 200 queries.
Average Recall: 0.717839
Initial average recall with ef=100: 0.713115
Average Recall: 0.79005
Initial average recall with ef=150: 0.785355
Recall diff is too small for 1 consecutive steps, break.
Recall diff is too small for 1 consecutive steps, break.
Recall diff is too small for 1 consecutive steps, break.
Weighted average ef: 495.14
Training convergence-bucket 2 [54.1174, 60.1767) with 200 queries.
Average Recall: 0.75815
Initial average recall with ef=100: 0.750112
Average Recall: 0.8254
Initial average recall with ef=150: 0.819888
Weighted average ef: 435.57
Training convergence-bucket 3 [60.1767, 64.4929) with 200 queries.
Average Recall: 0.80495
Initial average recall with ef=100: 0.802543
Average Recall: 0.86375
Initial average recall with ef=150: 0.863353
Weighted average ef: 321.95
Training convergence-bucket 4 [64.4929, 67.3641) with 200 queries.
Average Recall: 0.838
Initial average recall with ef=100: 0.841044
Average Recall: 0.8921
Initial average recall with ef=150: 0.89544
Weighted average ef: 262.575
Training convergence-bucket 5 [67.3641, 69.6409) with 200 queries.
Average Recall: 0.85395
Initial average recall with ef=100: 0.855238
Average Recall: 0.9072
Initial average recall with ef=150: 0.908571
Weighted average ef: 249.775
Training convergence-bucket 6 [69.6409, 71.5617) with 200 queries.
Average Recall: 0.8817
Initial average recall with ef=100: 0.888681
Average Recall: 0.9251
Initial average recall with ef=150: 0.932143
Weighted average ef: 197.67
Training convergence-bucket 7 [71.5617, 73.0035) with 200 queries.
Average Recall: 0.8868
Initial average recall with ef=100: 0.890382
Average Recall: 0.93165
Initial average recall with ef=150: 0.935027
Weighted average ef: 195.97
Training convergence-bucket 8 [73.0035, 74.5385) with 200 queries.
Average Recall: 0.8991
Initial average recall with ef=100: 0.903684
Average Recall: 0.9382
Initial average recall with ef=150: 0.941895
Weighted average ef: 176.43
Training convergence-bucket 9 [74.5385, 75.9285) with 200 queries.
Average Recall: 0.9117
Initial average recall with ef=100: 0.914712
Average Recall: 0.94715
Initial average recall with ef=150: 0.949686
Weighted average ef: 171.85
Training convergence-bucket 10 [75.9285, 77.2326) with 200 queries.
Average Recall: 0.9272
Initial average recall with ef=100: 0.928586
Average Recall: 0.9582
Initial average recall with ef=150: 0.95911
Weighted average ef: 154.835
Training convergence-bucket 11 [77.2326, 78.6593) with 200 queries.
Average Recall: 0.91785
Initial average recall with ef=100: 0.920628
Average Recall: 0.9505
Initial average recall with ef=150: 0.952199
Weighted average ef: 159.9
Training convergence-bucket 12 [78.6593, 80.5731) with 200 queries.
Average Recall: 0.9506
Initial average recall with ef=100: 0.959563
Average Recall: 0.97435
Initial average recall with ef=150: 0.981312
Weighted average ef: 108.75
Training convergence-bucket 13 [80.5731, 82.7909) with 200 queries.
Average Recall: 0.9496
Initial average recall with ef=100: 0.954599
Average Recall: 0.9743
Initial average recall with ef=150: 0.977433
Weighted average ef: 120.86
Training convergence-bucket 14 [82.7909, inf) with 200 queries.
Average Recall: 0.9687
Initial average recall with ef=100: 0.975629
Average Recall: 0.98505
Initial average recall with ef=150: 0.98929
Weighted average ef: 101.25
Reconstructed True WAE: 210.752 (Hard Pct: 0.0179333)
****Weighted average ef: 210
Search time: 945 ms
Search time: 946 ms
Search time: 936 ms
Average Recall: 0.98303
5th percentile recall: 0.94
1st percentile recall: 0.91
Median search time: 945 ms
Search times: 936 ms, 945 ms, 946 ms,
sift10m-128-euclidean experiment results:
statisc_length, time, avg_recall, 5th_percentile_recall, 1st_percentile_recall, recall_above_99, recall_above_95, recall_above_90
513, 945, 0.98303, 0.94, 0.91, 606, 900, 990
Experiment finished


Visited list size: 1025


Loading samplings from /home/ryawszn/experiments/shiro-ef/sampling/sift10m-128-euclidean-samplings--k100-ef.bin
Samplings loaded from /home/ryawszn/experiments/shiro-ef/sampling/sift10m-128-euclidean-samplings--k100-ef.bin
Average Recall: 0.863852
Initial average recall with ef=100: 0.864023
Average Recall: 0.90847
Initial average recall with ef=150: 0.908767
Recall diff is too small for 1 consecutive steps, break.
Recall diff is too small for 1 consecutive steps, break.
Recall diff is too small for 1 consecutive steps, break.
Recall diff is too small for 1 consecutive steps, break.
Recall diff is too small for 1 consecutive steps, break.
Recall diff is too small for 1 consecutive steps, break.
Weighted average ef: 290.632
EF-estimation table computing time: 8420 ms
Training convergence-bucket 0 [24.0095, 59.9541) with 200 queries.
Average Recall: 0.6725
Initial average recall with ef=100: 0.668587
Average Recall: 0.75045
Initial average recall with ef=150: 0.74712
Weighted average ef: 672.26
Training convergence-bucket 1 [59.9541, 63.7222) with 200 queries.
Average Recall: 0.70206
Initial average recall with ef=100: 0.700281
Average Recall: 0.775578
Initial average recall with ef=150: 0.772135
Recall diff is too small for 1 consecutive steps, break.
Recall diff is too small for 1 consecutive steps, break.
Recall diff is too small for 1 consecutive steps, break.
Weighted average ef: 558.665
Training convergence-bucket 2 [63.7222, 66.3925) with 200 queries.
Average Recall: 0.72515
Initial average recall with ef=100: 0.718162
Average Recall: 0.7964
Initial average recall with ef=150: 0.790811
Weighted average ef: 528.74
Training convergence-bucket 3 [66.3925, 70.6342) with 200 queries.
Average Recall: 0.81005
Initial average recall with ef=100: 0.808054
Average Recall: 0.8724
Initial average recall with ef=150: 0.871027
Weighted average ef: 328.34
Training convergence-bucket 4 [70.6342, 73.1632) with 200 queries.
Average Recall: 0.8419
Initial average recall with ef=100: 0.830604
Average Recall: 0.8969
Initial average recall with ef=150: 0.888297
Weighted average ef: 290.57
Training convergence-bucket 5 [73.1632, 74.892) with 200 queries.
Average Recall: 0.8534
Initial average recall with ef=100: 0.847297
Average Recall: 0.90575
Initial average recall with ef=150: 0.901568
Weighted average ef: 247.04
Training convergence-bucket 6 [74.892, 76.3465) with 200 queries.
Average Recall: 0.8705
Initial average recall with ef=100: 0.863681
Average Recall: 0.9157
Initial average recall with ef=150: 0.910659
Weighted average ef: 229.465
Training convergence-bucket 7 [76.3465, 77.6201) with 200 queries.
Average Recall: 0.8906
Initial average recall with ef=100: 0.887225
Average Recall: 0.93385
Initial average recall with ef=150: 0.931309
Weighted average ef: 212.205
Training convergence-bucket 8 [77.6201, 78.7974) with 200 queries.
Average Recall: 0.891
Initial average recall with ef=100: 0.889844
Average Recall: 0.93515
Initial average recall with ef=150: 0.934375
Weighted average ef: 197.505
Training convergence-bucket 9 [78.7974, 80.075) with 200 queries.
Average Recall: 0.912
Initial average recall with ef=100: 0.911937
Average Recall: 0.94935
Initial average recall with ef=150: 0.949738
Weighted average ef: 169.15
Training convergence-bucket 10 [80.075, 81.3111) with 200 queries.
Average Recall: 0.9264
Initial average recall with ef=100: 0.92508
Average Recall: 0.96115
Initial average recall with ef=150: 0.960642
Weighted average ef: 145.445
Training convergence-bucket 11 [81.3111, 82.664) with 200 queries.
Average Recall: 0.94425
Initial average recall with ef=100: 0.946114
Average Recall: 0.97175
Initial average recall with ef=150: 0.972953
Weighted average ef: 131
Training convergence-bucket 12 [82.664, 84.0383) with 200 queries.
Average Recall: 0.95975
Initial average recall with ef=100: 0.962474
Average Recall: 0.9794
Initial average recall with ef=150: 0.981316
Weighted average ef: 112.5
Training convergence-bucket 13 [84.0383, 85.8152) with 200 queries.
Average Recall: 0.9725
Initial average recall with ef=100: 0.974301
Average Recall: 0.98775
Initial average recall with ef=150: 0.989275
Weighted average ef: 104.945
Training convergence-bucket 14 [85.8152, inf) with 200 queries.
Average Recall: 0.985
Initial average recall with ef=100: 0.987778
Average Recall: 0.99495
Initial average recall with ef=150: 0.996278
Weighted average ef: 90.75
Reconstructed True WAE: 212.137 (Hard Pct: 0.0179333)
****Weighted average ef: 212
Search time: 1029 ms
Search time: 1014 ms
Search time: 1018 ms
Average Recall: 0.98441
5th percentile recall: 0.95
1st percentile recall: 0.91
Median search time: 1018 ms
Search times: 1014 ms, 1018 ms, 1029 ms,
sift10m-128-euclidean experiment results:
statisc_length, time, avg_recall, 5th_percentile_recall, 1st_percentile_recall, recall_above_99, recall_above_95, recall_above_90
1025, 1018, 0.98441, 0.95, 0.91, 623, 917, 995
Experiment finished


Visited list size: 32769


Loading samplings from /home/ryawszn/experiments/shiro-ef/sampling/sift10m-128-euclidean-samplings--k100-ef.bin
Samplings loaded from /home/ryawszn/experiments/shiro-ef/sampling/sift10m-128-euclidean-samplings--k100-ef.bin
Average Recall: 0.996076
Initial average recall with ef=100: 0.996095
Average Recall: 0.996076
Initial average recall with ef=150: 0.996095
Recall diff is too small for 1 consecutive steps, break.
Weighted average ef: 100.067
EF-estimation table computing time: 47197 ms
Training convergence-bucket 0 [72.1832, 80.4993) with 200 queries.
Average Recall: 0.972951
Initial average recall with ef=100: 0.972944
Average Recall: 0.972951
Initial average recall with ef=150: 0.972944
Recall diff is too small for 1 consecutive steps, break.
Recall diff is too small for 1 consecutive steps, break.
Recall diff is too small for 1 consecutive steps, break.
Weighted average ef: 102.25
Training convergence-bucket 1 [80.4993, 82.8351) with 200 queries.
Average Recall: 0.985451
Initial average recall with ef=100: 0.985714
Average Recall: 0.985451
Initial average recall with ef=150: 0.985714
Weighted average ef: 98
Training convergence-bucket 2 [82.8351, 84.6921) with 200 queries.
Average Recall: 0.99365
Initial average recall with ef=100: 0.993586
Average Recall: 0.99365
Initial average recall with ef=150: 0.993586
Weighted average ef: 99
Training convergence-bucket 3 [84.6921, 86.3579) with 200 queries.
Average Recall: 0.99485
Initial average recall with ef=100: 0.994798
Average Recall: 0.99485
Initial average recall with ef=150: 0.994798
Weighted average ef: 99
Training convergence-bucket 4 [86.3579, 87.7659) with 200 queries.
Average Recall: 0.9974
Initial average recall with ef=100: 0.99732
Average Recall: 0.9974
Initial average recall with ef=150: 0.99732
Weighted average ef: 97
Training convergence-bucket 5 [87.7659, 88.8644) with 200 queries.
Average Recall: 0.9984
Initial average recall with ef=100: 0.998542
Average Recall: 0.9984
Initial average recall with ef=150: 0.998542
Weighted average ef: 96
Training convergence-bucket 6 [88.8644, 89.7486) with 200 queries.
Average Recall: 0.9994
Initial average recall with ef=100: 0.999384
Average Recall: 0.9994
Initial average recall with ef=150: 0.999384
Weighted average ef: 97.5
Training convergence-bucket 7 [89.7486, 90.5186) with 200 queries.
Average Recall: 0.9997
Initial average recall with ef=100: 0.999687
Average Recall: 0.9997
Initial average recall with ef=150: 0.999687
Weighted average ef: 96
Training convergence-bucket 8 [90.5186, 91.2054) with 200 queries.
Average Recall: 0.9998
Initial average recall with ef=100: 0.999843
Average Recall: 0.9998
Initial average recall with ef=150: 0.999843
Weighted average ef: 95.5
Training convergence-bucket 9 [91.2054, 91.845) with 200 queries.
Average Recall: 0.9999
Initial average recall with ef=100: 0.999896
Average Recall: 0.9999
Initial average recall with ef=150: 0.999896
Weighted average ef: 96
Training convergence-bucket 10 [91.845, 92.5318) with 200 queries.
Average Recall: 1
Initial average recall with ef=100: 1
Average Recall: 1
Initial average recall with ef=150: 1
Weighted average ef: 96.5
Training convergence-bucket 11 [92.5318, 93.0265) with 200 queries.
Average Recall: 0.99995
Initial average recall with ef=100: 0.999945
Average Recall: 0.99995
Initial average recall with ef=150: 0.999945
Weighted average ef: 91.5
Training convergence-bucket 12 [93.0265, 93.4833) with 200 queries.
Average Recall: 0.9999
Initial average recall with ef=100: 0.999945
Average Recall: 0.9999
Initial average recall with ef=150: 0.999945
Weighted average ef: 91.5
Training convergence-bucket 13 [93.4833, 93.9656) with 200 queries.
Average Recall: 1
Initial average recall with ef=100: 1
Average Recall: 1
Initial average recall with ef=150: 1
Weighted average ef: 94.5
Training convergence-bucket 14 [93.9656, inf) with 200 queries.
Average Recall: 0.9998
Initial average recall with ef=100: 0.999788
Average Recall: 0.9998
Initial average recall with ef=150: 0.999788
Weighted average ef: 94.5
Reconstructed True WAE: 100.038 (Hard Pct: 0.0179333)
****Weighted average ef: 100
Search time: 7075 ms
Search time: 7095 ms
Search time: 7090 ms
Average Recall: 0.99783
5th percentile recall: 0.99
1st percentile recall: 0.97
Median search time: 7090 ms
Search times: 7075 ms, 7090 ms, 7095 ms,
sift10m-128-euclidean experiment results:
statisc_length, time, avg_recall, 5th_percentile_recall, 1st_percentile_recall, recall_above_99, recall_above_95, recall_above_90
32769, 7090, 0.99783, 0.99, 0.97, 952, 998, 1000
Experiment finished
Dataset: gist-960-euclidean
Metric: l2
Truncation ratio: 0.25
Data vectors dimensions: 1000000 x 960
Query vectors dimensions: 1000 x 960
Neighbors dimensions: 1000 x 100
Index loaded
Dimension of space:960
Data size of space:3840
Samplings loaded


Visited list size: 513


Loading samplings from /home/ryawszn/experiments/shiro-ef/sampling/gist-960-euclidean-samplings--k100-ef.bin
Samplings loaded from /home/ryawszn/experiments/shiro-ef/sampling/gist-960-euclidean-samplings--k100-ef.bin
Average Recall: 0.726683
Initial average recall with ef=100: 0.726347
Average Recall: 0.799845
Initial average recall with ef=150: 0.799722
Recall diff is too small for 1 consecutive steps, break.
Weighted average ef: 621.622
EF-estimation table computing time: 54531 ms
Training convergence-bucket 0 [14.7449, 33.4855) with 200 queries.
Average Recall: 0.56715
Initial average recall with ef=100: 0.558925
Average Recall: 0.65845
Initial average recall with ef=150: 0.65043
Recall diff is too small for 1 consecutive steps, break.
Weighted average ef: 1125.19
Training convergence-bucket 1 [33.4855, 37.7453) with 200 queries.
Average Recall: 0.593
Initial average recall with ef=100: 0.579071
Average Recall: 0.68475
Initial average recall with ef=150: 0.673169
Recall diff is too small for 1 consecutive steps, break.
Weighted average ef: 1096.48
Training convergence-bucket 2 [37.7453, 40.9519) with 200 queries.
Average Recall: 0.6233
Initial average recall with ef=100: 0.618995
Average Recall: 0.70685
Initial average recall with ef=150: 0.703122
Weighted average ef: 926.925
Training convergence-bucket 3 [40.9519, 43.8286) with 200 queries.
Average Recall: 0.63175
Initial average recall with ef=100: 0.62619
Average Recall: 0.7238
Initial average recall with ef=150: 0.719418
Recall diff is too small for 1 consecutive steps, break.
Weighted average ef: 849.24
Training convergence-bucket 4 [43.8286, 46.6368) with 200 queries.
Average Recall: 0.6363
Initial average recall with ef=100: 0.62984
Average Recall: 0.7234
Initial average recall with ef=150: 0.718298
Weighted average ef: 776.72
Training convergence-bucket 5 [46.6368, 49.2458) with 200 queries.
Average Recall: 0.65115
Initial average recall with ef=100: 0.644888
Average Recall: 0.7369
Initial average recall with ef=150: 0.733202
Weighted average ef: 678.35
Training convergence-bucket 6 [49.2458, 51.7881) with 200 queries.
Average Recall: 0.68265
Initial average recall with ef=100: 0.669945
Average Recall: 0.76755
Initial average recall with ef=150: 0.757127
Recall diff is too small for 1 consecutive steps, break.
Weighted average ef: 645.905
Training convergence-bucket 7 [51.7881, 54.5639) with 200 queries.
Average Recall: 0.71195
Initial average recall with ef=100: 0.710423
Average Recall: 0.79225
Initial average recall with ef=150: 0.790212
Recall diff is too small for 1 consecutive steps, break.
Recall diff is too small for 1 consecutive steps, break.
Recall diff is too small for 1 consecutive steps, break.
Weighted average ef: 548.715
Training convergence-bucket 8 [54.5639, 57.1622) with 200 queries.
Average Recall: 0.73855
Initial average recall with ef=100: 0.744511
Average Recall: 0.8148
Initial average recall with ef=150: 0.819022
Recall diff is too small for 1 consecutive steps, break.
Recall diff is too small for 1 consecutive steps, break.
Weighted average ef: 482.76
Training convergence-bucket 9 [57.1622, 59.7536) with 200 queries.
Average Recall: 0.7752
Initial average recall with ef=100: 0.770925
Average Recall: 0.8467
Initial average recall with ef=150: 0.843353
Weighted average ef: 386.925
Training convergence-bucket 10 [59.7536, 63.1172) with 200 queries.
Average Recall: 0.79005
Initial average recall with ef=100: 0.786989
Average Recall: 0.85455
Initial average recall with ef=150: 0.852386
Recall diff is too small for 1 consecutive steps, break.
Recall diff is too small for 1 consecutive steps, break.
Weighted average ef: 346.45
Training convergence-bucket 11 [63.1172, 66.7178) with 200 queries.
Average Recall: 0.82525
Initial average recall with ef=100: 0.821896
Average Recall: 0.8863
Initial average recall with ef=150: 0.884598
Recall diff is too small for 1 consecutive steps, break.
Weighted average ef: 278.935
Training convergence-bucket 12 [66.7178, 70.4891) with 200 queries.
Average Recall: 0.8457
Initial average recall with ef=100: 0.843164
Average Recall: 0.9025
Initial average recall with ef=150: 0.901525
Weighted average ef: 244.375
Training convergence-bucket 13 [70.4891, 75.3605) with 200 queries.
Average Recall: 0.8839
Initial average recall with ef=100: 0.879659
Average Recall: 0.92895
Initial average recall with ef=150: 0.926648
Weighted average ef: 195.835
Training convergence-bucket 14 [75.3605, inf) with 200 queries.
Average Recall: 0.94435
Initial average recall with ef=100: 0.949167
Average Recall: 0.96995
Initial average recall with ef=150: 0.972889
Weighted average ef: 120
Reconstructed True WAE: 528.563 (Hard Pct: 0.0112667)
****Weighted average ef: 528
Search time: 5092 ms
Search time: 3905 ms
Search time: 5151 ms
Average Recall: 0.96934
5th percentile recall: 0.9
1st percentile recall: 0.86
Median search time: 5092 ms
Search times: 3905 ms, 5092 ms, 5151 ms,
gist-960-euclidean experiment results:
statisc_length, time, avg_recall, 5th_percentile_recall, 1st_percentile_recall, recall_above_99, recall_above_95, recall_above_90
513, 5092, 0.96934, 0.9, 0.86, 401, 741, 948
Experiment finished


Visited list size: 1025


Loading samplings from /home/ryawszn/experiments/shiro-ef/sampling/gist-960-euclidean-samplings--k100-ef.bin
Samplings loaded from /home/ryawszn/experiments/shiro-ef/sampling/gist-960-euclidean-samplings--k100-ef.bin
Average Recall: 0.726699
Initial average recall with ef=100: 0.726185
Average Recall: 0.799845
Initial average recall with ef=150: 0.799488
Recall diff is too small for 1 consecutive steps, break.
Recall diff is too small for 1 consecutive steps, break.
Recall diff is too small for 1 consecutive steps, break.
Weighted average ef: 626.525
EF-estimation table computing time: 64675 ms
Training convergence-bucket 0 [28.7009, 42.8608) with 200 queries.
Average Recall: 0.5159
Initial average recall with ef=100: 0.510973
Average Recall: 0.61185
Initial average recall with ef=150: 0.607027
Recall diff is too small for 1 consecutive steps, break.
Weighted average ef: 1309.01
Training convergence-bucket 1 [42.8608, 45.576) with 200 queries.
Average Recall: 0.5311
Initial average recall with ef=100: 0.524011
Average Recall: 0.63075
Initial average recall with ef=150: 0.623957
Recall diff is too small for 1 consecutive steps, break.
Weighted average ef: 1331.5
Training convergence-bucket 2 [45.576, 49.8022) with 200 queries.
Average Recall: 0.59085
Initial average recall with ef=100: 0.589895
Average Recall: 0.68235
Initial average recall with ef=150: 0.681421
Weighted average ef: 999.82
Training convergence-bucket 3 [49.8022, 52.7024) with 200 queries.
Average Recall: 0.6191
Initial average recall with ef=100: 0.617732
Average Recall: 0.70875
Initial average recall with ef=150: 0.707062
Recall diff is too small for 1 consecutive steps, break.
Weighted average ef: 826.31
Training convergence-bucket 4 [52.7024, 55.2719) with 200 queries.
Average Recall: 0.65065
Initial average recall with ef=100: 0.652246
Average Recall: 0.7383
Initial average recall with ef=150: 0.740428
Recall diff is too small for 1 consecutive steps, break.
Weighted average ef: 674.305
Training convergence-bucket 5 [55.2719, 57.2765) with 200 queries.
Average Recall: 0.6797
Initial average recall with ef=100: 0.681436
Average Recall: 0.7657
Initial average recall with ef=150: 0.767128
Recall diff is too small for 1 consecutive steps, break.
Recall diff is too small for 1 consecutive steps, break.
Weighted average ef: 614.045
Training convergence-bucket 6 [57.2765, 59.3567) with 200 queries.
Average Recall: 0.69615
Initial average recall with ef=100: 0.697789
Average Recall: 0.7801
Initial average recall with ef=150: 0.781421
Recall diff is too small for 1 consecutive steps, break.
Recall diff is too small for 1 consecutive steps, break.
Weighted average ef: 580.865
Training convergence-bucket 7 [59.3567, 61.6385) with 200 queries.
Average Recall: 0.71465
Initial average recall with ef=100: 0.713764
Average Recall: 0.79525
Initial average recall with ef=150: 0.795056
Weighted average ef: 497.415
Training convergence-bucket 8 [61.6385, 63.9689) with 200 queries.
Average Recall: 0.7431
Initial average recall with ef=100: 0.745193
Average Recall: 0.81905
Initial average recall with ef=150: 0.82105
Weighted average ef: 435.95
Training convergence-bucket 9 [63.9689, 66.3894) with 200 queries.
Average Recall: 0.7766
Initial average recall with ef=100: 0.777513
Average Recall: 0.84665
Initial average recall with ef=150: 0.847037
Weighted average ef: 401.31
Training convergence-bucket 10 [66.3894, 69.1965) with 200 queries.
Average Recall: 0.81635
Initial average recall with ef=100: 0.811956
Average Recall: 0.8794
Initial average recall with ef=150: 0.876033
Recall diff is too small for 1 consecutive steps, break.
Weighted average ef: 315.11
Training convergence-bucket 11 [69.1965, 71.7487) with 200 queries.
Average Recall: 0.84015
Initial average recall with ef=100: 0.841202
Average Recall: 0.8993
Initial average recall with ef=150: 0.900437
Weighted average ef: 255.19
Training convergence-bucket 12 [71.7487, 75.2071) with 200 queries.
Average Recall: 0.8615
Initial average recall with ef=100: 0.861436
Average Recall: 0.91615
Initial average recall with ef=150: 0.916064
Weighted average ef: 219.685
Training convergence-bucket 13 [75.2071, 79.893) with 200 queries.
Average Recall: 0.9039
Initial average recall with ef=100: 0.903533
Average Recall: 0.94365
Initial average recall with ef=150: 0.94375
Weighted average ef: 174.635
Training convergence-bucket 14 [79.893, inf) with 200 queries.
Average Recall: 0.9608
Initial average recall with ef=100: 0.964551
Average Recall: 0.98045
Initial average recall with ef=150: 0.982921
Weighted average ef: 102.165
Reconstructed True WAE: 520.907 (Hard Pct: 0.0112667)
****Weighted average ef: 520
Search time: 6234 ms
Search time: 11120 ms
Search time: 5376 ms
Average Recall: 0.97067
5th percentile recall: 0.91
1st percentile recall: 0.87
Median search time: 6234 ms
Search times: 5376 ms, 6234 ms, 11120 ms,
gist-960-euclidean experiment results:
statisc_length, time, avg_recall, 5th_percentile_recall, 1st_percentile_recall, recall_above_99, recall_above_95, recall_above_90
1025, 6234, 0.97067, 0.91, 0.87, 400, 765, 961
Experiment finished


Visited list size: 32769


Loading samplings from /home/ryawszn/experiments/shiro-ef/sampling/gist-960-euclidean-samplings--k100-ef.bin
Samplings loaded from /home/ryawszn/experiments/shiro-ef/sampling/gist-960-euclidean-samplings--k100-ef.bin
Average Recall: 0.982463
Initial average recall with ef=100: 0.982484
Average Recall: 0.982463
Initial average recall with ef=150: 0.982484
Recall diff is too small for 1 consecutive steps, break.
Weighted average ef: 440.857
EF-estimation table computing time: 107750 ms
Training convergence-bucket 0 [70.4361, 78.7145) with 200 queries.
Average Recall: 0.9264
Initial average recall with ef=100: 0.927538
Average Recall: 0.9264
Initial average recall with ef=150: 0.927538
Weighted average ef: 3748
Training convergence-bucket 1 [78.7145, 80.5464) with 200 queries.
Average Recall: 0.9516
Initial average recall with ef=100: 0.95198
Average Recall: 0.9516
Initial average recall with ef=150: 0.95198
Weighted average ef: 1482.5
Training convergence-bucket 2 [80.5464, 82.1814) with 200 queries.
Average Recall: 0.96045
Initial average recall with ef=100: 0.961146
Average Recall: 0.96045
Initial average recall with ef=150: 0.961146
Weighted average ef: 518.5
Training convergence-bucket 3 [82.1814, 83.2854) with 200 queries.
Average Recall: 0.97315
Initial average recall with ef=100: 0.973641
Average Recall: 0.97315
Initial average recall with ef=150: 0.973641
Weighted average ef: 97.5
Training convergence-bucket 4 [83.2854, 84.3715) with 200 queries.
Average Recall: 0.97805
Initial average recall with ef=100: 0.978454
Average Recall: 0.97805
Initial average recall with ef=150: 0.978454
Weighted average ef: 182.755
Training convergence-bucket 5 [84.3715, 85.4204) with 200 queries.
Average Recall: 0.985101
Initial average recall with ef=100: 0.985
Average Recall: 0.985101
Initial average recall with ef=150: 0.985
Weighted average ef: 98
Training convergence-bucket 6 [85.4204, 86.4462) with 200 queries.
Average Recall: 0.987901
Initial average recall with ef=100: 0.988394
Average Recall: 0.987901
Initial average recall with ef=150: 0.988394
Weighted average ef: 96.5
Training convergence-bucket 7 [86.4462, 87.3284) with 200 queries.
Average Recall: 0.99205
Initial average recall with ef=100: 0.992051
Average Recall: 0.99205
Initial average recall with ef=150: 0.992051
Weighted average ef: 97.5
Training convergence-bucket 8 [87.3284, 88.2914) with 200 queries.
Average Recall: 0.99365
Initial average recall with ef=100: 0.993969
Average Recall: 0.99365
Initial average recall with ef=150: 0.993969
Weighted average ef: 97
Training convergence-bucket 9 [88.2914, 89.1627) with 200 queries.
Average Recall: 0.99495
Initial average recall with ef=100: 0.99555
Average Recall: 0.99495
Initial average recall with ef=150: 0.99555
Weighted average ef: 95.5
Training convergence-bucket 10 [89.1627, 90.2006) with 200 queries.
Average Recall: 0.99745
Initial average recall with ef=100: 0.997526
Average Recall: 0.99745
Initial average recall with ef=150: 0.997526
Weighted average ef: 95
Training convergence-bucket 11 [90.2006, 91.166) with 200 queries.
Average Recall: 0.99835
Initial average recall with ef=100: 0.998415
Average Recall: 0.99835
Initial average recall with ef=150: 0.998415
Weighted average ef: 91.5
Training convergence-bucket 12 [91.166, 92.1515) with 200 queries.
Average Recall: 0.99905
Initial average recall with ef=100: 0.999027
Average Recall: 0.99905
Initial average recall with ef=150: 0.999027
Weighted average ef: 92.5
Training convergence-bucket 13 [92.1515, 93.3204) with 200 queries.
Average Recall: 0.9991
Initial average recall with ef=100: 0.99918
Average Recall: 0.9991
Initial average recall with ef=150: 0.99918
Weighted average ef: 91.5
Training convergence-bucket 14 [93.3204, inf) with 200 queries.
Average Recall: 0.9998
Initial average recall with ef=100: 0.999766
Average Recall: 0.9998
Initial average recall with ef=150: 0.999766
Weighted average ef: 85.5
Reconstructed True WAE: 283.595 (Hard Pct: 0.0112667)
****Weighted average ef: 283
Search time: 13053 ms
Search time: 16184 ms
Search time: 13081 ms
Average Recall: 0.98772
5th percentile recall: 0.95
1st percentile recall: 0.93
Median search time: 13081 ms
Search times: 13053 ms, 13081 ms, 16184 ms,
gist-960-euclidean experiment results:
statisc_length, time, avg_recall, 5th_percentile_recall, 1st_percentile_recall, recall_above_99, recall_above_95, recall_above_90
32769, 13081, 0.98772, 0.95, 0.93, 693, 937, 998
Experiment finished
Dataset: tiny5m-384-euclidean
Metric: l2
Truncation ratio: 0.25
Data vectors dimensions: 5000000 x 384
Query vectors dimensions: 1000 x 384
Neighbors dimensions: 1000 x 100
Index loaded
Dimension of space:384
Data size of space:1536
Samplings loaded


Visited list size: 513


Loading samplings from /home/ryawszn/experiments/shiro-ef/sampling/tiny5m-384-euclidean-samplings--k100-ef.bin
Samplings loaded from /home/ryawszn/experiments/shiro-ef/sampling/tiny5m-384-euclidean-samplings--k100-ef.bin
Average Recall: 0.644346
Initial average recall with ef=100: 0.644114
Average Recall: 0.715822
Initial average recall with ef=150: 0.715635
Weighted average ef: 1194.54
EF-estimation table computing time: 81697 ms
Training convergence-bucket 0 [12.6986, 30.885) with 200 queries.
Average Recall: 0.4733
Initial average recall with ef=100: 0.465751
Average Recall: 0.5522
Initial average recall with ef=150: 0.544352
Recall diff is too small for 1 consecutive steps, break.
Recall diff is too small for 1 consecutive steps, break.
Recall diff is too small for 1 consecutive steps, break.
Recall diff is too small for 1 consecutive steps, break.
Recall diff is too small for 1 consecutive steps, break.
Weighted average ef: 2231.59
Training convergence-bucket 1 [30.885, 35.0744) with 200 queries.
Average Recall: 0.4967
Initial average recall with ef=100: 0.484892
Average Recall: 0.578
Initial average recall with ef=150: 0.565376
Recall diff is too small for 1 consecutive steps, break.
Weighted average ef: 2093.4
Training convergence-bucket 2 [35.0744, 38.156) with 200 queries.
Average Recall: 0.4852
Initial average recall with ef=100: 0.466631
Average Recall: 0.5738
Initial average recall with ef=150: 0.555348
Recall diff is too small for 1 consecutive steps, break.
Recall diff is too small for 1 consecutive steps, break.
Recall diff is too small for 1 consecutive steps, break.
Recall diff is too small for 1 consecutive steps, break.
Weighted average ef: 1973.71
Training convergence-bucket 3 [38.156, 40.9104) with 200 queries.
Average Recall: 0.51115
Initial average recall with ef=100: 0.497568
Average Recall: 0.59685
Initial average recall with ef=150: 0.583946
Recall diff is too small for 1 consecutive steps, break.
Weighted average ef: 1996.23
Training convergence-bucket 4 [40.9104, 43.5451) with 200 queries.
Average Recall: 0.53245
Initial average recall with ef=100: 0.511505
Average Recall: 0.61035
Initial average recall with ef=150: 0.589946
Recall diff is too small for 1 consecutive steps, break.
Weighted average ef: 1756.1
Training convergence-bucket 5 [43.5451, 46.2381) with 200 queries.
Average Recall: 0.5417
Initial average recall with ef=100: 0.52871
Average Recall: 0.62015
Initial average recall with ef=150: 0.607742
Recall diff is too small for 1 consecutive steps, break.
Recall diff is too small for 1 consecutive steps, break.
Recall diff is too small for 1 consecutive steps, break.
Weighted average ef: 1585.83
Training convergence-bucket 6 [46.2381, 49.3559) with 200 queries.
Average Recall: 0.58215
Initial average recall with ef=100: 0.559344
Average Recall: 0.6612
Initial average recall with ef=150: 0.639727
Recall diff is too small for 1 consecutive steps, break.
Recall diff is too small for 1 consecutive steps, break.
Weighted average ef: 1375.91
Training convergence-bucket 7 [49.3559, 52.8638) with 200 queries.
Average Recall: 0.60765
Initial average recall with ef=100: 0.593842
Average Recall: 0.6878
Initial average recall with ef=150: 0.675311
Recall diff is too small for 1 consecutive steps, break.
Weighted average ef: 1069.79
Training convergence-bucket 8 [52.8638, 56.0786) with 200 queries.
Average Recall: 0.6608
Initial average recall with ef=100: 0.655402
Average Recall: 0.73465
Initial average recall with ef=150: 0.731092
Recall diff is too small for 1 consecutive steps, break.
Recall diff is too small for 1 consecutive steps, break.
Recall diff is too small for 1 consecutive steps, break.
Weighted average ef: 866.7
Training convergence-bucket 9 [56.0786, 59.7226) with 200 queries.
Average Recall: 0.6828
Initial average recall with ef=100: 0.692905
Average Recall: 0.75685
Initial average recall with ef=150: 0.76676
Recall diff is too small for 1 consecutive steps, break.
Recall diff is too small for 1 consecutive steps, break.
Recall diff is too small for 1 consecutive steps, break.
Weighted average ef: 685.915
Training convergence-bucket 10 [59.7226, 62.7626) with 200 queries.
Average Recall: 0.7277
Initial average recall with ef=100: 0.722286
Average Recall: 0.80075
Initial average recall with ef=150: 0.796171
Recall diff is too small for 1 consecutive steps, break.
Recall diff is too small for 1 consecutive steps, break.
Recall diff is too small for 1 consecutive steps, break.
Weighted average ef: 603.355
Training convergence-bucket 11 [62.7626, 66.8119) with 200 queries.
Average Recall: 0.76635
Initial average recall with ef=100: 0.760893
Average Recall: 0.83155
Initial average recall with ef=150: 0.829226
Recall diff is too small for 1 consecutive steps, break.
Recall diff is too small for 1 consecutive steps, break.
Weighted average ef: 452.795
Training convergence-bucket 12 [66.8119, 70.7578) with 200 queries.
Average Recall: 0.8196
Initial average recall with ef=100: 0.827333
Average Recall: 0.8783
Initial average recall with ef=150: 0.885222
Weighted average ef: 307.935
Training convergence-bucket 13 [70.7578, 75.9829) with 200 queries.
Average Recall: 0.87485
Initial average recall with ef=100: 0.873955
Average Recall: 0.91965
Initial average recall with ef=150: 0.919322
Recall diff is too small for 1 consecutive steps, break.
Weighted average ef: 230.33
Training convergence-bucket 14 [75.9829, inf) with 200 queries.
Average Recall: 0.9028
Initial average recall with ef=100: 0.921714
Average Recall: 0.93525
Initial average recall with ef=150: 0.949372
Weighted average ef: 181.56
Reconstructed True WAE: 1055.34 (Hard Pct: 0.00873333)
****Weighted average ef: 1055
Search time: 5199 ms
Search time: 5063 ms
Search time: 8326 ms
Average Recall: 0.96995
5th percentile recall: 0.9
1st percentile recall: 0.83
Median search time: 5199 ms
Search times: 5063 ms, 5199 ms, 8326 ms,
tiny5m-384-euclidean experiment results:
statisc_length, time, avg_recall, 5th_percentile_recall, 1st_percentile_recall, recall_above_99, recall_above_95, recall_above_90
513, 5199, 0.96995, 0.9, 0.83, 493, 754, 941
Experiment finished


Visited list size: 1025


Loading samplings from /home/ryawszn/experiments/shiro-ef/sampling/tiny5m-384-euclidean-samplings--k100-ef.bin
Samplings loaded from /home/ryawszn/experiments/shiro-ef/sampling/tiny5m-384-euclidean-samplings--k100-ef.bin
Average Recall: 0.644346
Initial average recall with ef=100: 0.643926
Average Recall: 0.715799
Initial average recall with ef=150: 0.715482
Recall diff is too small for 1 consecutive steps, break.
Weighted average ef: 1203.73
EF-estimation table computing time: 79319 ms
Training convergence-bucket 0 [24.0104, 39.4785) with 200 queries.
Average Recall: 0.38575
Initial average recall with ef=100: 0.378
Average Recall: 0.4667
Initial average recall with ef=150: 0.459179
Recall diff is too small for 1 consecutive steps, break.
Recall diff is too small for 1 consecutive steps, break.
Weighted average ef: 3214.69
Training convergence-bucket 1 [39.4785, 42.821) with 200 queries.
Average Recall: 0.39935
Initial average recall with ef=100: 0.391649
Average Recall: 0.485
Initial average recall with ef=150: 0.475904
Recall diff is too small for 1 consecutive steps, break.
Recall diff is too small for 1 consecutive steps, break.
Weighted average ef: 2767.67
Training convergence-bucket 2 [42.821, 46.6917) with 200 queries.
Average Recall: 0.4642
Initial average recall with ef=100: 0.456984
Average Recall: 0.5479
Initial average recall with ef=150: 0.54037
Weighted average ef: 2001.54
Training convergence-bucket 3 [46.6917, 49.8066) with 200 queries.
Average Recall: 0.49505
Initial average recall with ef=100: 0.494219
Average Recall: 0.57875
Initial average recall with ef=150: 0.577344
Recall diff is too small for 1 consecutive steps, break.
Weighted average ef: 1722.28
Training convergence-bucket 4 [49.8066, 52.8047) with 200 queries.
Average Recall: 0.53365
Initial average recall with ef=100: 0.533456
Average Recall: 0.615
Initial average recall with ef=150: 0.614817
Recall diff is too small for 1 consecutive steps, break.
Weighted average ef: 1489.45
Training convergence-bucket 5 [52.8047, 55.4021) with 200 queries.
Average Recall: 0.58575
Initial average recall with ef=100: 0.582804
Average Recall: 0.66705
Initial average recall with ef=150: 0.663862
Recall diff is too small for 1 consecutive steps, break.
Weighted average ef: 1226.57
Training convergence-bucket 6 [55.4021, 58.161) with 200 queries.
Average Recall: 0.5767
Initial average recall with ef=100: 0.575445
Average Recall: 0.6632
Initial average recall with ef=150: 0.661885
Recall diff is too small for 1 consecutive steps, break.
Weighted average ef: 1181.78
Training convergence-bucket 7 [58.161, 60.967) with 200 queries.
Average Recall: 0.64015
Initial average recall with ef=100: 0.636043
Average Recall: 0.71705
Initial average recall with ef=150: 0.714225
Recall diff is too small for 1 consecutive steps, break.
Weighted average ef: 893.125
Training convergence-bucket 8 [60.967, 63.6197) with 200 queries.
Average Recall: 0.682
Initial average recall with ef=100: 0.686158
Average Recall: 0.75925
Initial average recall with ef=150: 0.764211
Recall diff is too small for 1 consecutive steps, break.
Recall diff is too small for 1 consecutive steps, break.
Weighted average ef: 697.06
Training convergence-bucket 9 [63.6197, 66.1738) with 200 queries.
Average Recall: 0.714
Initial average recall with ef=100: 0.711872
Average Recall: 0.7915
Initial average recall with ef=150: 0.789412
Weighted average ef: 614.35
Training convergence-bucket 10 [66.1738, 69.0029) with 200 queries.
Average Recall: 0.7422
Initial average recall with ef=100: 0.748307
Average Recall: 0.81235
Initial average recall with ef=150: 0.817196
Recall diff is too small for 1 consecutive steps, break.
Weighted average ef: 577.2
Training convergence-bucket 11 [69.0029, 72.211) with 200 queries.
Average Recall: 0.8094
Initial average recall with ef=100: 0.810494
Average Recall: 0.87055
Initial average recall with ef=150: 0.872308
Weighted average ef: 368.28
Training convergence-bucket 12 [72.211, 75.9439) with 200 queries.
Average Recall: 0.8331
Initial average recall with ef=100: 0.836648
Average Recall: 0.8883
Initial average recall with ef=150: 0.892216
Recall diff is too small for 1 consecutive steps, break.
Weighted average ef: 277.165
Training convergence-bucket 13 [75.9439, 80.4255) with 200 queries.
Average Recall: 0.88475
Initial average recall with ef=100: 0.890682
Average Recall: 0.92855
Initial average recall with ef=150: 0.935114
Weighted average ef: 206.5
Training convergence-bucket 14 [80.4255, inf) with 200 queries.
Average Recall: 0.91915
Initial average recall with ef=100: 0.942948
Average Recall: 0.94585
Initial average recall with ef=150: 0.966069
Weighted average ef: 128.78
Reconstructed True WAE: 1024.52 (Hard Pct: 0.00873333)
****Weighted average ef: 1024
Search time: 4941 ms
Search time: 4912 ms
Search time: 4912 ms
Average Recall: 0.97073
5th percentile recall: 0.91
1st percentile recall: 0.86
Median search time: 4912 ms
Search times: 4912 ms, 4912 ms, 4941 ms,
tiny5m-384-euclidean experiment results:
statisc_length, time, avg_recall, 5th_percentile_recall, 1st_percentile_recall, recall_above_99, recall_above_95, recall_above_90
1025, 4912, 0.97073, 0.91, 0.86, 490, 756, 951
Experiment finished


Visited list size: 32769


Loading samplings from /home/ryawszn/experiments/shiro-ef/sampling/tiny5m-384-euclidean-samplings--k100-ef.bin
Samplings loaded from /home/ryawszn/experiments/shiro-ef/sampling/tiny5m-384-euclidean-samplings--k100-ef.bin
Average Recall: 0.951838
Initial average recall with ef=100: 0.951645
Average Recall: 0.951838
Initial average recall with ef=150: 0.951645
Recall diff is too small for 1 consecutive steps, break.
Weighted average ef: 1732.08
EF-estimation table computing time: 81296 ms
Training convergence-bucket 0 [62.7729, 69.291) with 200 queries.
Average Recall: 0.8102
Initial average recall with ef=100: 0.809344
Average Recall: 0.8102
Initial average recall with ef=150: 0.809344
Weighted average ef: 4950
Training convergence-bucket 1 [69.291, 71.4941) with 200 queries.
Average Recall: 0.8609
Initial average recall with ef=100: 0.860408
Average Recall: 0.8609
Initial average recall with ef=150: 0.860408
Weighted average ef: 4900
Training convergence-bucket 2 [71.4941, 73.3957) with 200 queries.
Average Recall: 0.8924
Initial average recall with ef=100: 0.8924
Average Recall: 0.8924
Initial average recall with ef=150: 0.8924
Weighted average ef: 5000
Training convergence-bucket 3 [73.3957, 75.457) with 200 queries.
Average Recall: 0.91795
Initial average recall with ef=100: 0.917296
Average Recall: 0.91795
Initial average recall with ef=150: 0.917296
Weighted average ef: 4660.46
Training convergence-bucket 4 [75.457, 77.4327) with 200 queries.
Average Recall: 0.93755
Initial average recall with ef=100: 0.937755
Average Recall: 0.93755
Initial average recall with ef=150: 0.937755
Recall diff is too small for 1 consecutive steps, break.
Weighted average ef: 3338.9
Training convergence-bucket 5 [77.4327, 79.1919) with 200 queries.
Average Recall: 0.9539
Initial average recall with ef=100: 0.953333
Average Recall: 0.9539
Initial average recall with ef=150: 0.953333
Recall diff is too small for 1 consecutive steps, break.
Weighted average ef: 1216.7
Training convergence-bucket 6 [79.1919, 80.8884) with 200 queries.
Average Recall: 0.96665
Initial average recall with ef=100: 0.966533
Average Recall: 0.96665
Initial average recall with ef=150: 0.966533
Weighted average ef: 224.25
Training convergence-bucket 7 [80.8884, 82.7604) with 200 queries.
Average Recall: 0.9793
Initial average recall with ef=100: 0.979278
Average Recall: 0.9793
Initial average recall with ef=150: 0.979278
Weighted average ef: 97
Training convergence-bucket 8 [82.7604, 84.5008) with 200 queries.
Average Recall: 0.985051
Initial average recall with ef=100: 0.985619
Average Recall: 0.985051
Initial average recall with ef=150: 0.985619
Weighted average ef: 97
Training convergence-bucket 9 [84.5008, 86.0646) with 200 queries.
Average Recall: 0.988551
Initial average recall with ef=100: 0.988872
Average Recall: 0.988551
Initial average recall with ef=150: 0.988872
Weighted average ef: 148.245
Training convergence-bucket 10 [86.0646, 87.5577) with 200 queries.
Average Recall: 0.995
Initial average recall with ef=100: 0.994845
Average Recall: 0.995
Initial average recall with ef=150: 0.994845
Weighted average ef: 97
Training convergence-bucket 11 [87.5577, 89.09) with 200 queries.
Average Recall: 0.99645
Initial average recall with ef=100: 0.996684
Average Recall: 0.99645
Initial average recall with ef=150: 0.996684
Weighted average ef: 98
Training convergence-bucket 12 [89.09, 90.8141) with 200 queries.
Average Recall: 0.9983
Initial average recall with ef=100: 0.998238
Average Recall: 0.9983
Initial average recall with ef=150: 0.998238
Weighted average ef: 96.5
Training convergence-bucket 13 [90.8141, 92.6137) with 200 queries.
Average Recall: 0.9992
Initial average recall with ef=100: 0.999189
Average Recall: 0.9992
Initial average recall with ef=150: 0.999189
Weighted average ef: 92.5
Training convergence-bucket 14 [92.6137, inf) with 200 queries.
Average Recall: 0.9963
Initial average recall with ef=100: 0.999515
Average Recall: 0.9963
Initial average recall with ef=150: 0.999515
Weighted average ef: 82.5
Reconstructed True WAE: 1408.77 (Hard Pct: 0.00873333)
****Weighted average ef: 1408
Search time: 15441 ms
Search time: 11815 ms
Search time: 15293 ms
Average Recall: 0.98518
5th percentile recall: 0.95
1st percentile recall: 0.92
Median search time: 15293 ms
Search times: 11815 ms, 15293 ms, 15441 ms,
tiny5m-384-euclidean experiment results:
statisc_length, time, avg_recall, 5th_percentile_recall, 1st_percentile_recall, recall_above_99, recall_above_95, recall_above_90
32769, 15293, 0.98518, 0.95, 0.92, 662, 938, 996
Experiment finished
