Loading query vectors...
Queries shape: (6980, 1536)
Streaming passage vectors to disk (bounded RAM, parallel parse)...
parsing shards (parallel) + writing:   0%|          | 0/89 [00:00<?, ?it/s]parsing shards (parallel) + writing:   0%|          | 0/89 [02:42<?, ?it/s]
Traceback (most recent call last):
  File "/home/ryawszn/miniforge3/lib/python3.13/multiprocessing/pool.py", line 856, in next
    item = self._items.popleft()
IndexError: pop from an empty deque

During handling of the above exception, another exception occurred:

Traceback (most recent call last):
  File "/home/ryawszn/dev/cpp/hnsw-shiro-ef/research/build_msmarco.py", line 184, in <module>
    main()
    ~~~~^^
  File "/home/ryawszn/dev/cpp/hnsw-shiro-ef/research/build_msmarco.py", line 171, in main
    n_train = stream_passages_to_hdf5(h5f)
  File "/home/ryawszn/dev/cpp/hnsw-shiro-ef/research/build_msmarco.py", line 93, in stream_passages_to_hdf5
    for shard_idx, arr in tqdm(
                          ~~~~^
        pool.imap(_parse_shard, range(NUM_SHARDS)),
        ^^^^^^^^^^^^^^^^^^^^^^^^^^^^^^^^^^^^^^^^^^^
        total=NUM_SHARDS,
        ^^^^^^^^^^^^^^^^^
        desc="parsing shards (parallel) + writing",
        ^^^^^^^^^^^^^^^^^^^^^^^^^^^^^^^^^^^^^^^^^^^
    ):
    ^
  File "/home/ryawszn/miniforge3/lib/python3.13/site-packages/tqdm/std.py", line 1181, in __iter__
    for obj in iterable:
               ^^^^^^^^
  File "/home/ryawszn/miniforge3/lib/python3.13/multiprocessing/pool.py", line 861, in next
    self._cond.wait(timeout)
    ~~~~~~~~~~~~~~~^^^^^^^^^
  File "/home/ryawszn/miniforge3/lib/python3.13/threading.py", line 359, in wait
    waiter.acquire()
    ~~~~~~~~~~~~~~^^
KeyboardInterrupt
