Starting offline experiments...


Dataset: deep-image-96-angular
Metric: cd
Truncation ratio: 0.5
Normalize the data vectors
Data vectors dimensions: 9990000 x 96
Query vectors dimensions: 10000 x 96
Neighbors dimensions: 10000 x 100
Using AVX2 Inner Product distance
Index loaded
Dimension of space:96
Data size of space:384
Ground truth computed in 195071 ms
Sampling computing time: 206021 ms
Loading samplings from /home/yc.shea/experiments/shiro-ef/sampling/deep-image-96-angular-samplings--k100-ef.bin
Samplings loaded from /home/yc.shea/experiments/shiro-ef/sampling/deep-image-96-angular-samplings--k100-ef.bin
Average Recall: 0.836752
Initial average recall with ef=100: 0.836812
Average Recall: 0.885532
Initial average recall with ef=150: 0.885614
Recall diff is too small for 1 consecutive steps, break.
Weighted average ef: 376.164
EF-estimation table computing time: 11540 ms
Training convergence-bucket 0 [23.3651, 48.6503) with 200 queries.
Average Recall: 0.6211
Initial average recall with ef=100: 0.612872
Average Recall: 0.70345
Initial average recall with ef=150: 0.696755
Recall diff is too small for 1 consecutive steps, break.
Recall diff is too small for 1 consecutive steps, break.
Weighted average ef: 947.81
Training convergence-bucket 1 [48.6503, 53.3353) with 200 queries.
Average Recall: 0.65055
Initial average recall with ef=100: 0.647956
Average Recall: 0.72655
Initial average recall with ef=150: 0.723425
Recall diff is too small for 1 consecutive steps, break.
Weighted average ef: 841.6
Training convergence-bucket 2 [53.3353, 59.5932) with 200 queries.
Average Recall: 0.7499
Initial average recall with ef=100: 0.750811
Average Recall: 0.82105
Initial average recall with ef=150: 0.821243
Weighted average ef: 490.18
Training convergence-bucket 3 [59.5932, 64.0075) with 200 queries.
Average Recall: 0.8144
Initial average recall with ef=100: 0.815351
Average Recall: 0.87755
Initial average recall with ef=150: 0.88
Weighted average ef: 299.745
Training convergence-bucket 4 [64.0075, 67.7457) with 200 queries.
Average Recall: 0.84635
Initial average recall with ef=100: 0.844624
Average Recall: 0.90025
Initial average recall with ef=150: 0.899194
Recall diff is too small for 1 consecutive steps, break.
Weighted average ef: 262.62
Training convergence-bucket 5 [67.7457, 70.8859) with 200 queries.
Average Recall: 0.8831
Initial average recall with ef=100: 0.886133
Average Recall: 0.92865
Initial average recall with ef=150: 0.931602
Weighted average ef: 192.99
Training convergence-bucket 6 [70.8859, 74.0735) with 200 queries.
Average Recall: 0.92045
Initial average recall with ef=100: 0.923757
Average Recall: 0.95725
Initial average recall with ef=150: 0.960387
Weighted average ef: 137.75
Training convergence-bucket 7 [74.0735, 77.7319) with 200 queries.
Average Recall: 0.9352
Initial average recall with ef=100: 0.934247
Average Recall: 0.9664
Initial average recall with ef=150: 0.966183
Weighted average ef: 134.39
Training convergence-bucket 8 [77.7319, 81.7308) with 200 queries.
Average Recall: 0.9626
Initial average recall with ef=100: 0.964575
Average Recall: 0.98215
Initial average recall with ef=150: 0.983883
Weighted average ef: 108.005
Training convergence-bucket 9 [81.7308, inf) with 200 queries.
Average Recall: 0.9839
Initial average recall with ef=100: 0.985978
Average Recall: 0.99205
Initial average recall with ef=150: 0.99337
Weighted average ef: 93.5
Reconstructed True WAE: 237.522 (Hard Pct: 0.0205)

Dataset: glove-100-angular
Metric: cd
Truncation ratio: 0.5
Normalize the data vectors
Data vectors dimensions: 1183514 x 100
Query vectors dimensions: 10000 x 100
Neighbors dimensions: 10000 x 100
Using AVX2 Inner Product distance
Index loaded
Dimension of space:100
Data size of space:400
Ground truth computed in 18281 ms
Sampling computing time: 28812 ms
Loading samplings from /home/yc.shea/experiments/shiro-ef/sampling/glove-100-angular-samplings--k100-ef.bin
Samplings loaded from /home/yc.shea/experiments/shiro-ef/sampling/glove-100-angular-samplings--k100-ef.bin
Average Recall: 0.736412
Initial average recall with ef=100: 0.736293
Average Recall: 0.779162
Initial average recall with ef=150: 0.779419
Weighted average ef: 1788.32
EF-estimation table computing time: 21917 ms
Training convergence-bucket 0 [15.6872, 36.6651) with 200 queries.
Average Recall: 0.4641
Initial average recall with ef=100: 0.444278
Average Recall: 0.5168
Initial average recall with ef=150: 0.498182
Recall diff is too small for 1 consecutive steps, break.
Recall diff is too small for 1 consecutive steps, break.
Weighted average ef: 4185.68
Training convergence-bucket 1 [36.6651, 45.1019) with 200 queries.
Average Recall: 0.4922
Initial average recall with ef=100: 0.457278
Average Recall: 0.54175
Initial average recall with ef=150: 0.508333
Recall diff is too small for 1 consecutive steps, break.
Recall diff is too small for 1 consecutive steps, break.
Weighted average ef: 3571.29
Training convergence-bucket 2 [45.1019, 51.9874) with 200 queries.
Average Recall: 0.566131
Initial average recall with ef=100: 0.562011
Average Recall: 0.6262
Initial average recall with ef=150: 0.613704
Recall diff is too small for 1 consecutive steps, break.
Weighted average ef: 3040.15
Training convergence-bucket 3 [51.9874, 57.7763) with 200 queries.
Average Recall: 0.6543
Initial average recall with ef=100: 0.63547
Average Recall: 0.71455
Initial average recall with ef=150: 0.69768
Recall diff is too small for 1 consecutive steps, break.
Recall diff is too small for 1 consecutive steps, break.
Recall diff is too small for 1 consecutive steps, break.
Weighted average ef: 1948.52
Training convergence-bucket 4 [57.7763, 63.4005) with 200 queries.
Average Recall: 0.7183
Initial average recall with ef=100: 0.699827
Average Recall: 0.773
Initial average recall with ef=150: 0.756763
Weighted average ef: 1285.95
Training convergence-bucket 5 [63.4005, 68.2522) with 200 queries.
Average Recall: 0.8057
Initial average recall with ef=100: 0.791333
Average Recall: 0.85215
Initial average recall with ef=150: 0.840945
Weighted average ef: 776.485
Training convergence-bucket 6 [68.2522, 72.8286) with 200 queries.
Average Recall: 0.8544
Initial average recall with ef=100: 0.854944
Average Recall: 0.89485
Initial average recall with ef=150: 0.896278
Weighted average ef: 442.94
Training convergence-bucket 7 [72.8286, 77.0799) with 200 queries.
Average Recall: 0.90975
Initial average recall with ef=100: 0.907557
Average Recall: 0.9371
Initial average recall with ef=150: 0.936023
Weighted average ef: 236.72
Training convergence-bucket 8 [77.0799, 80.8219) with 200 queries.
Average Recall: 0.9301
Initial average recall with ef=100: 0.929718
Average Recall: 0.95385
Initial average recall with ef=150: 0.954181
Recall diff is too small for 1 consecutive steps, break.
Recall diff is too small for 1 consecutive steps, break.
Weighted average ef: 212.995
Training convergence-bucket 9 [80.8219, inf) with 200 queries.
Average Recall: 0.9683
Initial average recall with ef=100: 0.972384
Average Recall: 0.9814
Initial average recall with ef=150: 0.984942
Weighted average ef: 100.715
Reconstructed True WAE: 1428.19 (Hard Pct: 0.0073)

Dataset: word2vec-300-angular
Metric: cd
Truncation ratio: 0.5
Normalize the data vectors
Data vectors dimensions: 1000000 x 300
Query vectors dimensions: 1000 x 300
Neighbors dimensions: 1000 x 100
Using AVX2 Inner Product distance
Index loaded
Dimension of space:300
Data size of space:1200
Ground truth computed in 37228 ms
Sampling computing time: 51605 ms
Loading samplings from /home/yc.shea/experiments/shiro-ef/sampling/word2vec-300-angular-samplings--k100-ef.bin
Samplings loaded from /home/yc.shea/experiments/shiro-ef/sampling/word2vec-300-angular-samplings--k100-ef.bin
Average Recall: 0.822047
Initial average recall with ef=100: 0.822333
Average Recall: 0.869185
Initial average recall with ef=150: 0.869579
Weighted average ef: 426.398
EF-estimation table computing time: 15616 ms
Training convergence-bucket 0 [18.1528, 45.7178) with 200 queries.
Average Recall: 0.5917
Initial average recall with ef=100: 0.585978
Average Recall: 0.67065
Initial average recall with ef=150: 0.666848
Weighted average ef: 873.71
Training convergence-bucket 1 [45.7178, 49.5665) with 200 queries.
Average Recall: 0.62855
Initial average recall with ef=100: 0.627937
Average Recall: 0.7099
Initial average recall with ef=150: 0.708889
Weighted average ef: 824.525
Training convergence-bucket 2 [49.5665, 55.6736) with 200 queries.
Average Recall: 0.66805
Initial average recall with ef=100: 0.66309
Average Recall: 0.74455
Initial average recall with ef=150: 0.74191
Weighted average ef: 758.38
Training convergence-bucket 3 [55.6736, 62.3594) with 200 queries.
Average Recall: 0.79755
Initial average recall with ef=100: 0.796071
Average Recall: 0.85305
Initial average recall with ef=150: 0.853571
Recall diff is too small for 1 consecutive steps, break.
Recall diff is too small for 1 consecutive steps, break.
Weighted average ef: 460.01
Training convergence-bucket 4 [62.3594, 67.4864) with 200 queries.
Average Recall: 0.84525
Initial average recall with ef=100: 0.843051
Average Recall: 0.89505
Initial average recall with ef=150: 0.893277
Recall diff is too small for 1 consecutive steps, break.
Weighted average ef: 329.72
Training convergence-bucket 5 [67.4864, 71.0794) with 200 queries.
Average Recall: 0.8976
Initial average recall with ef=100: 0.901561
Average Recall: 0.9354
Initial average recall with ef=150: 0.939307
Weighted average ef: 207.77
Training convergence-bucket 6 [71.0794, 74.4928) with 200 queries.
Average Recall: 0.92175
Initial average recall with ef=100: 0.921011
Average Recall: 0.95265
Initial average recall with ef=150: 0.952135
Weighted average ef: 158.94
Training convergence-bucket 7 [74.4928, 77.0276) with 200 queries.
Average Recall: 0.943151
Initial average recall with ef=100: 0.942139
Average Recall: 0.969801
Initial average recall with ef=150: 0.969191
Weighted average ef: 115.75
Training convergence-bucket 8 [77.0276, 80.2216) with 200 queries.
Average Recall: 0.955501
Initial average recall with ef=100: 0.957399
Average Recall: 0.97535
Initial average recall with ef=150: 0.977399
Weighted average ef: 102.335
Training convergence-bucket 9 [80.2216, inf) with 200 queries.
Average Recall: 0.9714
Initial average recall with ef=100: 0.973103
Average Recall: 0.9855
Initial average recall with ef=150: 0.986667
Weighted average ef: 96.87
Reconstructed True WAE: 296.805 (Hard Pct: 0.02405)

Dataset: sift10m-128-euclidean
Metric: l2
Truncation ratio: 0.5
Data vectors dimensions: 10000000 x 128
Query vectors dimensions: 1000 x 128
Neighbors dimensions: 1000 x 100
Index loaded
Dimension of space:128
Data size of space:512
Ground truth computed in 230260 ms
Sampling computing time: 242017 ms
Loading samplings from /home/yc.shea/experiments/shiro-ef/sampling/sift10m-128-euclidean-samplings--k100-ef.bin
Samplings loaded from /home/yc.shea/experiments/shiro-ef/sampling/sift10m-128-euclidean-samplings--k100-ef.bin
Average Recall: 0.857483
Initial average recall with ef=100: 0.85843
Average Recall: 0.902956
Initial average recall with ef=150: 0.903798
Weighted average ef: 295.985
EF-estimation table computing time: 11446 ms
Training convergence-bucket 0 [24.5914, 54.1223) with 200 queries.
Average Recall: 0.66825
Initial average recall with ef=100: 0.667297
Average Recall: 0.74535
Initial average recall with ef=150: 0.744649
Weighted average ef: 703.255
Training convergence-bucket 1 [54.1223, 58.2453) with 200 queries.
Average Recall: 0.70405
Initial average recall with ef=100: 0.698378
Average Recall: 0.7785
Initial average recall with ef=150: 0.773946
Weighted average ef: 594.065
Training convergence-bucket 2 [58.2453, 63.4775) with 200 queries.
Average Recall: 0.7766
Initial average recall with ef=100: 0.77227
Average Recall: 0.84155
Initial average recall with ef=150: 0.838649
Weighted average ef: 419.12
Training convergence-bucket 3 [63.4775, 67.4326) with 200 queries.
Average Recall: 0.8327
Initial average recall with ef=100: 0.830909
Average Recall: 0.89015
Initial average recall with ef=150: 0.888342
Weighted average ef: 277.545
Training convergence-bucket 4 [67.4326, 69.9333) with 200 queries.
Average Recall: 0.8798
Initial average recall with ef=100: 0.876524
Average Recall: 0.9264
Initial average recall with ef=150: 0.924171
Weighted average ef: 209.255
Training convergence-bucket 5 [69.9333, 72.5779) with 200 queries.
Average Recall: 0.8949
Initial average recall with ef=100: 0.891129
Average Recall: 0.9395
Initial average recall with ef=150: 0.937151
Weighted average ef: 188.99
Training convergence-bucket 6 [72.5779, 75.3894) with 200 queries.
Average Recall: 0.916
Initial average recall with ef=100: 0.916828
Average Recall: 0.95285
Initial average recall with ef=150: 0.953602
Weighted average ef: 154.35
Training convergence-bucket 7 [75.3894, 78.408) with 200 queries.
Average Recall: 0.94895
Initial average recall with ef=100: 0.950937
Average Recall: 0.9752
Initial average recall with ef=150: 0.976771
Weighted average ef: 119.5
Training convergence-bucket 8 [78.408, 81.7058) with 200 queries.
Average Recall: 0.966251
Initial average recall with ef=100: 0.96625
Average Recall: 0.98475
Initial average recall with ef=150: 0.98475
Weighted average ef: 112
Training convergence-bucket 9 [81.7058, inf) with 200 queries.
Average Recall: 0.98735
Initial average recall with ef=100: 0.989231
Average Recall: 0.99535
Initial average recall with ef=150: 0.996209
Weighted average ef: 92.005
Reconstructed True WAE: 211.914 (Hard Pct: 0.02035)

Dataset: gist-960-euclidean
Metric: l2
Truncation ratio: 0.5
Data vectors dimensions: 1000000 x 960
Query vectors dimensions: 1000 x 960
Neighbors dimensions: 1000 x 100
Index loaded
Dimension of space:960
Data size of space:3840
Ground truth computed in 95812 ms
Sampling computing time: 122158 ms
Loading samplings from /home/yc.shea/experiments/shiro-ef/sampling/gist-960-euclidean-samplings--k100-ef.bin
Samplings loaded from /home/yc.shea/experiments/shiro-ef/sampling/gist-960-euclidean-samplings--k100-ef.bin
Average Recall: 0.72911
Initial average recall with ef=100: 0.727846
Average Recall: 0.801823
Initial average recall with ef=150: 0.80107
Recall diff is too small for 1 consecutive steps, break.
Weighted average ef: 618.925
EF-estimation table computing time: 53116 ms
Training convergence-bucket 0 [29.7674, 41.1679) with 200 queries.
Average Recall: 0.5197
Initial average recall with ef=100: 0.521895
Average Recall: 0.6177
Initial average recall with ef=150: 0.622053
Weighted average ef: 1289.84
Training convergence-bucket 1 [41.1679, 45.5444) with 200 queries.
Average Recall: 0.5724
Initial average recall with ef=100: 0.570582
Average Recall: 0.66545
Initial average recall with ef=150: 0.664709
Recall diff is too small for 1 consecutive steps, break.
Recall diff is too small for 1 consecutive steps, break.
Recall diff is too small for 1 consecutive steps, break.
Weighted average ef: 1042.14
Training convergence-bucket 2 [45.5444, 49.169) with 200 queries.
Average Recall: 0.62575
Initial average recall with ef=100: 0.622979
Average Recall: 0.71515
Initial average recall with ef=150: 0.711649
Recall diff is too small for 1 consecutive steps, break.
Recall diff is too small for 1 consecutive steps, break.
Weighted average ef: 778.17
Training convergence-bucket 3 [49.169, 52.516) with 200 queries.
Average Recall: 0.66255
Initial average recall with ef=100: 0.667826
Average Recall: 0.748
Initial average recall with ef=150: 0.753587
Recall diff is too small for 1 consecutive steps, break.
Weighted average ef: 626.57
Training convergence-bucket 4 [52.516, 55.3035) with 200 queries.
Average Recall: 0.6899
Initial average recall with ef=100: 0.687527
Average Recall: 0.7796
Initial average recall with ef=150: 0.778118
Recall diff is too small for 1 consecutive steps, break.
Weighted average ef: 552.595
Training convergence-bucket 5 [55.3035, 58.5977) with 200 queries.
Average Recall: 0.74875
Initial average recall with ef=100: 0.750387
Average Recall: 0.8263
Initial average recall with ef=150: 0.827956
Weighted average ef: 431.44
Training convergence-bucket 6 [58.5977, 62.305) with 200 queries.
Average Recall: 0.79395
Initial average recall with ef=100: 0.789329
Average Recall: 0.8616
Initial average recall with ef=150: 0.858938
Weighted average ef: 355.695
Training convergence-bucket 7 [62.305, 67.2543) with 200 queries.
Average Recall: 0.82945
Initial average recall with ef=100: 0.828796
Average Recall: 0.89135
Initial average recall with ef=150: 0.891047
Weighted average ef: 286
Training convergence-bucket 8 [67.2543, 73.8486) with 200 queries.
Average Recall: 0.89145
Initial average recall with ef=100: 0.895869
Average Recall: 0.93485
Initial average recall with ef=150: 0.938261
Weighted average ef: 195.795
Training convergence-bucket 9 [73.8486, inf) with 200 queries.
Average Recall: 0.9572
Initial average recall with ef=100: 0.957216
Average Recall: 0.97825
Initial average recall with ef=150: 0.978921
Weighted average ef: 104.75
Reconstructed True WAE: 512.806 (Hard Pct: 0.01075)

Dataset: tiny5m-384-euclidean
Metric: l2
Truncation ratio: 0.5
Data vectors dimensions: 5000000 x 384
Query vectors dimensions: 1000 x 384
Neighbors dimensions: 1000 x 100
Index loaded
Dimension of space:384
Data size of space:1536
Ground truth computed in 242445 ms
Sampling computing time: 262243 ms
Loading samplings from /home/yc.shea/experiments/shiro-ef/sampling/tiny5m-384-euclidean-samplings--k100-ef.bin
Samplings loaded from /home/yc.shea/experiments/shiro-ef/sampling/tiny5m-384-euclidean-samplings--k100-ef.bin
Average Recall: 0.64011
Initial average recall with ef=100: 0.639278
Average Recall: 0.711179
Initial average recall with ef=150: 0.710535
Recall diff is too small for 1 consecutive steps, break.
Recall diff is too small for 1 consecutive steps, break.
Recall diff is too small for 1 consecutive steps, break.
Weighted average ef: 1312.58
EF-estimation table computing time: 70337 ms
Training convergence-bucket 0 [23.3506, 37.6307) with 200 queries.
Average Recall: 0.3927
Initial average recall with ef=100: 0.380794
Average Recall: 0.47045
Initial average recall with ef=150: 0.458677
Recall diff is too small for 1 consecutive steps, break.
Recall diff is too small for 1 consecutive steps, break.
Recall diff is too small for 1 consecutive steps, break.
Weighted average ef: 2797.61
Training convergence-bucket 1 [37.6307, 42.1937) with 200 queries.
Average Recall: 0.441
Initial average recall with ef=100: 0.434762
Average Recall: 0.52185
Initial average recall with ef=150: 0.515503
Recall diff is too small for 1 consecutive steps, break.
Recall diff is too small for 1 consecutive steps, break.
Weighted average ef: 2307.68
Training convergence-bucket 2 [42.1937, 45.8512) with 200 queries.
Average Recall: 0.5005
Initial average recall with ef=100: 0.494054
Average Recall: 0.59125
Initial average recall with ef=150: 0.584811
Recall diff is too small for 1 consecutive steps, break.
Recall diff is too small for 1 consecutive steps, break.
Weighted average ef: 1498.85
Training convergence-bucket 3 [45.8512, 49.3862) with 200 queries.
Average Recall: 0.53895
Initial average recall with ef=100: 0.538969
Average Recall: 0.61925
Initial average recall with ef=150: 0.619588
Recall diff is too small for 1 consecutive steps, break.
Weighted average ef: 1493.72
Training convergence-bucket 4 [49.3862, 52.8774) with 200 queries.
Average Recall: 0.5913
Initial average recall with ef=100: 0.586545
Average Recall: 0.6703
Initial average recall with ef=150: 0.66623
Recall diff is too small for 1 consecutive steps, break.
Recall diff is too small for 1 consecutive steps, break.
Recall diff is too small for 1 consecutive steps, break.
Weighted average ef: 1136.03
Training convergence-bucket 5 [52.8774, 56.698) with 200 queries.
Average Recall: 0.6427
Initial average recall with ef=100: 0.644216
Average Recall: 0.72795
Initial average recall with ef=150: 0.729297
Weighted average ef: 896.595
Training convergence-bucket 6 [56.698, 61.0682) with 200 queries.
Average Recall: 0.71735
Initial average recall with ef=100: 0.710773
Average Recall: 0.7918
Initial average recall with ef=150: 0.786354
Weighted average ef: 544.915
Training convergence-bucket 7 [61.0682, 66.2027) with 200 queries.
Average Recall: 0.7939
Initial average recall with ef=100: 0.795161
Average Recall: 0.85705
Initial average recall with ef=150: 0.858656
Weighted average ef: 384.495
Training convergence-bucket 8 [66.2027, 73.3393) with 200 queries.
Average Recall: 0.85815
Initial average recall with ef=100: 0.868427
Average Recall: 0.90855
Initial average recall with ef=150: 0.918933
Weighted average ef: 236.305
Training convergence-bucket 9 [73.3393, inf) with 200 queries.
Average Recall: 0.92598
Initial average recall with ef=100: 0.931908
Average Recall: 0.954573
Initial average recall with ef=150: 0.959017
Weighted average ef: 155.395
Reconstructed True WAE: 1020.25 (Hard Pct: 0.00815)

Dataset: msmarco
Metric: cd
Truncation ratio: 0.5
Normalize the data vectors
Data vectors dimensions: 8841823 x 1536
Query vectors dimensions: 6980 x 1536
Neighbors dimensions: 6980 x 1000
Using AVX2 Inner Product distance
Index loaded
Dimension of space:1536
Data size of space:6144
Ground truth computed in 1527158 ms
Sampling computing time: 1734897 ms
Loading samplings from /home/yc.shea/experiments/shiro-ef/sampling/msmarco-samplings--k1000-ef.bin
Samplings loaded from /home/yc.shea/experiments/shiro-ef/sampling/msmarco-samplings--k1000-ef.bin
Average Recall: 0.957009
Initial average recall with ef=1000: 0.957169
Average Recall: 0.975472
Initial average recall with ef=1500: 0.97558
Weighted average ef: 1322.65
EF-estimation table computing time: 124742 ms
Training convergence-bucket 0 [11.3631, 62.552) with 200 queries.
Average Recall: 0.87521
Initial average recall with ef=1000: 0.871098
Average Recall: 0.91938
Initial average recall with ef=1500: 0.916451
Weighted average ef: 2436.2
Training convergence-bucket 1 [62.552, 67.6286) with 200 queries.
Average Recall: 0.89754
Initial average recall with ef=1000: 0.894765
Average Recall: 0.93813
Initial average recall with ef=1500: 0.93616
Weighted average ef: 1900
Training convergence-bucket 2 [67.6286, 73.1435) with 200 queries.
Average Recall: 0.928695
Initial average recall with ef=1000: 0.925514
Average Recall: 0.95801
Initial average recall with ef=1500: 0.956179
Weighted average ef: 1369.94
Training convergence-bucket 3 [73.1435, 77.3299) with 200 queries.
Average Recall: 0.966
Initial average recall with ef=1000: 0.964989
Average Recall: 0.98277
Initial average recall with ef=1500: 0.982212
Weighted average ef: 972.5
Training convergence-bucket 4 [77.3299, 79.7197) with 200 queries.
Average Recall: 0.972935
Initial average recall with ef=1000: 0.971972
Average Recall: 0.98632
Initial average recall with ef=1500: 0.985648
Weighted average ef: 960
Training convergence-bucket 5 [79.7197, 81.2896) with 200 queries.
Average Recall: 0.98019
Initial average recall with ef=1000: 0.980541
Average Recall: 0.99144
Initial average recall with ef=1500: 0.99175
Weighted average ef: 860
Training convergence-bucket 6 [81.2896, 82.709) with 200 queries.
Average Recall: 0.983075
Initial average recall with ef=1000: 0.983522
Average Recall: 0.992169
Initial average recall with ef=1500: 0.992422
Weighted average ef: 935
Training convergence-bucket 7 [82.709, 83.9204) with 200 queries.
Average Recall: 0.984505
Initial average recall with ef=1000: 0.987576
Average Recall: 0.993265
Initial average recall with ef=1500: 0.995047
Weighted average ef: 857.5
Training convergence-bucket 8 [83.9204, 85.3695) with 200 queries.
Average Recall: 0.9884
Initial average recall with ef=1000: 0.988978
Average Recall: 0.995385
Initial average recall with ef=1500: 0.995547
Weighted average ef: 912.5
Training convergence-bucket 9 [85.3695, inf) with 200 queries.
Average Recall: 0.99352
Initial average recall with ef=1000: 0.994246
Average Recall: 0.997835
Initial average recall with ef=1500: 0.998092
Weighted average ef: 875
Reconstructed True WAE: 1099.21 (Hard Pct: 0.02405)

Dataset: cohere
Metric: cd
Truncation ratio: 0.5
Normalize the data vectors
Data vectors dimensions: 18380565 x 1024
Query vectors dimensions: 1677 x 1024
Neighbors dimensions: 1677 x 1000
Using AVX2 Inner Product distance
Index loaded
Dimension of space:1024
Data size of space:4096
Ground truth computed in 2349019 ms
Sampling computing time: 2571564 ms
Loading samplings from /home/yc.shea/experiments/shiro-ef/sampling/cohere-samplings--k1000-ef.bin
Samplings loaded from /home/yc.shea/experiments/shiro-ef/sampling/cohere-samplings--k1000-ef.bin
Average Recall: 0.950747
Initial average recall with ef=1000: 0.950724
Average Recall: 0.97132
Initial average recall with ef=1500: 0.971309
Weighted average ef: 1342.54
EF-estimation table computing time: 117820 ms
Training convergence-bucket 0 [5.65077, 57.8274) with 200 queries.
Average Recall: 0.88737
Initial average recall with ef=1000: 0.877399
Average Recall: 0.92552
Initial average recall with ef=1500: 0.918329
Weighted average ef: 2373.36
Training convergence-bucket 1 [57.8274, 64.1869) with 200 queries.
Average Recall: 0.89933
Initial average recall with ef=1000: 0.88381
Average Recall: 0.934631
Initial average recall with ef=1500: 0.923752
Weighted average ef: 1754.17
Training convergence-bucket 2 [64.1869, 70.8335) with 200 queries.
Average Recall: 0.939845
Initial average recall with ef=1000: 0.935156
Average Recall: 0.966155
Initial average recall with ef=1500: 0.96335
Weighted average ef: 1206.61
Training convergence-bucket 3 [70.8335, 73.9225) with 200 queries.
Average Recall: 0.95425
Initial average recall with ef=1000: 0.961473
Average Recall: 0.97459
Initial average recall with ef=1500: 0.980376
Weighted average ef: 917.5
Training convergence-bucket 4 [73.9225, 75.934) with 200 queries.
Average Recall: 0.960075
Initial average recall with ef=1000: 0.961452
Average Recall: 0.979115
Initial average recall with ef=1500: 0.979786
Weighted average ef: 988.4
Training convergence-bucket 5 [75.934, 77.7699) with 200 queries.
Average Recall: 0.96908
Initial average recall with ef=1000: 0.971972
Average Recall: 0.98423
Initial average recall with ef=1500: 0.986294
Weighted average ef: 910
Training convergence-bucket 6 [77.7699, 79.4458) with 200 queries.
Average Recall: 0.965545
Initial average recall with ef=1000: 0.970046
Average Recall: 0.982465
Initial average recall with ef=1500: 0.98564
Weighted average ef: 927.5
Training convergence-bucket 7 [79.4458, 81.0602) with 200 queries.
Average Recall: 0.97501
Initial average recall with ef=1000: 0.975171
Average Recall: 0.98841
Initial average recall with ef=1500: 0.988282
Weighted average ef: 968.36
Training convergence-bucket 8 [81.0602, 83.0022) with 200 queries.
Average Recall: 0.97744
Initial average recall with ef=1000: 0.980448
Average Recall: 0.989885
Initial average recall with ef=1500: 0.991787
Weighted average ef: 870
Training convergence-bucket 9 [83.0022, inf) with 200 queries.
Average Recall: 0.97951
Initial average recall with ef=1000: 0.983168
Average Recall: 0.988195
Initial average recall with ef=1500: 0.990168
Weighted average ef: 880
Reconstructed True WAE: 1166.96 (Hard Pct: 0.0185)
