Starting experiments for Shiro-ef hnswdis library...


EXPERIMENTS_ROOT: /home/ryawszn/experiments/shiro-ef
Starting adaptive ef tests...


Dataset: deep-image-96-angular
Metric: cd
Truncation ratio: 0.25
Normalize the data vectors
Data vectors dimensions: 9990000 x 96
Query vectors dimensions: 10000 x 96
Neighbors dimensions: 10000 x 100
Using AVX512 Inner Product distance
Index loaded
Dimension of space:96
Data size of space:384
****Weighted average ef: 240
Search time: 8068 ms
Search time: 11468 ms
Search time: 8074 ms
Average Recall: 0.979886
5th percentile recall: 0.93
1st percentile recall: 0.89
Median search time: 8074 ms
Search times: 8068 ms, 8074 ms, 11468 ms,
deep-image-96-angular experiment results:
statisc_length, time, avg_recall, 5th_percentile_recall, 1st_percentile_recall, recall_above_99, recall_above_95, recall_above_90
1025, 8074, 0.979886, 0.93, 0.89, 5556, 8651, 9813
Experiment finished
Adaptive EF Analysis for dataset: deep-image-96-angular

Search with Patience in Proximity for dataset: deep-image-96-angular
ef: 300
Average Recall: 0.734045
5th percentile recall: 0.45
1st percentile recall: 0.32
Median search time: 3325 ms
Search times: 3321 ms, 3325 ms, 3329 ms,
deep-image-96-angular experiment results:
ef, time, avg_recall, 5th_percentile_recall, 1st_percentile_recall, recall_above_99, recall_above_95, recall_above_90
300, 3325, 0.734045, 0.45, 0.32, 95, 464, 1409
Experiment finished
ef: 100
Average Recall: 0.858172
5th percentile recall: 0.6
1st percentile recall: 0.46
Median search time: 2124 ms
Search times: 2097 ms, 2124 ms, 5528 ms,
ef: 200
Average Recall: 0.935349
5th percentile recall: 0.76
1st percentile recall: 0.62
Median search time: 3927 ms
Search times: 3909 ms, 3927 ms, 3967 ms,
ef: 400
Average Recall: 0.974592
5th percentile recall: 0.88
1st percentile recall: 0.78
Median search time: 7315 ms
Search times: 7304 ms, 7315 ms, 10969 ms,
ef: 800
Average Recall: 0.99121
5th percentile recall: 0.95
1st percentile recall: 0.89
Median search time: 14038 ms
Search times: 13883 ms, 14038 ms, 16676 ms,
deep-image-96-angular experiment results:
ef, time, avg_recall, 5th_percentile_recall, 1st_percentile_recall, recall_above_99, recall_above_95, recall_above_90
100, 2124, 0.858172, 0.6, 0.46, 1331, 2752, 4550
200, 3927, 0.935349, 0.76, 0.62, 3591, 5682, 7579
400, 7315, 0.974592, 0.88, 0.78, 6289, 8232, 9251
800, 14038, 0.99121, 0.95, 0.89, 8379, 9441, 9858
Experiment finished
Dataset: glove-100-angular
Metric: cd
Truncation ratio: 0.25
Normalize the data vectors
Data vectors dimensions: 1183514 x 100
Query vectors dimensions: 10000 x 100
Neighbors dimensions: 10000 x 100
Using AVX512 Inner Product distance
Index loaded
Dimension of space:100
Data size of space:400
****Weighted average ef: 1433
Search time: 39502 ms
Search time: 39699 ms
Search time: 39590 ms
Average Recall: 0.97901
5th percentile recall: 0.92
1st percentile recall: 0.88
Median search time: 39590 ms
Search times: 39502 ms, 39590 ms, 39699 ms,
glove-100-angular experiment results:
statisc_length, time, avg_recall, 5th_percentile_recall, 1st_percentile_recall, recall_above_99, recall_above_95, recall_above_90
1025, 39590, 0.97901, 0.92, 0.88, 5982, 8187, 9674
Experiment finished
Adaptive EF Analysis for dataset: glove-100-angular

Search with Patience in Proximity for dataset: glove-100-angular
ef: 300
Average Recall: 0.582264
5th percentile recall: 0.13
1st percentile recall: 0.05
Median search time: 3349 ms
Search times: 3321 ms, 3349 ms, 3372 ms,
glove-100-angular experiment results:
ef, time, avg_recall, 5th_percentile_recall, 1st_percentile_recall, recall_above_99, recall_above_95, recall_above_90
300, 3349, 0.582264, 0.13, 0.05, 61, 365, 1093
Experiment finished
ef: 100
Average Recall: 0.69279
5th percentile recall: 0.22
1st percentile recall: 0.13
Median search time: 1663 ms
Search times: 1629 ms, 1663 ms, 4672 ms,
ef: 200
Average Recall: 0.780761
5th percentile recall: 0.34
1st percentile recall: 0.24
Median search time: 3097 ms
Search times: 3087 ms, 3097 ms, 3144 ms,
ef: 400
Average Recall: 0.8506
5th percentile recall: 0.48
1st percentile recall: 0.37
Median search time: 6082 ms
Search times: 5956 ms, 6082 ms, 6114 ms,
ef: 800
Average Recall: 0.905966
5th percentile recall: 0.63
1st percentile recall: 0.52
Median search time: 11935 ms
Search times: 11903 ms, 11935 ms, 15920 ms,
ef: 1600
Average Recall: 0.947894
5th percentile recall: 0.77
1st percentile recall: 0.68
Median search time: 26299 ms
Search times: 26147 ms, 26299 ms, 26353 ms,
ef: 2000
Average Recall: 0.958151
5th percentile recall: 0.81
1st percentile recall: 0.73
Median search time: 31351 ms
Search times: 28366 ms, 31351 ms, 31561 ms,
ef: 2400
Average Recall: 0.96554
5th percentile recall: 0.84
1st percentile recall: 0.77
Median search time: 36634 ms
Search times: 36580 ms, 36634 ms, 36703 ms,
ef: 2800
Average Recall: 0.971168
5th percentile recall: 0.86
1st percentile recall: 0.8
Median search time: 41680 ms
Search times: 41565 ms, 41680 ms, 45364 ms,
ef: 3200
Average Recall: 0.975495
5th percentile recall: 0.88
1st percentile recall: 0.82
Median search time: 46730 ms
Search times: 46634 ms, 46730 ms, 50205 ms,
ef: 3600
Average Recall: 0.978852
5th percentile recall: 0.9
1st percentile recall: 0.84
Median search time: 54548 ms
Search times: 51878 ms, 54548 ms, 55135 ms,
ef: 4000
Average Recall: 0.981573
5th percentile recall: 0.91
1st percentile recall: 0.86
Median search time: 59541 ms
Search times: 56762 ms, 59541 ms, 59680 ms,
ef: 4400
Average Recall: 0.983881
5th percentile recall: 0.92
1st percentile recall: 0.87
Median search time: 64517 ms
Search times: 61927 ms, 64517 ms, 70536 ms,
ef: 4800
Average Recall: 0.985826
5th percentile recall: 0.93
1st percentile recall: 0.88
Median search time: 72371 ms
Search times: 70217 ms, 72371 ms, 79195 ms,
ef: 5200
Average Recall: 0.987418
5th percentile recall: 0.94
1st percentile recall: 0.9
Median search time: 75102 ms
Search times: 73905 ms, 75102 ms, 80548 ms,
glove-100-angular experiment results:
ef, time, avg_recall, 5th_percentile_recall, 1st_percentile_recall, recall_above_99, recall_above_95, recall_above_90
100, 1663, 0.69279, 0.22, 0.13, 903, 1807, 2837
200, 3097, 0.780761, 0.34, 0.24, 2084, 3132, 4250
400, 6082, 0.8506, 0.48, 0.37, 3178, 4334, 5490
800, 11935, 0.905966, 0.63, 0.52, 4215, 5494, 6665
1600, 26299, 0.947894, 0.77, 0.68, 5304, 6636, 7842
2000, 31351, 0.958151, 0.81, 0.73, 5673, 7062, 8270
2400, 36634, 0.96554, 0.84, 0.77, 5989, 7386, 8618
2800, 41680, 0.971168, 0.86, 0.8, 6266, 7694, 8947
3200, 46730, 0.975495, 0.88, 0.82, 6495, 7978, 9185
3600, 54548, 0.978852, 0.9, 0.84, 6713, 8227, 9394
4000, 59541, 0.981573, 0.91, 0.86, 6921, 8440, 9548
4400, 64517, 0.983881, 0.92, 0.87, 7133, 8624, 9681
4800, 72371, 0.985826, 0.93, 0.88, 7338, 8824, 9768
5200, 75102, 0.987418, 0.94, 0.9, 7510, 8999, 9835
Experiment finished
Dataset: word2vec-300-angular
Metric: cd
Truncation ratio: 0.25
Normalize the data vectors
Data vectors dimensions: 1000000 x 300
Query vectors dimensions: 1000 x 300
Neighbors dimensions: 1000 x 100
Using AVX512 Inner Product distance
Index loaded
Dimension of space:300
Data size of space:1200
****Weighted average ef: 281
Search time: 1312 ms
Search time: 1194 ms
Search time: 1187 ms
Average Recall: 0.97325
5th percentile recall: 0.88
1st percentile recall: 0.79
Median search time: 1194 ms
Search times: 1187 ms, 1194 ms, 1312 ms,
word2vec-300-angular experiment results:
statisc_length, time, avg_recall, 5th_percentile_recall, 1st_percentile_recall, recall_above_99, recall_above_95, recall_above_90
1025, 1194, 0.97325, 0.88, 0.79, 592, 805, 923
Experiment finished
Adaptive EF Analysis for dataset: word2vec-300-angular

Search with Patience in Proximity for dataset: word2vec-300-angular
ef: 300
Average Recall: 0.76052
5th percentile recall: 0.46
1st percentile recall: 0.3
Median search time: 454 ms
Search times: 435 ms, 454 ms, 3869 ms,
word2vec-300-angular experiment results:
ef, time, avg_recall, 5th_percentile_recall, 1st_percentile_recall, recall_above_99, recall_above_95, recall_above_90
300, 454, 0.76052, 0.46, 0.3, 15, 45, 180
Experiment finished
ef: 100
Average Recall: 0.86781
5th percentile recall: 0.58
1st percentile recall: 0.45
Median search time: 357 ms
Search times: 340 ms, 357 ms, 365 ms,
ef: 200
Average Recall: 0.93217
5th percentile recall: 0.74
1st percentile recall: 0.6
Median search time: 590 ms
Search times: 587 ms, 590 ms, 612 ms,
ef: 400
Average Recall: 0.96589
5th percentile recall: 0.84
1st percentile recall: 0.73
Median search time: 1073 ms
Search times: 1063 ms, 1073 ms, 1080 ms,
ef: 800
Average Recall: 0.98187
5th percentile recall: 0.9
1st percentile recall: 0.81
Median search time: 1792 ms
Search times: 1751 ms, 1792 ms, 1874 ms,
ef: 1600
Average Recall: 0.9896
5th percentile recall: 0.94
1st percentile recall: 0.87
Median search time: 3075 ms
Search times: 3072 ms, 3075 ms, 3123 ms,
word2vec-300-angular experiment results:
ef, time, avg_recall, 5th_percentile_recall, 1st_percentile_recall, recall_above_99, recall_above_95, recall_above_90
100, 357, 0.86781, 0.58, 0.45, 138, 319, 511
200, 590, 0.93217, 0.74, 0.6, 371, 578, 741
400, 1073, 0.96589, 0.84, 0.73, 598, 763, 880
800, 1792, 0.98187, 0.9, 0.81, 730, 871, 949
1600, 3075, 0.9896, 0.94, 0.87, 827, 922, 978
Experiment finished
Dataset: sift10m-128-euclidean
Metric: l2
Truncation ratio: 0.25
Data vectors dimensions: 10000000 x 128
Query vectors dimensions: 1000 x 128
Neighbors dimensions: 1000 x 100
Index loaded
Dimension of space:128
Data size of space:512
****Weighted average ef: 212
Search time: 1045 ms
Search time: 1003 ms
Search time: 979 ms
Average Recall: 0.98441
5th percentile recall: 0.95
1st percentile recall: 0.91
Median search time: 1003 ms
Search times: 979 ms, 1003 ms, 1045 ms,
sift10m-128-euclidean experiment results:
statisc_length, time, avg_recall, 5th_percentile_recall, 1st_percentile_recall, recall_above_99, recall_above_95, recall_above_90
1025, 1003, 0.98441, 0.95, 0.91, 623, 917, 995
Experiment finished
Adaptive EF Analysis for dataset: sift10m-128-euclidean

Search with Patience in Proximity for dataset: sift10m-128-euclidean
ef: 300
Average Recall: 0.73397
5th percentile recall: 0.48
1st percentile recall: 0.34
Median search time: 366 ms
Search times: 357 ms, 366 ms, 371 ms,
sift10m-128-euclidean experiment results:
ef, time, avg_recall, 5th_percentile_recall, 1st_percentile_recall, recall_above_99, recall_above_95, recall_above_90
300, 366, 0.73397, 0.48, 0.34, 6, 32, 121
Experiment finished
ef: 100
Average Recall: 0.86004
5th percentile recall: 0.65
1st percentile recall: 0.52
Median search time: 266 ms
Search times: 263 ms, 266 ms, 275 ms,
ef: 200
Average Recall: 0.94082
5th percentile recall: 0.8
1st percentile recall: 0.72
Median search time: 490 ms
Search times: 483 ms, 490 ms, 495 ms,
ef: 400
Average Recall: 0.97951
5th percentile recall: 0.91
1st percentile recall: 0.86
Median search time: 898 ms
Search times: 893 ms, 898 ms, 913 ms,
ef: 800
Average Recall: 0.99413
5th percentile recall: 0.97
1st percentile recall: 0.94
Median search time: 1715 ms
Search times: 1665 ms, 1715 ms, 5105 ms,
sift10m-128-euclidean experiment results:
ef, time, avg_recall, 5th_percentile_recall, 1st_percentile_recall, recall_above_99, recall_above_95, recall_above_90
100, 266, 0.86004, 0.65, 0.52, 111, 240, 431
200, 490, 0.94082, 0.8, 0.72, 330, 559, 768
400, 898, 0.97951, 0.91, 0.86, 638, 849, 960
800, 1715, 0.99413, 0.97, 0.94, 876, 974, 997
Experiment finished
Dataset: gist-960-euclidean
Metric: l2
Truncation ratio: 0.25
Data vectors dimensions: 1000000 x 960
Query vectors dimensions: 1000 x 960
Neighbors dimensions: 1000 x 100
Index loaded
Dimension of space:960
Data size of space:3840
****Weighted average ef: 520
Search time: 3903 ms
Search time: 3868 ms
Search time: 3835 ms
Average Recall: 0.97067
5th percentile recall: 0.91
1st percentile recall: 0.87
Median search time: 3868 ms
Search times: 3835 ms, 3868 ms, 3903 ms,
gist-960-euclidean experiment results:
statisc_length, time, avg_recall, 5th_percentile_recall, 1st_percentile_recall, recall_above_99, recall_above_95, recall_above_90
1025, 3868, 0.97067, 0.91, 0.87, 400, 765, 961
Experiment finished
Adaptive EF Analysis for dataset: gist-960-euclidean

Search with Patience in Proximity for dataset: gist-960-euclidean
ef: 300
Average Recall: 0.59047
5th percentile recall: 0.34
1st percentile recall: 0.26
Median search time: 645 ms
Search times: 644 ms, 645 ms, 659 ms,
gist-960-euclidean experiment results:
ef, time, avg_recall, 5th_percentile_recall, 1st_percentile_recall, recall_above_99, recall_above_95, recall_above_90
300, 645, 0.59047, 0.34, 0.26, 1, 4, 29
Experiment finished
ef: 100
Average Recall: 0.73019
5th percentile recall: 0.48
1st percentile recall: 0.41
Median search time: 722 ms
Search times: 720 ms, 722 ms, 741 ms,
ef: 200
Average Recall: 0.85207
5th percentile recall: 0.65
1st percentile recall: 0.56
Median search time: 1306 ms
Search times: 1295 ms, 1306 ms, 1315 ms,
ef: 400
Average Recall: 0.93128
5th percentile recall: 0.8
1st percentile recall: 0.74
Median search time: 2350 ms
Search times: 2346 ms, 2350 ms, 2350 ms,
ef: 800
Average Recall: 0.97205
5th percentile recall: 0.9
1st percentile recall: 0.84
Median search time: 4146 ms
Search times: 4139 ms, 4146 ms, 5205 ms,
ef: 1600
Average Recall: 0.9896
5th percentile recall: 0.96
1st percentile recall: 0.93
Median search time: 7244 ms
Search times: 7194 ms, 7244 ms, 10864 ms,
ef: 2000
Average Recall: 0.99253
5th percentile recall: 0.96
1st percentile recall: 0.94
Median search time: 8720 ms
Search times: 8621 ms, 8720 ms, 12153 ms,
gist-960-euclidean experiment results:
ef, time, avg_recall, 5th_percentile_recall, 1st_percentile_recall, recall_above_99, recall_above_95, recall_above_90
100, 722, 0.73019, 0.48, 0.41, 21, 73, 160
200, 1306, 0.85207, 0.65, 0.56, 101, 226, 375
400, 2350, 0.93128, 0.8, 0.74, 271, 462, 699
800, 4146, 0.97205, 0.9, 0.84, 495, 756, 941
1600, 7244, 0.9896, 0.96, 0.93, 757, 952, 996
2000, 8720, 0.99253, 0.96, 0.94, 820, 976, 998
Experiment finished
Dataset: tiny5m-384-euclidean
Metric: l2
Truncation ratio: 0.25
Data vectors dimensions: 5000000 x 384
Query vectors dimensions: 1000 x 384
Neighbors dimensions: 1000 x 100
Index loaded
Dimension of space:384
Data size of space:1536
****Weighted average ef: 1024
Search time: 5698 ms
Search time: 5230 ms
Search time: 5219 ms
Average Recall: 0.97073
5th percentile recall: 0.91
1st percentile recall: 0.86
Median search time: 5230 ms
Search times: 5219 ms, 5230 ms, 5698 ms,
tiny5m-384-euclidean experiment results:
statisc_length, time, avg_recall, 5th_percentile_recall, 1st_percentile_recall, recall_above_99, recall_above_95, recall_above_90
1025, 5230, 0.97073, 0.91, 0.86, 490, 756, 951
Experiment finished
Adaptive EF Analysis for dataset: tiny5m-384-euclidean

Search with Patience in Proximity for dataset: tiny5m-384-euclidean
ef: 300
Average Recall: 0.53697
5th percentile recall: 0.21
1st percentile recall: 0.13
Median search time: 568 ms
Search times: 554 ms, 568 ms, 570 ms,
tiny5m-384-euclidean experiment results:
ef, time, avg_recall, 5th_percentile_recall, 1st_percentile_recall, recall_above_99, recall_above_95, recall_above_90
300, 568, 0.53697, 0.21, 0.13, 1, 6, 28
Experiment finished
ef: 100
Average Recall: 0.66362
5th percentile recall: 0.31
1st percentile recall: 0.2
Median search time: 500 ms
Search times: 494 ms, 500 ms, 511 ms,
ef: 200
Average Recall: 0.78227
5th percentile recall: 0.47
1st percentile recall: 0.37
Median search time: 913 ms
Search times: 909 ms, 913 ms, 934 ms,
ef: 400
Average Recall: 0.87369
5th percentile recall: 0.63
1st percentile recall: 0.52
Median search time: 1679 ms
Search times: 1655 ms, 1679 ms, 5042 ms,
ef: 800
Average Recall: 0.9338
5th percentile recall: 0.77
1st percentile recall: 0.67
Median search time: 3133 ms
Search times: 3091 ms, 3133 ms, 3161 ms,
ef: 1600
Average Recall: 0.97025
5th percentile recall: 0.89
1st percentile recall: 0.82
Median search time: 5549 ms
Search times: 5534 ms, 5549 ms, 5646 ms,
ef: 2000
Average Recall: 0.97724
5th percentile recall: 0.91
1st percentile recall: 0.84
Median search time: 6975 ms
Search times: 6748 ms, 6975 ms, 10148 ms,
ef: 2400
Average Recall: 0.98169
5th percentile recall: 0.92
1st percentile recall: 0.87
Median search time: 7919 ms
Search times: 7915 ms, 7919 ms, 11465 ms,
ef: 2800
Average Recall: 0.98492
5th percentile recall: 0.94
1st percentile recall: 0.89
Median search time: 9339 ms
Search times: 9049 ms, 9339 ms, 12552 ms,
ef: 3200
Average Recall: 0.98712
5th percentile recall: 0.95
1st percentile recall: 0.9
Median search time: 10138 ms
Search times: 10135 ms, 10138 ms, 10168 ms,
ef: 3600
Average Recall: 0.98884
5th percentile recall: 0.95
1st percentile recall: 0.92
Median search time: 11012 ms
Search times: 11416 ms, 11012 ms, 15218 ms,
ef: 4000
Average Recall: 0.99019
5th percentile recall: 0.96
1st percentile recall: 0.93
Median search time: 12321 ms
Search times: 12182 ms, 12321 ms, 15768 ms,
tiny5m-384-euclidean experiment results:
ef, time, avg_recall, 5th_percentile_recall, 1st_percentile_recall, recall_above_99, recall_above_95, recall_above_90
100, 500, 0.66362, 0.31, 0.2, 38, 76, 154
200, 913, 0.78227, 0.47, 0.37, 112, 196, 307
400, 1679, 0.87369, 0.63, 0.52, 228, 350, 505
800, 3133, 0.9338, 0.77, 0.67, 368, 555, 735
1600, 5549, 0.97025, 0.89, 0.82, 564, 758, 918
2000, 6975, 0.97724, 0.91, 0.84, 627, 825, 953
2400, 7919, 0.98169, 0.92, 0.87, 679, 867, 970
2800, 9339, 0.98492, 0.94, 0.89, 724, 898, 980
3200, 10138, 0.98712, 0.95, 0.9, 752, 923, 988
3600, 11012, 0.98884, 0.95, 0.92, 782, 943, 992
4000, 12321, 0.99019, 0.96, 0.93, 813, 955, 992
Experiment finished
