Starting experiments for Shiro-ef hnswdis library...


EXPERIMENTS_ROOT: /home/ryawszn/experiments/shiro-ef
Dataset: cluster_mg_uniform_100d
[Query vectors] rows: 10000, cols: 100
[Data vectors]  rows: 10000000, cols: 100
[Neighbors] rows: 10000, cols: 1000
Using AVX512 Inner Product distance
Index built in 1617727 ms
First 1k Data Points Recall: 0.849
Last 1k Data Points Recall: 0.867
The index have been saved to: /home/ryawszn/experiments/shiro-ef/index/cluster_mg_uniform_100d-M16-efc-500-parallel.hnsw
Dataset: cluster_mg_zipf_100d
[Query vectors] rows: 10000, cols: 100
[Data vectors]  rows: 10000000, cols: 100
[Neighbors] rows: 10000, cols: 1000
Using AVX512 Inner Product distance
Index built in 3235685 ms
First 1k Data Points Recall: 0.558
Last 1k Data Points Recall: 0.688
The index have been saved to: /home/ryawszn/experiments/shiro-ef/index/cluster_mg_zipf_100d-M16-efc-500-parallel.hnsw
Starting offline experiments...


Dataset: cluster_mg_uniform_100d
Metric: cd
Truncation ratio: 0.251
Normalize the data vectors
Data vectors dimensions: 10000000 x 100
Query vectors dimensions: 10000 x 100
Neighbors dimensions: 10000 x 1000
Using AVX512 Inner Product distance
Index loaded
Dimension of space:100
Data size of space:400
Sampling computing time: 362533 ms
Loading samplings from /home/ryawszn/experiments/shiro-ef/sampling/cluster_mg_uniform_100d-samplings--k1000-ef.bin
Samplings loaded from /home/ryawszn/experiments/shiro-ef/sampling/cluster_mg_uniform_100d-samplings--k1000-ef.bin
Average Recall: 0.996762
Initial average recall with ef=1000: 0.994062
Average Recall: 0.998316
Initial average recall with ef=1500: 0.997654
Weighted average ef: 996
EF-estimation table computing time: 202995 ms
Training convergence-bucket 0 [0.728851, 46.069) with 200 queries.
Average Recall: 0.997731
Initial average recall with ef=1000: 0.981253
Average Recall: 0.997969
Initial average recall with ef=1500: 0.992483
Weighted average ef: 1291.19
Training convergence-bucket 1 [46.069, 50.8853) with 200 queries.
Average Recall: 0.987832
Initial average recall with ef=1000: 0.972379
Average Recall: 0.998216
Initial average recall with ef=1500: 0.993118
Weighted average ef: 1242.41
Training convergence-bucket 2 [50.8853, 56.1335) with 200 queries.
Average Recall: 0.997964
Initial average recall with ef=1000: 0.987402
Average Recall: 0.99825
Initial average recall with ef=1500: 0.99818
Weighted average ef: 945
Training convergence-bucket 3 [56.1335, 65.6023) with 200 queries.
Average Recall: 0.98802
Initial average recall with ef=1000: 0.998011
Average Recall: 0.998235
Initial average recall with ef=1500: 0.998268
Weighted average ef: 915
Training convergence-bucket 4 [65.6023, 69.7826) with 200 queries.
Average Recall: 0.998649
Initial average recall with ef=1000: 0.99862
Average Recall: 0.998914
Initial average recall with ef=1500: 0.998893
Weighted average ef: 935
Training convergence-bucket 5 [69.7826, 72.0626) with 200 queries.
Average Recall: 0.99845
Initial average recall with ef=1000: 0.998438
Average Recall: 0.99869
Initial average recall with ef=1500: 0.99869
Weighted average ef: 935
Training convergence-bucket 6 [72.0626, 73.6451) with 200 queries.
Average Recall: 0.99881
Initial average recall with ef=1000: 0.998824
Average Recall: 0.998995
Initial average recall with ef=1500: 0.99901
Weighted average ef: 995
Training convergence-bucket 7 [73.6451, 75.0317) with 200 queries.
Average Recall: 0.998599
Initial average recall with ef=1000: 0.998579
Average Recall: 0.998824
Initial average recall with ef=1500: 0.99881
Weighted average ef: 975
Training convergence-bucket 8 [75.0317, 76.3102) with 200 queries.
Average Recall: 0.998679
Initial average recall with ef=1000: 0.998694
Average Recall: 0.99891
Initial average recall with ef=1500: 0.998922
Weighted average ef: 965
Training convergence-bucket 9 [76.3102, 77.6245) with 200 queries.
Average Recall: 0.998389
Initial average recall with ef=1000: 0.998399
Average Recall: 0.99864
Initial average recall with ef=1500: 0.998651
Weighted average ef: 990
Training convergence-bucket 10 [77.6245, 78.6963) with 200 queries.
Average Recall: 0.998605
Initial average recall with ef=1000: 0.998607
Average Recall: 0.998829
Initial average recall with ef=1500: 0.998836
Weighted average ef: 980
Training convergence-bucket 11 [78.6963, 79.8854) with 200 queries.
Average Recall: 0.998834
Initial average recall with ef=1000: 0.998893
Average Recall: 0.999004
Initial average recall with ef=1500: 0.999066
Weighted average ef: 985
Training convergence-bucket 12 [79.8854, 81.2937) with 200 queries.
Average Recall: 0.998399
Initial average recall with ef=1000: 0.998421
Average Recall: 0.998609
Initial average recall with ef=1500: 0.998619
Weighted average ef: 985
Training convergence-bucket 13 [81.2937, 82.8851) with 200 queries.
Average Recall: 0.99837
Initial average recall with ef=1000: 0.998342
Average Recall: 0.998535
Initial average recall with ef=1500: 0.99851
Weighted average ef: 980
Training convergence-bucket 14 [82.8851, inf) with 200 queries.
Average Recall: 0.993829
Initial average recall with ef=1000: 0.993687
Average Recall: 0.993994
Initial average recall with ef=1500: 0.993856
Weighted average ef: 975
Reconstructed True WAE: 1007.22 (Hard Pct: 0.0159667)

Dataset: cluster_mg_zipf_100d
Metric: cd
Truncation ratio: 0.25
Normalize the data vectors
Data vectors dimensions: 10000000 x 100
Query vectors dimensions: 10000 x 100
Neighbors dimensions: 10000 x 1000
Using AVX512 Inner Product distance
Index loaded
Dimension of space:100
Data size of space:400
Sampling computing time: 315809 ms
Loading samplings from /home/ryawszn/experiments/shiro-ef/sampling/cluster_mg_zipf_100d-samplings--k1000-ef.bin
Samplings loaded from /home/ryawszn/experiments/shiro-ef/sampling/cluster_mg_zipf_100d-samplings--k1000-ef.bin
Average Recall: 0.878881
Initial average recall with ef=1000: 0.878226
Average Recall: 0.913477
Initial average recall with ef=1500: 0.912964
Weighted average ef: 2609.28
EF-estimation table computing time: 232290 ms
Training convergence-bucket 0 [4.40078, 37.4488) with 200 queries.
Average Recall: 0.809335
Initial average recall with ef=1000: 0.787937
Average Recall: 0.864765
Initial average recall with ef=1500: 0.849512
Weighted average ef: 2865
Training convergence-bucket 1 [37.4488, 42.0933) with 200 queries.
Average Recall: 0.744125
Initial average recall with ef=1000: 0.739682
Average Recall: 0.807425
Initial average recall with ef=1500: 0.804061
Weighted average ef: 4395
Training convergence-bucket 2 [42.0933, 45.0982) with 200 queries.
Average Recall: 0.7029
Initial average recall with ef=1000: 0.700851
Average Recall: 0.77125
Initial average recall with ef=1500: 0.769733
Weighted average ef: 4875
Training convergence-bucket 3 [45.0982, 48.0066) with 200 queries.
Average Recall: 0.74368
Initial average recall with ef=1000: 0.740409
Average Recall: 0.80682
Initial average recall with ef=1500: 0.804819
Weighted average ef: 4355.57
Training convergence-bucket 4 [48.0066, 50.8581) with 200 queries.
Average Recall: 0.778775
Initial average recall with ef=1000: 0.77555
Average Recall: 0.836
Initial average recall with ef=1500: 0.834822
Weighted average ef: 4405.79
Training convergence-bucket 5 [50.8581, 54.1486) with 200 queries.
Average Recall: 0.828
Initial average recall with ef=1000: 0.82757
Average Recall: 0.87884
Initial average recall with ef=1500: 0.878798
Weighted average ef: 3563.06
Training convergence-bucket 6 [54.1486, 58.5852) with 200 queries.
Average Recall: 0.88377
Initial average recall with ef=1000: 0.878726
Average Recall: 0.92196
Initial average recall with ef=1500: 0.918453
Recall diff is too small for 1 consecutive steps, break.
Weighted average ef: 2527.02
Training convergence-bucket 7 [58.5852, 63.4799) with 200 queries.
Average Recall: 0.910095
Initial average recall with ef=1000: 0.907749
Average Recall: 0.941255
Initial average recall with ef=1500: 0.940102
Weighted average ef: 1871.53
Training convergence-bucket 8 [63.4799, 67.1975) with 200 queries.
Average Recall: 0.95238
Initial average recall with ef=1000: 0.950854
Average Recall: 0.97199
Initial average recall with ef=1500: 0.971031
Weighted average ef: 1371.87
Training convergence-bucket 9 [67.1975, 70.6795) with 200 queries.
Average Recall: 0.95792
Initial average recall with ef=1000: 0.958416
Average Recall: 0.97512
Initial average recall with ef=1500: 0.975477
Weighted average ef: 1328.62
Training convergence-bucket 10 [70.6795, 74.4771) with 200 queries.
Average Recall: 0.976155
Initial average recall with ef=1000: 0.978495
Average Recall: 0.98611
Initial average recall with ef=1500: 0.988104
Weighted average ef: 1075.32
Training convergence-bucket 11 [74.4771, 78.4122) with 200 queries.
Average Recall: 0.97057
Initial average recall with ef=1000: 0.97523
Average Recall: 0.981579
Initial average recall with ef=1500: 0.981372
Weighted average ef: 1256.43
Training convergence-bucket 12 [78.4122, 82.2034) with 200 queries.
Average Recall: 0.987674
Initial average recall with ef=1000: 0.988005
Average Recall: 0.993814
Initial average recall with ef=1500: 0.994015
Weighted average ef: 955
Training convergence-bucket 13 [82.2034, 85.7201) with 200 queries.
Average Recall: 0.97925
Initial average recall with ef=1000: 0.978989
Average Recall: 0.990615
Initial average recall with ef=1500: 0.990487
Weighted average ef: 985
Training convergence-bucket 14 [85.7201, inf) with 200 queries.
Average Recall: 0.95857
Initial average recall with ef=1000: 0.95857
Average Recall: 0.974565
Initial average recall with ef=1500: 0.974565
Weighted average ef: 1000
Reconstructed True WAE: 2565.6 (Hard Pct: 0.00376667)
Starting shiro-ef tests...


Dataset: cluster_mg_uniform_100d
Metric: cd
Truncation ratio: 0.251
Normalize the data vectors
Data vectors dimensions: 10000000 x 100
Query vectors dimensions: 10000 x 100
Neighbors dimensions: 10000 x 1000
Using AVX512 Inner Product distance
Index loaded
Dimension of space:100
Data size of space:400
****Weighted average ef: 1007
Search time: 8702 ms
Search time: 10591 ms
Search time: 7937 ms
Average Recall: 0.996616
5th percentile recall: 0.994
1st percentile recall: 0.987
Median search time: 8702 ms
Search times: 7937 ms, 8702 ms, 10591 ms, 
cluster_mg_uniform_100d experiment results:
statisc_length, time, avg_recall, 5th_percentile_recall, 1st_percentile_recall, recall_above_99, recall_above_95, recall_above_90
1025, 8702, 0.996616, 0.994, 0.987, 9844, 9982, 9982
Experiment finished
Adaptive EF Analysis for dataset: cluster_mg_uniform_100d

Search with Patience in Proximity for dataset: cluster_mg_uniform_100d
ef: 2000
Average Recall: 0.743519
5th percentile recall: 0.355
1st percentile recall: 0
Median search time: 12543 ms
Search times: 12521 ms, 12543 ms, 15619 ms, 
cluster_mg_uniform_100d experiment results:
ef, time, avg_recall, 5th_percentile_recall, 1st_percentile_recall, recall_above_99, recall_above_95, recall_above_90
2000, 12543, 0.743519, 0.355, 0, 0, 0, 0
Experiment finished
ef: 1000
Average Recall: 0.996407
5th percentile recall: 0.994
1st percentile recall: 0.987
Median search time: 7107 ms
Search times: 6959 ms, 7107 ms, 9723 ms, 
ef: 2000
Average Recall: 0.998501
5th percentile recall: 0.995
1st percentile recall: 0.988
Median search time: 9882 ms
Search times: 9500 ms, 9882 ms, 12561 ms, 
ef: 2400
Average Recall: 0.998698
5th percentile recall: 0.995
1st percentile recall: 0.989
Median search time: 15567 ms
Search times: 14600 ms, 15567 ms, 17839 ms, 
cluster_mg_uniform_100d experiment results:
ef, time, avg_recall, 5th_percentile_recall, 1st_percentile_recall, recall_above_99, recall_above_95, recall_above_90
1000, 7107, 0.996407, 0.994, 0.987, 9842, 9980, 9980
2000, 9882, 0.998501, 0.995, 0.988, 9875, 9998, 9998
2400, 15567, 0.998698, 0.995, 0.989, 9877, 10000, 10000
Experiment finished
Dataset: cluster_mg_zipf_100d
Metric: cd
Truncation ratio: 0.25
Normalize the data vectors
Data vectors dimensions: 10000000 x 100
Query vectors dimensions: 10000 x 100
Neighbors dimensions: 10000 x 1000
Using AVX512 Inner Product distance
Index loaded
Dimension of space:100
Data size of space:400
****Weighted average ef: 2565
Search time: 59680 ms
Search time: 56440 ms
Search time: 58902 ms
Average Recall: 0.965783
5th percentile recall: 0.832
1st percentile recall: 0.794
Median search time: 58902 ms
Search times: 56440 ms, 58902 ms, 59680 ms, 
cluster_mg_zipf_100d experiment results:
statisc_length, time, avg_recall, 5th_percentile_recall, 1st_percentile_recall, recall_above_99, recall_above_95, recall_above_90
1025, 58902, 0.965783, 0.832, 0.794, 5905, 7709, 8618
Experiment finished
Adaptive EF Analysis for dataset: cluster_mg_zipf_100d

Search with Patience in Proximity for dataset: cluster_mg_zipf_100d
ef: 2000
Average Recall: 0.422541
5th percentile recall: 0.078
1st percentile recall: 0
Median search time: 13345 ms
Search times: 13230 ms, 13345 ms, 16398 ms, 
cluster_mg_zipf_100d experiment results:
ef, time, avg_recall, 5th_percentile_recall, 1st_percentile_recall, recall_above_99, recall_above_95, recall_above_90
2000, 13345, 0.422541, 0.078, 0, 0, 22, 312
Experiment finished
ef: 1000
Average Recall: 0.876254
5th percentile recall: 0.546
1st percentile recall: 0.497
Median search time: 20136 ms
Search times: 17459 ms, 20136 ms, 20418 ms, 
ef: 2000
Average Recall: 0.930443
5th percentile recall: 0.686
1st percentile recall: 0.643
Median search time: 33524 ms
Search times: 30985 ms, 33524 ms, 33917 ms, 
ef: 2400
Average Recall: 0.940822
5th percentile recall: 0.72
1st percentile recall: 0.678
Median search time: 38681 ms
Search times: 38559 ms, 38681 ms, 41285 ms, 
ef: 2800
Average Recall: 0.948376
5th percentile recall: 0.747
1st percentile recall: 0.705
Median search time: 43612 ms
Search times: 43539 ms, 43612 ms, 46504 ms, 
ef: 3200
Average Recall: 0.95443
5th percentile recall: 0.769
1st percentile recall: 0.729
Median search time: 51991 ms
Search times: 48157 ms, 51991 ms, 53181 ms, 
ef: 3600
Average Recall: 0.959161
5th percentile recall: 0.789
1st percentile recall: 0.75
Median search time: 55858 ms
Search times: 54161 ms, 55858 ms, 58290 ms, 
ef: 4000
Average Recall: 0.963029
5th percentile recall: 0.805
1st percentile recall: 0.769
Median search time: 60116 ms
Search times: 59864 ms, 60116 ms, 60589 ms, 
ef: 4400
Average Recall: 0.966305
5th percentile recall: 0.82
1st percentile recall: 0.785
Median search time: 66636 ms
Search times: 65266 ms, 66636 ms, 67138 ms, 
ef: 4800
Average Recall: 0.969032
5th percentile recall: 0.831
1st percentile recall: 0.798
Median search time: 69520 ms
Search times: 66266 ms, 69520 ms, 69678 ms, 
ef: 5200
Average Recall: 0.971424
5th percentile recall: 0.842
1st percentile recall: 0.811
Median search time: 74663 ms
Search times: 74499 ms, 74663 ms, 77165 ms, 
cluster_mg_zipf_100d experiment results:
ef, time, avg_recall, 5th_percentile_recall, 1st_percentile_recall, recall_above_99, recall_above_95, recall_above_90
1000, 20136, 0.876254, 0.546, 0.497, 3158, 5410, 6305
2000, 33524, 0.930443, 0.686, 0.643, 5050, 6696, 7450
2400, 38681, 0.940822, 0.72, 0.678, 5402, 6954, 7716
2800, 43612, 0.948376, 0.747, 0.705, 5661, 7182, 7951
3200, 51991, 0.95443, 0.769, 0.729, 5883, 7388, 8151
3600, 55858, 0.959161, 0.789, 0.75, 6070, 7540, 8322
4000, 60116, 0.963029, 0.805, 0.769, 6218, 7686, 8470
4400, 66636, 0.966305, 0.82, 0.785, 6342, 7817, 8590
4800, 69520, 0.969032, 0.831, 0.798, 6461, 7919, 8709
5200, 74663, 0.971424, 0.842, 0.811, 6558, 8029, 8802
Experiment finished
