Starting experiments for Shiro-ef hnswdis library...


EXPERIMENTS_ROOT: /home/ryawszn/experiments/shiro-ef
Starting offline experiments...

Rebuilding table for word2vec-300-angular...
Normalize the data vectors
Data vectors dimensions: 1000000 x 300
Query vectors dimensions: 1000 x 300
Neighbors dimensions: 1000 x 100
Using AVX512 Inner Product distance
Index loaded
Dimension of space:300
Data size of space:1200
Loading samplings from /home/ryawszn/experiments/shiro-ef/sampling/word2vec-300-angular-samplings--k100-ef.bin
Samplings loaded from /home/ryawszn/experiments/shiro-ef/sampling/word2vec-300-angular-samplings--k100-ef.bin
Average Recall: 0.82687
Initial average recall with ef=100: 0.827298
Average Recall: 0.872959
Initial average recall with ef=150: 0.873679
Weighted average ef: 306.68
Training rv-bucket 0 [27.1968, 45.7231) with 200 queries.
Average Recall: 0.596683
Initial average recall with ef=100: 0.594176
Average Recall: 0.67685
Initial average recall with ef=150: 0.678571
Weighted average ef: 455
Training rv-bucket 1 [45.7231, 49.7883) with 200 queries.
Average Recall: 0.589
Initial average recall with ef=100: 0.584278
Average Recall: 0.67535
Initial average recall with ef=150: 0.672139
Recall diff is too small for 1 consecutive steps, break.
Weighted average ef: 462.895
Training rv-bucket 2 [49.7883, 52.9964) with 200 queries.
Average Recall: 0.63555
Initial average recall with ef=100: 0.633911
Average Recall: 0.71715
Initial average recall with ef=150: 0.715363
Weighted average ef: 446.15
Training rv-bucket 3 [52.9964, 57.6844) with 200 queries.
Average Recall: 0.6677
Initial average recall with ef=100: 0.660409
Average Recall: 0.74245
Initial average recall with ef=150: 0.738889
Recall diff is too small for 1 consecutive steps, break.
Recall diff is too small for 1 consecutive steps, break.
Weighted average ef: 420.44
Training rv-bucket 4 [57.6844, 63.7364) with 200 queries.
Average Recall: 0.7836
Initial average recall with ef=100: 0.781509
Average Recall: 0.8398
Initial average recall with ef=150: 0.84
Recall diff is too small for 1 consecutive steps, break.
Recall diff is too small for 1 consecutive steps, break.
Weighted average ef: 343.275
Training rv-bucket 5 [63.7364, 67.6685) with 200 queries.
Average Recall: 0.81425
Initial average recall with ef=100: 0.815562
Average Recall: 0.8661
Initial average recall with ef=150: 0.867135
Recall diff is too small for 1 consecutive steps, break.
Recall diff is too small for 1 consecutive steps, break.
Weighted average ef: 358.345
Training rv-bucket 6 [67.6685, 70.8449) with 200 queries.
Average Recall: 0.84735
Initial average recall with ef=100: 0.846446
Average Recall: 0.89555
Initial average recall with ef=150: 0.896145
Weighted average ef: 244.72
Training rv-bucket 7 [70.8449, 73.3636) with 200 queries.
Average Recall: 0.8844
Initial average recall with ef=100: 0.882083
Average Recall: 0.9263
Initial average recall with ef=150: 0.924821
Recall diff is too small for 1 consecutive steps, break.
Weighted average ef: 207.29
Training rv-bucket 8 [73.3636, 75.4048) with 200 queries.
Average Recall: 0.9173
Initial average recall with ef=100: 0.915629
Average Recall: 0.94725
Initial average recall with ef=150: 0.945928
Weighted average ef: 170.445
Training rv-bucket 9 [75.4048, 77.2178) with 200 queries.
Average Recall: 0.91695
Initial average recall with ef=100: 0.911627
Average Recall: 0.94955
Initial average recall with ef=150: 0.94741
Weighted average ef: 156.935
Training rv-bucket 10 [77.2178, 78.8158) with 200 queries.
Average Recall: 0.9374
Initial average recall with ef=100: 0.93815
Average Recall: 0.9652
Initial average recall with ef=150: 0.96659
Weighted average ef: 120.25
Training rv-bucket 11 [78.8158, 80.2915) with 200 queries.
Average Recall: 0.93845
Initial average recall with ef=100: 0.940739
Average Recall: 0.96425
Initial average recall with ef=150: 0.966875
Weighted average ef: 128.765
Training rv-bucket 12 [80.2915, 81.9963) with 200 queries.
Average Recall: 0.9533
Initial average recall with ef=100: 0.951905
Average Recall: 0.9734
Initial average recall with ef=150: 0.973095
Weighted average ef: 107
Training rv-bucket 13 [81.9963, 84.1359) with 200 queries.
Average Recall: 0.9532
Initial average recall with ef=100: 0.956494
Average Recall: 0.97205
Initial average recall with ef=150: 0.97523
Weighted average ef: 112.58
Training rv-bucket 14 [84.1359, inf) with 200 queries.
Average Recall: 0.96685
Initial average recall with ef=100: 0.969709
Average Recall: 0.98325
Initial average recall with ef=150: 0.98593
Weighted average ef: 90.5
Reconstructed True WAE: 236.938 (Hard Pct: 0.0224667)
Finished building table for word2vec-300-angular
Rebuilding table for sift-128-euclidean...
Data vectors dimensions: 1000000 x 128
Query vectors dimensions: 10000 x 128
Neighbors dimensions: 10000 x 100
Index loaded
Dimension of space:128
Data size of space:512
Loading samplings from /home/ryawszn/experiments/shiro-ef/sampling/sift-128-euclidean-samplings--k100-ef.bin
Samplings loaded from /home/ryawszn/experiments/shiro-ef/sampling/sift-128-euclidean-samplings--k100-ef.bin
Average Recall: 0.923312
Initial average recall with ef=100: 0.92352
Average Recall: 0.958017
Initial average recall with ef=150: 0.958198
Weighted average ef: 160.858
Training rv-bucket 0 [47.9439, 65.1447) with 200 queries.
Average Recall: 0.80765
Initial average recall with ef=100: 0.807926
Average Recall: 0.878
Initial average recall with ef=150: 0.878138
Weighted average ef: 283.19
Training rv-bucket 1 [65.1447, 68.0921) with 200 queries.
Average Recall: 0.82185
Initial average recall with ef=100: 0.819684
Average Recall: 0.89095
Initial average recall with ef=150: 0.889105
Weighted average ef: 264.35
Training rv-bucket 2 [68.0921, 70.0302) with 200 queries.
Average Recall: 0.83115
Initial average recall with ef=100: 0.825889
Average Recall: 0.8971
Initial average recall with ef=150: 0.894333
Weighted average ef: 246.34
Training rv-bucket 3 [70.0302, 73.2734) with 200 queries.
Average Recall: 0.883
Initial average recall with ef=100: 0.882158
Average Recall: 0.93395
Initial average recall with ef=150: 0.933526
Weighted average ef: 191.365
Training rv-bucket 4 [73.2734, 75.6524) with 200 queries.
Average Recall: 0.91335
Initial average recall with ef=100: 0.910753
Average Recall: 0.95405
Initial average recall with ef=150: 0.952634
Weighted average ef: 158.535
Training rv-bucket 5 [75.6524, 77.3521) with 200 queries.
Average Recall: 0.9229
Initial average recall with ef=100: 0.923656
Average Recall: 0.96135
Initial average recall with ef=150: 0.962419
Weighted average ef: 137
Training rv-bucket 6 [77.3521, 78.7958) with 200 queries.
Average Recall: 0.931001
Initial average recall with ef=100: 0.931667
Average Recall: 0.96705
Initial average recall with ef=150: 0.968226
Weighted average ef: 133
Training rv-bucket 7 [78.7958, 79.8728) with 200 queries.
Average Recall: 0.9466
Initial average recall with ef=100: 0.946166
Average Recall: 0.9748
Initial average recall with ef=150: 0.974767
Weighted average ef: 129
Training rv-bucket 8 [79.8728, 81.0217) with 200 queries.
Average Recall: 0.95275
Initial average recall with ef=100: 0.954919
Average Recall: 0.97685
Initial average recall with ef=150: 0.978595
Weighted average ef: 111.785
Training rv-bucket 9 [81.0217, 82.0594) with 200 queries.
Average Recall: 0.955351
Initial average recall with ef=100: 0.955738
Average Recall: 0.98165
Initial average recall with ef=150: 0.981967
Weighted average ef: 106.99
Training rv-bucket 10 [82.0594, 83.1675) with 200 queries.
Average Recall: 0.9641
Initial average recall with ef=100: 0.96582
Average Recall: 0.984601
Initial average recall with ef=150: 0.985291
Weighted average ef: 105.5
Training rv-bucket 11 [83.1675, 84.2372) with 200 queries.
Average Recall: 0.96965
Initial average recall with ef=100: 0.969358
Average Recall: 0.98795
Initial average recall with ef=150: 0.987914
Weighted average ef: 104
Training rv-bucket 12 [84.2372, 85.375) with 200 queries.
Average Recall: 0.97815
Initial average recall with ef=100: 0.979894
Average Recall: 0.99215
Initial average recall with ef=150: 0.993016
Weighted average ef: 97.45
Training rv-bucket 13 [85.375, 86.9422) with 200 queries.
Average Recall: 0.9827
Initial average recall with ef=100: 0.983656
Average Recall: 0.99295
Initial average recall with ef=150: 0.993495
Weighted average ef: 96.45
Training rv-bucket 14 [86.9422, inf) with 200 queries.
Average Recall: 0.98965
Initial average recall with ef=100: 0.991033
Average Recall: 0.997
Initial average recall with ef=150: 0.997663
Weighted average ef: 92.75
Reconstructed True WAE: 132.615 (Hard Pct: 0.0196)
Finished building table for sift-128-euclidean
Starting adaptive ef tests...


Dataset: word2vec-300-angular
Metric: cd
Truncation ratio: 0.25
Normalize the data vectors
Data vectors dimensions: 1000000 x 300
Query vectors dimensions: 1000 x 300
Neighbors dimensions: 1000 x 100
Using AVX512 Inner Product distance
Index loaded
Dimension of space:300
Data size of space:1200
****Weighted average ef: 236
Search time: -1096 ms
Search time: 1141 ms
Search time: 1135 ms
Average Recall: 0.96411
5th percentile recall: 0.84
1st percentile recall: 0.74
Median search time: 1135 ms
Search times: -1096 ms, 1135 ms, 1141 ms, 
word2vec-300-angular experiment results:
statisc_length, time, avg_recall, 5th_percentile_recall, 1st_percentile_recall, recall_above_99, recall_above_95, recall_above_90
1025, 1135, 0.96411, 0.84, 0.74, 528, 737, 886
Experiment finished
Adaptive EF Analysis for dataset: word2vec-300-angular

Search with Patience in Proximity for dataset: word2vec-300-angular
ef: 300
Average Recall: 0.76052
5th percentile recall: 0.46
1st percentile recall: 0.3
Median search time: 490 ms
Search times: 486 ms, 490 ms, 540 ms, 
word2vec-300-angular experiment results:
ef, time, avg_recall, 5th_percentile_recall, 1st_percentile_recall, recall_above_99, recall_above_95, recall_above_90
300, 490, 0.76052, 0.46, 0.3, 15, 45, 180
Experiment finished
ef: 100
Average Recall: 0.86781
5th percentile recall: 0.58
1st percentile recall: 0.45
Median search time: 412 ms
Search times: 381 ms, 412 ms, 429 ms, 
ef: 200
Average Recall: 0.93217
5th percentile recall: 0.74
1st percentile recall: 0.6
Median search time: 684 ms
Search times: 676 ms, 684 ms, 686 ms, 
ef: 400
Average Recall: 0.96589
5th percentile recall: 0.84
1st percentile recall: 0.73
Median search time: 1215 ms
Search times: 1209 ms, 1215 ms, 1235 ms, 
ef: 800
Average Recall: 0.98187
5th percentile recall: 0.9
1st percentile recall: 0.81
Median search time: 2158 ms
Search times: 2113 ms, 2158 ms, 2216 ms, 
word2vec-300-angular experiment results:
ef, time, avg_recall, 5th_percentile_recall, 1st_percentile_recall, recall_above_99, recall_above_95, recall_above_90
100, 412, 0.86781, 0.58, 0.45, 138, 319, 511
200, 684, 0.93217, 0.74, 0.6, 371, 578, 741
400, 1215, 0.96589, 0.84, 0.73, 598, 763, 880
800, 2158, 0.98187, 0.9, 0.81, 730, 871, 949
Experiment finished
Dataset: sift-128-euclidean
Metric: l2
Truncation ratio: 0.25
Data vectors dimensions: 1000000 x 128
Query vectors dimensions: 10000 x 128
Neighbors dimensions: 10000 x 100
Index loaded
Dimension of space:128
Data size of space:512
****Weighted average ef: 132
Search time: 5063 ms
Search time: 5141 ms
Search time: 2418 ms
Average Recall: 0.979795
5th percentile recall: 0.94
1st percentile recall: 0.91
Median search time: 5063 ms
Search times: 2418 ms, 5063 ms, 5141 ms, 
sift-128-euclidean experiment results:
statisc_length, time, avg_recall, 5th_percentile_recall, 1st_percentile_recall, recall_above_99, recall_above_95, recall_above_90
1025, 5063, 0.979795, 0.94, 0.91, 5099, 8723, 9927
Experiment finished
Adaptive EF Analysis for dataset: sift-128-euclidean

Search with Patience in Proximity for dataset: sift-128-euclidean
ef: 300
Average Recall: 0.807587
5th percentile recall: 0.62
1st percentile recall: 0.53
Median search time: 3722 ms
Search times: 3656 ms, 3722 ms, 3745 ms, 
sift-128-euclidean experiment results:
ef, time, avg_recall, 5th_percentile_recall, 1st_percentile_recall, recall_above_99, recall_above_95, recall_above_90
300, 3722, 0.807587, 0.62, 0.53, 96, 595, 1967
Experiment finished
ef: 100
Average Recall: 0.926805
5th percentile recall: 0.79
1st percentile recall: 0.72
Median search time: 2065 ms
Search times: 2055 ms, 2065 ms, 2083 ms, 
ef: 200
Average Recall: 0.979195
5th percentile recall: 0.92
1st percentile recall: 0.87
Median search time: 3827 ms
Search times: 1657 ms, 3827 ms, 3853 ms, 
ef: 400
Average Recall: 0.995709
5th percentile recall: 0.98
1st percentile recall: 0.95
Median search time: 7430 ms
Search times: 7226 ms, 7430 ms, 7449 ms, 
sift-128-euclidean experiment results:
ef, time, avg_recall, 5th_percentile_recall, 1st_percentile_recall, recall_above_99, recall_above_95, recall_above_90
100, 2065, 0.926805, 0.79, 0.72, 2003, 4251, 6988
200, 3827, 0.979195, 0.92, 0.87, 5826, 8450, 9688
400, 7430, 0.995709, 0.98, 0.95, 9056, 9888, 9997
Experiment finished
