nohup: ignoring input
Starting experiments for Shiro-ef hnswdis library...


EXPERIMENTS_ROOT: /home/yc.shea/experiments/shiro-ef
Dataset: deep-image-96-angular
[Query vectors] rows: 10000, cols: 96
[Data vectors]  rows: 9990000, cols: 96
[Neighbors] rows: 10000, cols: 100
Using AVX Inner Product distance
Index built in 2210256 ms
First 1k Data Points Recall: 0.918
Last 1k Data Points Recall: 0.965
The index have been saved to: /home/yc.shea/experiments/shiro-ef/index/deep-image-96-angular-M16-efc-500-parallel.hnsw
Dataset: glove-100-angular
[Query vectors] rows: 10000, cols: 100
[Data vectors]  rows: 1183514, cols: 100
[Neighbors] rows: 10000, cols: 100
Using AVX Inner Product distance
Index built in 251181 ms
First 1k Data Points Recall: 0.72
Last 1k Data Points Recall: 0.826
The index have been saved to: /home/yc.shea/experiments/shiro-ef/index/glove-100-angular-M16-efc-500-parallel.hnsw
Dataset: word2vec-300-angular
[Query vectors] rows: 1000, cols: 300
[Data vectors]  rows: 1000000, cols: 300
[Neighbors] rows: 1000, cols: 100
Using AVX Inner Product distance
Index built in 321928 ms
First 1k Data Points Recall: 0.782
Last 1k Data Points Recall: 0.811
The index have been saved to: /home/yc.shea/experiments/shiro-ef/index/word2vec-300-angular-M16-efc-500-parallel.hnsw
Dataset: sift10m-128-euclidean
[Query vectors] rows: 1000, cols: 128
[Data vectors]  rows: 10000000, cols: 128
[Neighbors] rows: 1000, cols: 100
Index built in 2571335 ms
First 1k Data Points Recall: 0.954
Last 1k Data Points Recall: 0.997
The index have been saved to: /home/yc.shea/experiments/shiro-ef/index/sift10m-128-euclidean-M16-efc-500-parallel.hnsw
Dataset: gist-960-euclidean
[Query vectors] rows: 1000, cols: 960
[Data vectors]  rows: 1000000, cols: 960
[Neighbors] rows: 1000, cols: 100
Index built in 814824 ms
First 1k Data Points Recall: 0.537
Last 1k Data Points Recall: 0.623
The index have been saved to: /home/yc.shea/experiments/shiro-ef/index/gist-960-euclidean-M16-efc-500-parallel.hnsw
Dataset: tiny5m-384-euclidean
[Query vectors] rows: 1000, cols: 384
[Data vectors]  rows: 5000000, cols: 384
[Neighbors] rows: 1000, cols: 100
Index built in 2926302 ms
First 1k Data Points Recall: 0.421
Last 1k Data Points Recall: 0.713
The index have been saved to: /home/yc.shea/experiments/shiro-ef/index/tiny5m-384-euclidean-M16-efc-500-parallel.hnsw
Dataset: msmarco
[Query vectors] rows: 6980, cols: 1536
[Data vectors]  rows: 8841823, cols: 1536
[Neighbors] rows: 6980, cols: 1000
Using AVX Inner Product distance
Index built in 8453134 ms
First 1k Data Points Recall: 0.985
Last 1k Data Points Recall: 0.985
The index have been saved to: /home/yc.shea/experiments/shiro-ef/index/msmarco-M16-efc-500-parallel.hnsw
Dataset: cohere
[Query vectors] rows: 1677, cols: 1024
[Data vectors]  rows: 18380565, cols: 1024
[Neighbors] rows: 1677, cols: 1000
Using AVX Inner Product distance
Index built in 12370736 ms
First 1k Data Points Recall: 0.793
Last 1k Data Points Recall: 0.955
The index have been saved to: /home/yc.shea/experiments/shiro-ef/index/cohere-M16-efc-500-parallel.hnsw