nohup: ignoring input
Starting experiments for Shiro-ef hnswdis library...


EXPERIMENTS_ROOT: /home/yc.shea/experiments/shiro-ef
Starting offline table construction...




Dataset: deep-image-96-angular
Metric: cd
Normalize the data vectors
Data vectors dimensions: 9990000 x 96
Query vectors dimensions: 10000 x 96
Neighbors dimensions: 10000 x 100
Using AVX2 Inner Product distance
Index loaded
Dimension of space:96
Data size of space:384
Loading samplings from /home/yc.shea/experiments/shiro-ef/sampling/deep-image-96-angular-samplings--k100-ef.bin
Samplings loaded from /home/yc.shea/experiments/shiro-ef/sampling/deep-image-96-angular-samplings--k100-ef.bin
Average Recall: 0.836752
Initial average recall with ef=100: 0.836812
Average Recall: 0.885532
Initial average recall with ef=150: 0.885614
Recall diff is too small for 1 consecutive steps, break.
Weighted average ef: 376.164
Training convergence-bucket 0 [24.7399, 37.6475) with 200 queries.
Average Recall: 0.59685
Initial average recall with ef=100: 0.593421
Average Recall: 0.67775
Initial average recall with ef=150: 0.674632
Recall diff is too small for 1 consecutive steps, break.
Recall diff is too small for 1 consecutive steps, break.
Weighted average ef: 1111.3
Training convergence-bucket 1 [37.6475, 41.5085) with 200 queries.
Average Recall: 0.66425
Initial average recall with ef=100: 0.660328
Average Recall: 0.7396
Initial average recall with ef=150: 0.737322
Weighted average ef: 744.415
Training convergence-bucket 2 [41.5085, 46.8784) with 200 queries.
Average Recall: 0.74745
Initial average recall with ef=100: 0.748212
Average Recall: 0.82155
Initial average recall with ef=150: 0.82095
Weighted average ef: 433.255
Training convergence-bucket 3 [46.8784, 50.8795) with 200 queries.
Average Recall: 0.80375
Initial average recall with ef=100: 0.804255
Average Recall: 0.87005
Initial average recall with ef=150: 0.871383
Recall diff is too small for 1 consecutive steps, break.
Weighted average ef: 338.5
Training convergence-bucket 4 [50.8795, 55.3156) with 200 queries.
Average Recall: 0.8485
Initial average recall with ef=100: 0.847187
Average Recall: 0.9019
Initial average recall with ef=150: 0.901198
Weighted average ef: 255.01
Training convergence-bucket 5 [55.3156, 59.2369) with 200 queries.
Average Recall: 0.8862
Initial average recall with ef=100: 0.886631
Average Recall: 0.9346
Initial average recall with ef=150: 0.934511
Weighted average ef: 186.995
Training convergence-bucket 6 [59.2369, 63.7246) with 200 queries.
Average Recall: 0.92695
Initial average recall with ef=100: 0.926984
Average Recall: 0.963
Initial average recall with ef=150: 0.962698
Weighted average ef: 143
Training convergence-bucket 7 [63.7246, 68.3017) with 200 queries.
Average Recall: 0.9427
Initial average recall with ef=100: 0.942181
Average Recall: 0.97085
Initial average recall with ef=150: 0.970851
Weighted average ef: 125.73
Training convergence-bucket 8 [68.3017, 74.6987) with 200 queries.
Average Recall: 0.964501
Initial average recall with ef=100: 0.966947
Average Recall: 0.98265
Initial average recall with ef=150: 0.984842
Weighted average ef: 103.25
Training convergence-bucket 9 [74.6987, inf) with 200 queries.
Average Recall: 0.9864
Initial average recall with ef=100: 0.987513
Average Recall: 0.9934
Initial average recall with ef=150: 0.994127
Weighted average ef: 94.5
Reconstructed True WAE: 237.223 (Hard Pct: 0.0205)
****Weighted average ef: 237


Dataset: glove-100-angular
Metric: cd
Normalize the data vectors
Data vectors dimensions: 1183514 x 100
Query vectors dimensions: 10000 x 100
Neighbors dimensions: 10000 x 100
Using AVX2 Inner Product distance
Index loaded
Dimension of space:100
Data size of space:400
Loading samplings from /home/yc.shea/experiments/shiro-ef/sampling/glove-100-angular-samplings--k100-ef.bin
Samplings loaded from /home/yc.shea/experiments/shiro-ef/sampling/glove-100-angular-samplings--k100-ef.bin
Average Recall: 0.736412
Initial average recall with ef=100: 0.736293
Average Recall: 0.779162
Initial average recall with ef=150: 0.779419
Weighted average ef: 1788.32
Training convergence-bucket 0 [18.896, 28.8174) with 200 queries.
Average Recall: 0.4593
Initial average recall with ef=100: 0.435936
Average Recall: 0.5151
Initial average recall with ef=150: 0.492995
Recall diff is too small for 1 consecutive steps, break.
Weighted average ef: 4132.08
Training convergence-bucket 1 [28.8174, 33.7897) with 200 queries.
Average Recall: 0.50175
Initial average recall with ef=100: 0.459943
Average Recall: 0.54955
Initial average recall with ef=150: 0.508864
Weighted average ef: 3551.96
Training convergence-bucket 2 [33.7897, 38.7598) with 200 queries.
Average Recall: 0.539045
Initial average recall with ef=100: 0.52746
Average Recall: 0.6006
Initial average recall with ef=150: 0.591534
Recall diff is too small for 1 consecutive steps, break.
Weighted average ef: 2919.09
Training convergence-bucket 3 [38.7598, 44.2419) with 200 queries.
Average Recall: 0.64605
Initial average recall with ef=100: 0.639891
Average Recall: 0.7052
Initial average recall with ef=150: 0.701421
Recall diff is too small for 1 consecutive steps, break.
Recall diff is too small for 1 consecutive steps, break.
Recall diff is too small for 1 consecutive steps, break.
Recall diff is too small for 1 consecutive steps, break.
Weighted average ef: 1798.75
Training convergence-bucket 4 [44.2419, 50.2915) with 200 queries.
Average Recall: 0.7155
Initial average recall with ef=100: 0.709076
Average Recall: 0.77145
Initial average recall with ef=150: 0.766522
Recall diff is too small for 1 consecutive steps, break.
Weighted average ef: 1284.16
Training convergence-bucket 5 [50.2915, 56.1593) with 200 queries.
Average Recall: 0.8027
Initial average recall with ef=100: 0.803508
Average Recall: 0.8523
Initial average recall with ef=150: 0.853927
Recall diff is too small for 1 consecutive steps, break.
Weighted average ef: 701
Training convergence-bucket 6 [56.1593, 61.8524) with 200 queries.
Average Recall: 0.87415
Initial average recall with ef=100: 0.872278
Average Recall: 0.9125
Initial average recall with ef=150: 0.912
Weighted average ef: 406.05
Training convergence-bucket 7 [61.8524, 68.0076) with 200 queries.
Average Recall: 0.91035
Initial average recall with ef=100: 0.913989
Average Recall: 0.9382
Initial average recall with ef=150: 0.942416
Weighted average ef: 203.67
Training convergence-bucket 8 [68.0076, 73.9086) with 200 queries.
Average Recall: 0.94105
Initial average recall with ef=100: 0.941685
Average Recall: 0.9618
Initial average recall with ef=150: 0.962717
Recall diff is too small for 1 consecutive steps, break.
Recall diff is too small for 1 consecutive steps, break.
Recall diff is too small for 1 consecutive steps, break.
Weighted average ef: 179.985
Training convergence-bucket 9 [73.9086, inf) with 200 queries.
Average Recall: 0.97325
Initial average recall with ef=100: 0.975337
Average Recall: 0.98495
Initial average recall with ef=150: 0.986854
Recall diff is too small for 1 consecutive steps, break.
Weighted average ef: 104.61
Reconstructed True WAE: 1380.01 (Hard Pct: 0.0073)
****Weighted average ef: 1380


Dataset: word2vec-300-angular
Metric: cd
Normalize the data vectors
Data vectors dimensions: 1000000 x 300
Query vectors dimensions: 1000 x 300
Neighbors dimensions: 1000 x 100
Using AVX2 Inner Product distance
Index loaded
Dimension of space:300
Data size of space:1200
Loading samplings from /home/yc.shea/experiments/shiro-ef/sampling/word2vec-300-angular-samplings--k100-ef.bin
Samplings loaded from /home/yc.shea/experiments/shiro-ef/sampling/word2vec-300-angular-samplings--k100-ef.bin
Average Recall: 0.822047
Initial average recall with ef=100: 0.822333
Average Recall: 0.869185
Initial average recall with ef=150: 0.869579
Weighted average ef: 426.398
Training convergence-bucket 0 [20.9568, 37.1268) with 200 queries.
Average Recall: 0.5701
Initial average recall with ef=100: 0.564149
Average Recall: 0.65065
Initial average recall with ef=150: 0.646383
Recall diff is too small for 1 consecutive steps, break.
Weighted average ef: 898.27
Training convergence-bucket 1 [37.1268, 40.9343) with 200 queries.
Average Recall: 0.6543
Initial average recall with ef=100: 0.651872
Average Recall: 0.73265
Initial average recall with ef=150: 0.730053
Recall diff is too small for 1 consecutive steps, break.
Weighted average ef: 769.41
Training convergence-bucket 2 [40.9343, 46.4886) with 200 queries.
Average Recall: 0.6731
Initial average recall with ef=100: 0.667705
Average Recall: 0.74885
Initial average recall with ef=150: 0.743934
Recall diff is too small for 1 consecutive steps, break.
Recall diff is too small for 1 consecutive steps, break.
Weighted average ef: 786.98
Training convergence-bucket 3 [46.4886, 52.2738) with 200 queries.
Average Recall: 0.7759
Initial average recall with ef=100: 0.779128
Average Recall: 0.8368
Initial average recall with ef=150: 0.83936
Recall diff is too small for 1 consecutive steps, break.
Recall diff is too small for 1 consecutive steps, break.
Recall diff is too small for 1 consecutive steps, break.
Weighted average ef: 508.63
Training convergence-bucket 4 [52.2738, 57.6429) with 200 queries.
Average Recall: 0.84305
Initial average recall with ef=100: 0.840465
Average Recall: 0.89295
Initial average recall with ef=150: 0.892267
Recall diff is too small for 1 consecutive steps, break.
Weighted average ef: 302.41
Training convergence-bucket 5 [57.6429, 61.9231) with 200 queries.
Average Recall: 0.89755
Initial average recall with ef=100: 0.902647
Average Recall: 0.93545
Initial average recall with ef=150: 0.939706
Weighted average ef: 193.44
Training convergence-bucket 6 [61.9231, 65.5611) with 200 queries.
Average Recall: 0.9259
Initial average recall with ef=100: 0.925
Average Recall: 0.9584
Initial average recall with ef=150: 0.958256
Weighted average ef: 138.19
Training convergence-bucket 7 [65.5611, 69.6082) with 200 queries.
Average Recall: 0.9432
Initial average recall with ef=100: 0.944022
Average Recall: 0.96785
Initial average recall with ef=150: 0.968156
Weighted average ef: 128.335
Training convergence-bucket 8 [69.6082, 73.7096) with 200 queries.
Average Recall: 0.961501
Initial average recall with ef=100: 0.965607
Average Recall: 0.9801
Initial average recall with ef=150: 0.983179
Weighted average ef: 95
Training convergence-bucket 9 [73.7096, inf) with 200 queries.
Average Recall: 0.9759
Initial average recall with ef=100: 0.978655
Average Recall: 0.9882
Initial average recall with ef=150: 0.990234
Weighted average ef: 90.62
Reconstructed True WAE: 294.163 (Hard Pct: 0.02405)
****Weighted average ef: 294


Dataset: sift10m-128-euclidean
Metric: l2
Data vectors dimensions: 10000000 x 128
Query vectors dimensions: 1000 x 128
Neighbors dimensions: 1000 x 100
Index loaded
Dimension of space:128
Data size of space:512
Loading samplings from /home/yc.shea/experiments/shiro-ef/sampling/sift10m-128-euclidean-samplings--k100-ef.bin
Samplings loaded from /home/yc.shea/experiments/shiro-ef/sampling/sift10m-128-euclidean-samplings--k100-ef.bin
Average Recall: 0.857483
Initial average recall with ef=100: 0.85843
Average Recall: 0.902956
Initial average recall with ef=150: 0.903798
Weighted average ef: 295.985
Training convergence-bucket 0 [23.5422, 40.6115) with 200 queries.
Average Recall: 0.65985
Initial average recall with ef=100: 0.656099
Average Recall: 0.7372
Initial average recall with ef=150: 0.733901
Recall diff is too small for 1 consecutive steps, break.
Weighted average ef: 692.04
Training convergence-bucket 1 [40.6115, 44.4371) with 200 queries.
Average Recall: 0.6992
Initial average recall with ef=100: 0.695479
Average Recall: 0.77485
Initial average recall with ef=150: 0.771489
Recall diff is too small for 1 consecutive steps, break.
Weighted average ef: 622.01
Training convergence-bucket 2 [44.4371, 49.4295) with 200 queries.
Average Recall: 0.76745
Initial average recall with ef=100: 0.766243
Average Recall: 0.833799
Initial average recall with ef=150: 0.832963
Weighted average ef: 424.15
Training convergence-bucket 3 [49.4295, 53.5795) with 200 queries.
Average Recall: 0.83765
Initial average recall with ef=100: 0.83701
Average Recall: 0.89625
Initial average recall with ef=150: 0.895618
Weighted average ef: 269.665
Training convergence-bucket 4 [53.5795, 57.0072) with 200 queries.
Average Recall: 0.87105
Initial average recall with ef=100: 0.869947
Average Recall: 0.92165
Initial average recall with ef=150: 0.921526
Weighted average ef: 219.845
Training convergence-bucket 5 [57.0072, 60.574) with 200 queries.
Average Recall: 0.9012
Initial average recall with ef=100: 0.900311
Average Recall: 0.94485
Initial average recall with ef=150: 0.9443
Weighted average ef: 184.66
Training convergence-bucket 6 [60.574, 64.2903) with 200 queries.
Average Recall: 0.9263
Initial average recall with ef=100: 0.926774
Average Recall: 0.96045
Initial average recall with ef=150: 0.96129
Weighted average ef: 138
Training convergence-bucket 7 [64.2903, 69.481) with 200 queries.
Average Recall: 0.95055
Initial average recall with ef=100: 0.951244
Average Recall: 0.976151
Initial average recall with ef=150: 0.976217
Weighted average ef: 117.68
Training convergence-bucket 8 [69.481, 74.4878) with 200 queries.
Average Recall: 0.96985
Initial average recall with ef=100: 0.970153
Average Recall: 0.98735
Initial average recall with ef=150: 0.987449
Weighted average ef: 103.975
Training convergence-bucket 9 [74.4878, inf) with 200 queries.
Average Recall: 0.99175
Initial average recall with ef=100: 0.992751
Average Recall: 0.99705
Initial average recall with ef=150: 0.997566
Weighted average ef: 94.5
Reconstructed True WAE: 211.8 (Hard Pct: 0.02035)
****Weighted average ef: 211


Dataset: gist-960-euclidean
Metric: l2
Data vectors dimensions: 1000000 x 960
Query vectors dimensions: 1000 x 960
Neighbors dimensions: 1000 x 100
Index loaded
Dimension of space:960
Data size of space:3840
Loading samplings from /home/yc.shea/experiments/shiro-ef/sampling/gist-960-euclidean-samplings--k100-ef.bin
Samplings loaded from /home/yc.shea/experiments/shiro-ef/sampling/gist-960-euclidean-samplings--k100-ef.bin
Average Recall: 0.72911
Initial average recall with ef=100: 0.727846
Average Recall: 0.801823
Initial average recall with ef=150: 0.80107
Recall diff is too small for 1 consecutive steps, break.
Weighted average ef: 618.925
Training convergence-bucket 0 [22.5744, 33.1824) with 200 queries.
Average Recall: 0.5082
Initial average recall with ef=100: 0.506203
Average Recall: 0.6074
Initial average recall with ef=150: 0.607273
Weighted average ef: 1331.16
Training convergence-bucket 1 [33.1824, 36.404) with 200 queries.
Average Recall: 0.5732
Initial average recall with ef=100: 0.574031
Average Recall: 0.6644
Initial average recall with ef=150: 0.665811
Weighted average ef: 1061.51
Training convergence-bucket 2 [36.404, 39.3015) with 200 queries.
Average Recall: 0.6221
Initial average recall with ef=100: 0.624921
Average Recall: 0.7107
Initial average recall with ef=150: 0.713862
Recall diff is too small for 1 consecutive steps, break.
Weighted average ef: 754.445
Training convergence-bucket 3 [39.3015, 41.7754) with 200 queries.
Average Recall: 0.65865
Initial average recall with ef=100: 0.658663
Average Recall: 0.74685
Initial average recall with ef=150: 0.746524
Weighted average ef: 655.125
Training convergence-bucket 4 [41.7754, 44.5673) with 200 queries.
Average Recall: 0.69445
Initial average recall with ef=100: 0.700266
Average Recall: 0.78245
Initial average recall with ef=150: 0.787606
Recall diff is too small for 1 consecutive steps, break.
Recall diff is too small for 1 consecutive steps, break.
Recall diff is too small for 1 consecutive steps, break.
Weighted average ef: 560.575
Training convergence-bucket 5 [44.5673, 47.9682) with 200 queries.
Average Recall: 0.7518
Initial average recall with ef=100: 0.747713
Average Recall: 0.82995
Initial average recall with ef=150: 0.825958
Weighted average ef: 436.625
Training convergence-bucket 6 [47.9682, 52.2701) with 200 queries.
Average Recall: 0.79205
Initial average recall with ef=100: 0.789779
Average Recall: 0.86455
Initial average recall with ef=150: 0.863812
Weighted average ef: 354.56
Training convergence-bucket 7 [52.2701, 57.8033) with 200 queries.
Average Recall: 0.8327
Initial average recall with ef=100: 0.833385
Average Recall: 0.8927
Initial average recall with ef=150: 0.893854
Weighted average ef: 287.41
Training convergence-bucket 8 [57.8033, 66.7323) with 200 queries.
Average Recall: 0.9013
Initial average recall with ef=100: 0.903661
Average Recall: 0.94155
Initial average recall with ef=150: 0.943169
Weighted average ef: 174.805
Training convergence-bucket 9 [66.7323, inf) with 200 queries.
Average Recall: 0.95665
Initial average recall with ef=100: 0.958953
Average Recall: 0.9777
Initial average recall with ef=150: 0.980291
Weighted average ef: 103.75
Reconstructed True WAE: 512.977 (Hard Pct: 0.01075)
****Weighted average ef: 512


Dataset: tiny5m-384-euclidean
Metric: l2
Data vectors dimensions: 5000000 x 384
Query vectors dimensions: 1000 x 384
Neighbors dimensions: 1000 x 100
Index loaded
Dimension of space:384
Data size of space:1536
Loading samplings from /home/yc.shea/experiments/shiro-ef/sampling/tiny5m-384-euclidean-samplings--k100-ef.bin
Samplings loaded from /home/yc.shea/experiments/shiro-ef/sampling/tiny5m-384-euclidean-samplings--k100-ef.bin
Average Recall: 0.64011
Initial average recall with ef=100: 0.639256
Average Recall: 0.711179
Initial average recall with ef=150: 0.710479
Recall diff is too small for 1 consecutive steps, break.
Recall diff is too small for 1 consecutive steps, break.
Recall diff is too small for 1 consecutive steps, break.
Weighted average ef: 1312.65
Training convergence-bucket 0 [20.6421, 29.1991) with 200 queries.
Average Recall: 0.38735
Initial average recall with ef=100: 0.380469
Average Recall: 0.46635
Initial average recall with ef=150: 0.459896
Recall diff is too small for 1 consecutive steps, break.
Weighted average ef: 2881.77
Training convergence-bucket 1 [29.1991, 32.4686) with 200 queries.
Average Recall: 0.43525
Initial average recall with ef=100: 0.431152
Average Recall: 0.5134
Initial average recall with ef=150: 0.509738
Weighted average ef: 2190.68
Training convergence-bucket 2 [32.4686, 35.2578) with 200 queries.
Average Recall: 0.50365
Initial average recall with ef=100: 0.496471
Average Recall: 0.5905
Initial average recall with ef=150: 0.583797
Recall diff is too small for 1 consecutive steps, break.
Recall diff is too small for 1 consecutive steps, break.
Weighted average ef: 1678.04
Training convergence-bucket 3 [35.2578, 37.7977) with 200 queries.
Average Recall: 0.5425
Initial average recall with ef=100: 0.545436
Average Recall: 0.62875
Initial average recall with ef=150: 0.632154
Recall diff is too small for 1 consecutive steps, break.
Recall diff is too small for 1 consecutive steps, break.
Weighted average ef: 1387.32
Training convergence-bucket 4 [37.7977, 40.88) with 200 queries.
Average Recall: 0.58725
Initial average recall with ef=100: 0.583112
Average Recall: 0.66375
Initial average recall with ef=150: 0.659694
Recall diff is too small for 1 consecutive steps, break.
Recall diff is too small for 1 consecutive steps, break.
Weighted average ef: 1191.58
Training convergence-bucket 5 [40.88, 44.1355) with 200 queries.
Average Recall: 0.6409
Initial average recall with ef=100: 0.647037
Average Recall: 0.72825
Initial average recall with ef=150: 0.733757
Recall diff is too small for 1 consecutive steps, break.
Weighted average ef: 817.25
Training convergence-bucket 6 [44.1355, 48.9694) with 200 queries.
Average Recall: 0.71595
Initial average recall with ef=100: 0.71288
Average Recall: 0.79085
Initial average recall with ef=150: 0.788207
Weighted average ef: 567.95
Training convergence-bucket 7 [48.9694, 54.9123) with 200 queries.
Average Recall: 0.796
Initial average recall with ef=100: 0.796595
Average Recall: 0.85995
Initial average recall with ef=150: 0.860973
Recall diff is too small for 1 consecutive steps, break.
Weighted average ef: 353.965
Training convergence-bucket 8 [54.9123, 64.2559) with 200 queries.
Average Recall: 0.8654
Initial average recall with ef=100: 0.872528
Average Recall: 0.9148
Initial average recall with ef=150: 0.921966
Weighted average ef: 226.57
Training convergence-bucket 9 [64.2559, inf) with 200 queries.
Average Recall: 0.928292
Initial average recall with ef=100: 0.934509
Average Recall: 0.956432
Initial average recall with ef=150: 0.960405
Weighted average ef: 145.885
Reconstructed True WAE: 1020.59 (Hard Pct: 0.00815)
****Weighted average ef: 1020


Dataset: msmarco
Metric: cd
Normalize the data vectors
Data vectors dimensions: 8841823 x 1536
Query vectors dimensions: 6980 x 1536
Neighbors dimensions: 6980 x 1000
Using AVX2 Inner Product distance
Index loaded
Dimension of space:1536
Data size of space:6144
Loading samplings from /home/yc.shea/experiments/shiro-ef/sampling/msmarco-samplings--k1000-ef.bin
Samplings loaded from /home/yc.shea/experiments/shiro-ef/sampling/msmarco-samplings--k1000-ef.bin
Average Recall: 0.957009
Initial average recall with ef=1000: 0.957169
Average Recall: 0.975472
Initial average recall with ef=1500: 0.97558
Weighted average ef: 1322.65
Training convergence-bucket 0 [15.2861, 49.6951) with 200 queries.
Average Recall: 0.864995
Initial average recall with ef=1000: 0.862582
Average Recall: 0.91271
Initial average recall with ef=1500: 0.911027
Weighted average ef: 2541.96
Training convergence-bucket 1 [49.6951, 55.327) with 200 queries.
Average Recall: 0.900305
Initial average recall with ef=1000: 0.898984
Average Recall: 0.93957
Initial average recall with ef=1500: 0.938658
Weighted average ef: 1822.5
Training convergence-bucket 2 [55.327, 63.5713) with 200 queries.
Average Recall: 0.935035
Initial average recall with ef=1000: 0.93105
Average Recall: 0.962605
Initial average recall with ef=1500: 0.960143
Weighted average ef: 1396.18
Training convergence-bucket 3 [63.5713, 70.1908) with 200 queries.
Average Recall: 0.9641
Initial average recall with ef=1000: 0.96145
Average Recall: 0.981469
Initial average recall with ef=1500: 0.980062
Weighted average ef: 1025
Training convergence-bucket 4 [70.1908, 74.0332) with 200 queries.
Average Recall: 0.97209
Initial average recall with ef=1000: 0.972088
Average Recall: 0.986395
Initial average recall with ef=1500: 0.98653
Weighted average ef: 942.5
Training convergence-bucket 5 [74.0332, 76.7983) with 200 queries.
Average Recall: 0.97888
Initial average recall with ef=1000: 0.978257
Average Recall: 0.99033
Initial average recall with ef=1500: 0.990017
Weighted average ef: 915
Training convergence-bucket 6 [76.7983, 79.0297) with 200 queries.
Average Recall: 0.983344
Initial average recall with ef=1000: 0.984337
Average Recall: 0.992809
Initial average recall with ef=1500: 0.993447
Weighted average ef: 905
Training convergence-bucket 7 [79.0297, 80.7308) with 200 queries.
Average Recall: 0.987565
Initial average recall with ef=1000: 0.990868
Average Recall: 0.994895
Initial average recall with ef=1500: 0.996808
Weighted average ef: 835
Training convergence-bucket 8 [80.7308, 82.8466) with 200 queries.
Average Recall: 0.990555
Initial average recall with ef=1000: 0.991682
Average Recall: 0.996385
Initial average recall with ef=1500: 0.996875
Weighted average ef: 890.45
Training convergence-bucket 9 [82.8466, inf) with 200 queries.
Average Recall: 0.9932
Initial average recall with ef=1000: 0.99423
Average Recall: 0.997535
Initial average recall with ef=1500: 0.997888
Weighted average ef: 850
Reconstructed True WAE: 1092.86 (Hard Pct: 0.02405)
****Weighted average ef: 1092


Dataset: cohere
Metric: cd
Normalize the data vectors
Data vectors dimensions: 18380565 x 1024
Query vectors dimensions: 1677 x 1024
Neighbors dimensions: 1677 x 1000
Using AVX2 Inner Product distance
Index loaded
Dimension of space:1024
Data size of space:4096
Loading samplings from /home/yc.shea/experiments/shiro-ef/sampling/cohere-samplings--k1000-ef.bin
Samplings loaded from /home/yc.shea/experiments/shiro-ef/sampling/cohere-samplings--k1000-ef.bin
Average Recall: 0.950747
Initial average recall with ef=1000: 0.950724
Average Recall: 0.97132
Initial average recall with ef=1500: 0.971309
Weighted average ef: 1342.54
Training convergence-bucket 0 [9.23899, 47.9008) with 200 queries.
Average Recall: 0.87732
Initial average recall with ef=1000: 0.869494
Average Recall: 0.919025
Initial average recall with ef=1500: 0.913676
Weighted average ef: 2448.77
Training convergence-bucket 1 [47.9008, 55.2678) with 200 queries.
Average Recall: 0.90989
Initial average recall with ef=1000: 0.896119
Average Recall: 0.943415
Initial average recall with ef=1500: 0.934559
Weighted average ef: 1520.36
Training convergence-bucket 2 [55.2678, 62.7248) with 200 queries.
Average Recall: 0.9313
Initial average recall with ef=1000: 0.932591
Average Recall: 0.95772
Initial average recall with ef=1500: 0.961154
Weighted average ef: 1160.33
Training convergence-bucket 3 [62.7248, 67.1664) with 200 queries.
Average Recall: 0.956275
Initial average recall with ef=1000: 0.958613
Average Recall: 0.977015
Initial average recall with ef=1500: 0.978636
Weighted average ef: 1005
Training convergence-bucket 4 [67.1664, 70.0138) with 200 queries.
Average Recall: 0.960855
Initial average recall with ef=1000: 0.96285
Average Recall: 0.97939
Initial average recall with ef=1500: 0.980772
Weighted average ef: 922.5
Training convergence-bucket 5 [70.0138, 72.4253) with 200 queries.
Average Recall: 0.96698
Initial average recall with ef=1000: 0.969118
Average Recall: 0.98333
Initial average recall with ef=1500: 0.984912
Weighted average ef: 905
Training convergence-bucket 6 [72.4253, 74.8149) with 200 queries.
Average Recall: 0.971845
Initial average recall with ef=1000: 0.97279
Average Recall: 0.985785
Initial average recall with ef=1500: 0.986365
Weighted average ef: 988.885
Training convergence-bucket 7 [74.8149, 76.8813) with 200 queries.
Average Recall: 0.97771
Initial average recall with ef=1000: 0.978139
Average Recall: 0.990425
Initial average recall with ef=1500: 0.990683
Weighted average ef: 930
Training convergence-bucket 8 [76.8813, 79.388) with 200 queries.
Average Recall: 0.976321
Initial average recall with ef=1000: 0.978363
Average Recall: 0.98914
Initial average recall with ef=1500: 0.990292
Weighted average ef: 862.755
Training convergence-bucket 9 [79.388, inf) with 200 queries.
Average Recall: 0.97896
Initial average recall with ef=1000: 0.983509
Average Recall: 0.98795
Initial average recall with ef=1500: 0.990405
Weighted average ef: 865
Reconstructed True WAE: 1170.23 (Hard Pct: 0.0185)
****Weighted average ef: 1170
Starting per-query result experiments...


Dataset: deep-image-96-angular
Metric: cd
Truncation Ratio: 1
Normalize the data vectors
Data vectors dimensions: 9990000 x 96
Query vectors dimensions: 10000 x 96
Neighbors dimensions: 10000 x 100
Using AVX2 Inner Product distance
Index loaded
Dimension of space:96
Data size of space:384
****Weighted average ef: 237

=== Summary (Iteration 1/3) ===
Average Latency: 1.22346e+06 ns
Average Recall: 0.977659
Total Latency: 12.2346 seconds

=== Summary (Iteration 2/3) ===
Average Latency: 1.21912e+06 ns
Average Recall: 0.977659
Total Latency: 12.1912 seconds

=== Summary (Iteration 3/3) ===
Average Latency: 1.22113e+06 ns
Average Recall: 0.977659
Total Latency: 12.2113 seconds

Per-query results (median latency per query) have been written to research/csv/per_query_results_deep-image-96-angular.csv

=== Final Summary (Median Iteration) ===
Average Latency: 1.20853e+06 ns
Total Latency: 12.0853 seconds
Average Recall: 0.977659
5th percentile recall: 0.93
1st percentile recall: 0.89
Experiment finished.

======================================
Testing ef: 100
Per-query results appended to research/csv/per_query_baseline_deep-image-96-angular.csv

=== Summary for ef 100 ===
Average Recall: 0.858362
5th percentile recall: 0.6
1st percentile recall: 0.46

Total Latency: 3.09806 seconds
Average Latency: 309806 ns

======================================
Testing ef: 200
Per-query results appended to research/csv/per_query_baseline_deep-image-96-angular.csv

=== Summary for ef 200 ===
Average Recall: 0.935412
5th percentile recall: 0.76
1st percentile recall: 0.63

Total Latency: 5.74095 seconds
Average Latency: 574095 ns

======================================
Testing ef: 300
Per-query results appended to research/csv/per_query_baseline_deep-image-96-angular.csv

=== Summary for ef 300 ===
Average Recall: 0.961937
5th percentile recall: 0.84
1st percentile recall: 0.72

Total Latency: 8.37378 seconds
Average Latency: 837378 ns

======================================
Testing ef: 400
Per-query results appended to research/csv/per_query_baseline_deep-image-96-angular.csv

=== Summary for ef 400 ===
Average Recall: 0.974665
5th percentile recall: 0.88
1st percentile recall: 0.78

Total Latency: 10.9235 seconds
Average Latency: 1.09235e+06 ns

======================================
Testing ef: 500
Per-query results appended to research/csv/per_query_baseline_deep-image-96-angular.csv

=== Summary for ef 500 ===
Average Recall: 0.981735
5th percentile recall: 0.91
1st percentile recall: 0.82

Total Latency: 13.4694 seconds
Average Latency: 1.34694e+06 ns

======================================
Testing ef: 600
Per-query results appended to research/csv/per_query_baseline_deep-image-96-angular.csv

=== Summary for ef 600 ===
Average Recall: 0.986137
5th percentile recall: 0.93
1st percentile recall: 0.85

Total Latency: 15.971 seconds
Average Latency: 1.5971e+06 ns

======================================
Testing ef: 700
Per-query results appended to research/csv/per_query_baseline_deep-image-96-angular.csv

=== Summary for ef 700 ===
Average Recall: 0.989089
5th percentile recall: 0.94
1st percentile recall: 0.87

Total Latency: 18.5171 seconds
Average Latency: 1.85171e+06 ns

======================================
Testing ef: 800
Per-query results appended to research/csv/per_query_baseline_deep-image-96-angular.csv

=== Summary for ef 800 ===
Average Recall: 0.991229
5th percentile recall: 0.95
1st percentile recall: 0.89

Total Latency: 20.9367 seconds
Average Latency: 2.09367e+06 ns
Experiment finished
Dataset: glove-100-angular
Metric: cd
Truncation Ratio: 1
Normalize the data vectors
Data vectors dimensions: 1183514 x 100
Query vectors dimensions: 10000 x 100
Neighbors dimensions: 10000 x 100
Using AVX2 Inner Product distance
Index loaded
Dimension of space:100
Data size of space:400
****Weighted average ef: 1380

=== Summary (Iteration 1/3) ===
Average Latency: 5.73128e+06 ns
Average Recall: 0.977862
Total Latency: 57.3128 seconds

=== Summary (Iteration 2/3) ===
Average Latency: 5.73384e+06 ns
Average Recall: 0.977862
Total Latency: 57.3384 seconds

=== Summary (Iteration 3/3) ===
Average Latency: 5.72973e+06 ns
Average Recall: 0.977862
Total Latency: 57.2973 seconds

Per-query results (median latency per query) have been written to research/csv/per_query_results_glove-100-angular.csv

=== Final Summary (Median Iteration) ===
Average Latency: 5.69804e+06 ns
Total Latency: 56.9804 seconds
Average Recall: 0.977862
5th percentile recall: 0.91
1st percentile recall: 0.87
Experiment finished.

======================================
Testing ef: 100
Per-query results appended to research/csv/per_query_baseline_glove-100-angular.csv

=== Summary for ef 100 ===
Average Recall: 0.69251
5th percentile recall: 0.22
1st percentile recall: 0.12

Total Latency: 2.74747 seconds
Average Latency: 274747 ns

======================================
Testing ef: 200
Per-query results appended to research/csv/per_query_baseline_glove-100-angular.csv

=== Summary for ef 200 ===
Average Recall: 0.780673
5th percentile recall: 0.34
1st percentile recall: 0.23

Total Latency: 5.03841 seconds
Average Latency: 503841 ns

======================================
Testing ef: 300
Per-query results appended to research/csv/per_query_baseline_glove-100-angular.csv

=== Summary for ef 300 ===
Average Recall: 0.823701
5th percentile recall: 0.42
1st percentile recall: 0.31

Total Latency: 7.29429 seconds
Average Latency: 729429 ns

======================================
Testing ef: 400
Per-query results appended to research/csv/per_query_baseline_glove-100-angular.csv

=== Summary for ef 400 ===
Average Recall: 0.850539
5th percentile recall: 0.48
1st percentile recall: 0.36

Total Latency: 9.53183 seconds
Average Latency: 953183 ns

======================================
Testing ef: 500
Per-query results appended to research/csv/per_query_baseline_glove-100-angular.csv

=== Summary for ef 500 ===
Average Recall: 0.8701
5th percentile recall: 0.53
1st percentile recall: 0.42

Total Latency: 11.7493 seconds
Average Latency: 1.17493e+06 ns

======================================
Testing ef: 600
Per-query results appended to research/csv/per_query_baseline_glove-100-angular.csv

=== Summary for ef 600 ===
Average Recall: 0.884864
5th percentile recall: 0.56
1st percentile recall: 0.45

Total Latency: 13.946 seconds
Average Latency: 1.3946e+06 ns

======================================
Testing ef: 700
Per-query results appended to research/csv/per_query_baseline_glove-100-angular.csv

=== Summary for ef 700 ===
Average Recall: 0.896369
5th percentile recall: 0.6
1st percentile recall: 0.49

Total Latency: 16.1399 seconds
Average Latency: 1.61399e+06 ns

======================================
Testing ef: 800
Per-query results appended to research/csv/per_query_baseline_glove-100-angular.csv

=== Summary for ef 800 ===
Average Recall: 0.905935
5th percentile recall: 0.63
1st percentile recall: 0.52

Total Latency: 18.3409 seconds
Average Latency: 1.83409e+06 ns

======================================
Testing ef: 1000
Per-query results appended to research/csv/per_query_baseline_glove-100-angular.csv

=== Summary for ef 1000 ===
Average Recall: 0.921033
5th percentile recall: 0.68
1st percentile recall: 0.57

Total Latency: 22.7211 seconds
Average Latency: 2.27211e+06 ns

======================================
Testing ef: 1200
Per-query results appended to research/csv/per_query_baseline_glove-100-angular.csv

=== Summary for ef 1200 ===
Average Recall: 0.932064
5th percentile recall: 0.72
1st percentile recall: 0.61

Total Latency: 27.0392 seconds
Average Latency: 2.70392e+06 ns

======================================
Testing ef: 1400
Per-query results appended to research/csv/per_query_baseline_glove-100-angular.csv

=== Summary for ef 1400 ===
Average Recall: 0.940859
5th percentile recall: 0.75
1st percentile recall: 0.65

Total Latency: 31.3557 seconds
Average Latency: 3.13557e+06 ns

======================================
Testing ef: 1600
Per-query results appended to research/csv/per_query_baseline_glove-100-angular.csv

=== Summary for ef 1600 ===
Average Recall: 0.947858
5th percentile recall: 0.77
1st percentile recall: 0.69

Total Latency: 35.6828 seconds
Average Latency: 3.56828e+06 ns

======================================
Testing ef: 2000
Per-query results appended to research/csv/per_query_baseline_glove-100-angular.csv

=== Summary for ef 2000 ===
Average Recall: 0.95813
5th percentile recall: 0.81
1st percentile recall: 0.73

Total Latency: 44.2923 seconds
Average Latency: 4.42923e+06 ns

======================================
Testing ef: 2400
Per-query results appended to research/csv/per_query_baseline_glove-100-angular.csv

=== Summary for ef 2400 ===
Average Recall: 0.965575
5th percentile recall: 0.84
1st percentile recall: 0.77

Total Latency: 52.857 seconds
Average Latency: 5.2857e+06 ns

======================================
Testing ef: 2800
Per-query results appended to research/csv/per_query_baseline_glove-100-angular.csv

=== Summary for ef 2800 ===
Average Recall: 0.971182
5th percentile recall: 0.86
1st percentile recall: 0.8

Total Latency: 61.3451 seconds
Average Latency: 6.13451e+06 ns

======================================
Testing ef: 3200
Per-query results appended to research/csv/per_query_baseline_glove-100-angular.csv

=== Summary for ef 3200 ===
Average Recall: 0.975502
5th percentile recall: 0.88
1st percentile recall: 0.82

Total Latency: 69.8416 seconds
Average Latency: 6.98416e+06 ns

======================================
Testing ef: 3600
Per-query results appended to research/csv/per_query_baseline_glove-100-angular.csv

=== Summary for ef 3600 ===
Average Recall: 0.978854
5th percentile recall: 0.9
1st percentile recall: 0.84

Total Latency: 78.2839 seconds
Average Latency: 7.82839e+06 ns

======================================
Testing ef: 4000
Per-query results appended to research/csv/per_query_baseline_glove-100-angular.csv

=== Summary for ef 4000 ===
Average Recall: 0.981603
5th percentile recall: 0.91
1st percentile recall: 0.86

Total Latency: 86.7904 seconds
Average Latency: 8.67904e+06 ns

======================================
Testing ef: 4400
Per-query results appended to research/csv/per_query_baseline_glove-100-angular.csv

=== Summary for ef 4400 ===
Average Recall: 0.983877
5th percentile recall: 0.92
1st percentile recall: 0.88

Total Latency: 95.2136 seconds
Average Latency: 9.52136e+06 ns

======================================
Testing ef: 4800
Per-query results appended to research/csv/per_query_baseline_glove-100-angular.csv

=== Summary for ef 4800 ===
Average Recall: 0.985828
5th percentile recall: 0.93
1st percentile recall: 0.89

Total Latency: 103.788 seconds
Average Latency: 1.03788e+07 ns

======================================
Testing ef: 5200
Per-query results appended to research/csv/per_query_baseline_glove-100-angular.csv

=== Summary for ef 5200 ===
Average Recall: 0.987443
5th percentile recall: 0.94
1st percentile recall: 0.9

Total Latency: 115.684 seconds
Average Latency: 1.15684e+07 ns
Experiment finished
Dataset: word2vec-300-angular
Metric: cd
Truncation Ratio: 1
Normalize the data vectors
Data vectors dimensions: 1000000 x 300
Query vectors dimensions: 1000 x 300
Neighbors dimensions: 1000 x 100
Using AVX2 Inner Product distance
Index loaded
Dimension of space:300
Data size of space:1200
****Weighted average ef: 294

=== Summary (Iteration 1/3) ===
Average Latency: 1.82089e+06 ns
Average Recall: 0.97266
Total Latency: 1.82089 seconds

=== Summary (Iteration 2/3) ===
Average Latency: 1.83933e+06 ns
Average Recall: 0.97266
Total Latency: 1.83933 seconds

=== Summary (Iteration 3/3) ===
Average Latency: 1.81978e+06 ns
Average Recall: 0.97266
Total Latency: 1.81978 seconds

Per-query results (median latency per query) have been written to research/csv/per_query_results_word2vec-300-angular.csv

=== Final Summary (Median Iteration) ===
Average Latency: 1.81902e+06 ns
Total Latency: 1.81902 seconds
Average Recall: 0.97266
5th percentile recall: 0.88
1st percentile recall: 0.78
Experiment finished.

======================================
Testing ef: 100
Per-query results appended to research/csv/per_query_baseline_word2vec-300-angular.csv

=== Summary for ef 100 ===
Average Recall: 0.86792
5th percentile recall: 0.6
1st percentile recall: 0.46

Total Latency: 0.472031 seconds
Average Latency: 472031 ns

======================================
Testing ef: 200
Per-query results appended to research/csv/per_query_baseline_word2vec-300-angular.csv

=== Summary for ef 200 ===
Average Recall: 0.9321
5th percentile recall: 0.74
1st percentile recall: 0.6

Total Latency: 0.841995 seconds
Average Latency: 841995 ns

======================================
Testing ef: 300
Per-query results appended to research/csv/per_query_baseline_word2vec-300-angular.csv

=== Summary for ef 300 ===
Average Recall: 0.95437
5th percentile recall: 0.8
1st percentile recall: 0.66

Total Latency: 1.19142 seconds
Average Latency: 1.19142e+06 ns

======================================
Testing ef: 400
Per-query results appended to research/csv/per_query_baseline_word2vec-300-angular.csv

=== Summary for ef 400 ===
Average Recall: 0.96601
5th percentile recall: 0.84
1st percentile recall: 0.73

Total Latency: 1.52593 seconds
Average Latency: 1.52593e+06 ns

======================================
Testing ef: 500
Per-query results appended to research/csv/per_query_baseline_word2vec-300-angular.csv

=== Summary for ef 500 ===
Average Recall: 0.97254
5th percentile recall: 0.86
1st percentile recall: 0.75

Total Latency: 1.85152 seconds
Average Latency: 1.85152e+06 ns

======================================
Testing ef: 600
Per-query results appended to research/csv/per_query_baseline_word2vec-300-angular.csv

=== Summary for ef 600 ===
Average Recall: 0.97684
5th percentile recall: 0.88
1st percentile recall: 0.78

Total Latency: 2.17132 seconds
Average Latency: 2.17132e+06 ns

======================================
Testing ef: 700
Per-query results appended to research/csv/per_query_baseline_word2vec-300-angular.csv

=== Summary for ef 700 ===
Average Recall: 0.97993
5th percentile recall: 0.89
1st percentile recall: 0.8

Total Latency: 2.4817 seconds
Average Latency: 2.4817e+06 ns

======================================
Testing ef: 800
Per-query results appended to research/csv/per_query_baseline_word2vec-300-angular.csv

=== Summary for ef 800 ===
Average Recall: 0.98198
5th percentile recall: 0.9
1st percentile recall: 0.82

Total Latency: 2.78927 seconds
Average Latency: 2.78927e+06 ns

======================================
Testing ef: 1000
Per-query results appended to research/csv/per_query_baseline_word2vec-300-angular.csv

=== Summary for ef 1000 ===
Average Recall: 0.9852
5th percentile recall: 0.92
1st percentile recall: 0.84

Total Latency: 3.38956 seconds
Average Latency: 3.38956e+06 ns

======================================
Testing ef: 1200
Per-query results appended to research/csv/per_query_baseline_word2vec-300-angular.csv

=== Summary for ef 1200 ===
Average Recall: 0.98735
5th percentile recall: 0.93
1st percentile recall: 0.85

Total Latency: 3.97481 seconds
Average Latency: 3.97481e+06 ns
Experiment finished
Dataset: sift10m-128-euclidean
Metric: l2
Truncation Ratio: 1
Data vectors dimensions: 10000000 x 128
Query vectors dimensions: 1000 x 128
Neighbors dimensions: 1000 x 100
Index loaded
Dimension of space:128
Data size of space:512
****Weighted average ef: 211

=== Summary (Iteration 1/3) ===
Average Latency: 1.36447e+06 ns
Average Recall: 0.98005
Total Latency: 1.36447 seconds

=== Summary (Iteration 2/3) ===
Average Latency: 1.33693e+06 ns
Average Recall: 0.98005
Total Latency: 1.33693 seconds

=== Summary (Iteration 3/3) ===
Average Latency: 1.34984e+06 ns
Average Recall: 0.98005
Total Latency: 1.34984 seconds

Per-query results (median latency per query) have been written to research/csv/per_query_results_sift10m-128-euclidean.csv

=== Final Summary (Median Iteration) ===
Average Latency: 1.33338e+06 ns
Total Latency: 1.33338 seconds
Average Recall: 0.98005
5th percentile recall: 0.94
1st percentile recall: 0.91
Experiment finished.

======================================
Testing ef: 100
Per-query results appended to research/csv/per_query_baseline_sift10m-128-euclidean.csv

=== Summary for ef 100 ===
Average Recall: 0.86075
5th percentile recall: 0.64
1st percentile recall: 0.52

Total Latency: 0.360141 seconds
Average Latency: 360141 ns

======================================
Testing ef: 200
Per-query results appended to research/csv/per_query_baseline_sift10m-128-euclidean.csv

=== Summary for ef 200 ===
Average Recall: 0.94085
5th percentile recall: 0.8
1st percentile recall: 0.72

Total Latency: 0.669121 seconds
Average Latency: 669121 ns

======================================
Testing ef: 300
Per-query results appended to research/csv/per_query_baseline_sift10m-128-euclidean.csv

=== Summary for ef 300 ===
Average Recall: 0.96728
5th percentile recall: 0.88
1st percentile recall: 0.79

Total Latency: 0.972107 seconds
Average Latency: 972107 ns

======================================
Testing ef: 400
Per-query results appended to research/csv/per_query_baseline_sift10m-128-euclidean.csv

=== Summary for ef 400 ===
Average Recall: 0.97955
5th percentile recall: 0.91
1st percentile recall: 0.86

Total Latency: 1.26902 seconds
Average Latency: 1.26902e+06 ns

======================================
Testing ef: 500
Per-query results appended to research/csv/per_query_baseline_sift10m-128-euclidean.csv

=== Summary for ef 500 ===
Average Recall: 0.9861
5th percentile recall: 0.94
1st percentile recall: 0.89

Total Latency: 1.56343 seconds
Average Latency: 1.56343e+06 ns

======================================
Testing ef: 600
Per-query results appended to research/csv/per_query_baseline_sift10m-128-euclidean.csv

=== Summary for ef 600 ===
Average Recall: 0.98977
5th percentile recall: 0.95
1st percentile recall: 0.91

Total Latency: 1.85565 seconds
Average Latency: 1.85565e+06 ns

======================================
Testing ef: 700
Per-query results appended to research/csv/per_query_baseline_sift10m-128-euclidean.csv

=== Summary for ef 700 ===
Average Recall: 0.99242
5th percentile recall: 0.96
1st percentile recall: 0.93

Total Latency: 2.14351 seconds
Average Latency: 2.14351e+06 ns
Experiment finished
Dataset: gist-960-euclidean
Metric: l2
Truncation Ratio: 1
Data vectors dimensions: 1000000 x 960
Query vectors dimensions: 1000 x 960
Neighbors dimensions: 1000 x 100
Index loaded
Dimension of space:960
Data size of space:3840
****Weighted average ef: 512

=== Summary (Iteration 1/3) ===
Average Latency: 6.10965e+06 ns
Average Recall: 0.96901
Total Latency: 6.10965 seconds

=== Summary (Iteration 2/3) ===
Average Latency: 6.1131e+06 ns
Average Recall: 0.96901
Total Latency: 6.1131 seconds

=== Summary (Iteration 3/3) ===
Average Latency: 6.1279e+06 ns
Average Recall: 0.96901
Total Latency: 6.1279 seconds

Per-query results (median latency per query) have been written to research/csv/per_query_results_gist-960-euclidean.csv

=== Final Summary (Median Iteration) ===
Average Latency: 6.07181e+06 ns
Total Latency: 6.07181 seconds
Average Recall: 0.96901
5th percentile recall: 0.91
1st percentile recall: 0.86
Experiment finished.

======================================
Testing ef: 100
Per-query results appended to research/csv/per_query_baseline_gist-960-euclidean.csv

=== Summary for ef 100 ===
Average Recall: 0.72887
5th percentile recall: 0.47
1st percentile recall: 0.4

Total Latency: 1.06742 seconds
Average Latency: 1.06742e+06 ns

======================================
Testing ef: 200
Per-query results appended to research/csv/per_query_baseline_gist-960-euclidean.csv

=== Summary for ef 200 ===
Average Recall: 0.85132
5th percentile recall: 0.65
1st percentile recall: 0.57

Total Latency: 1.95249 seconds
Average Latency: 1.95249e+06 ns

======================================
Testing ef: 300
Per-query results appended to research/csv/per_query_baseline_gist-960-euclidean.csv

=== Summary for ef 300 ===
Average Recall: 0.90304
5th percentile recall: 0.75
1st percentile recall: 0.67

Total Latency: 2.79101 seconds
Average Latency: 2.79101e+06 ns

======================================
Testing ef: 400
Per-query results appended to research/csv/per_query_baseline_gist-960-euclidean.csv

=== Summary for ef 400 ===
Average Recall: 0.9308
5th percentile recall: 0.8
1st percentile recall: 0.74

Total Latency: 3.59661 seconds
Average Latency: 3.59661e+06 ns

======================================
Testing ef: 500
Per-query results appended to research/csv/per_query_baseline_gist-960-euclidean.csv

=== Summary for ef 500 ===
Average Recall: 0.94723
5th percentile recall: 0.84
1st percentile recall: 0.78

Total Latency: 4.37798 seconds
Average Latency: 4.37798e+06 ns

======================================
Testing ef: 600
Per-query results appended to research/csv/per_query_baseline_gist-960-euclidean.csv

=== Summary for ef 600 ===
Average Recall: 0.95877
5th percentile recall: 0.87
1st percentile recall: 0.81

Total Latency: 5.1361 seconds
Average Latency: 5.1361e+06 ns

======================================
Testing ef: 700
Per-query results appended to research/csv/per_query_baseline_gist-960-euclidean.csv

=== Summary for ef 700 ===
Average Recall: 0.96656
5th percentile recall: 0.89
1st percentile recall: 0.84

Total Latency: 5.87046 seconds
Average Latency: 5.87046e+06 ns

======================================
Testing ef: 800
Per-query results appended to research/csv/per_query_baseline_gist-960-euclidean.csv

=== Summary for ef 800 ===
Average Recall: 0.97184
5th percentile recall: 0.9
1st percentile recall: 0.85

Total Latency: 6.5921 seconds
Average Latency: 6.5921e+06 ns

======================================
Testing ef: 1000
Per-query results appended to research/csv/per_query_baseline_gist-960-euclidean.csv

=== Summary for ef 1000 ===
Average Recall: 0.97966
5th percentile recall: 0.92
1st percentile recall: 0.87

Total Latency: 7.99052 seconds
Average Latency: 7.99052e+06 ns

======================================
Testing ef: 1200
Per-query results appended to research/csv/per_query_baseline_gist-960-euclidean.csv

=== Summary for ef 1200 ===
Average Recall: 0.98442
5th percentile recall: 0.94
1st percentile recall: 0.9

Total Latency: 9.33666 seconds
Average Latency: 9.33666e+06 ns

======================================
Testing ef: 1400
Per-query results appended to research/csv/per_query_baseline_gist-960-euclidean.csv

=== Summary for ef 1400 ===
Average Recall: 0.98744
5th percentile recall: 0.95
1st percentile recall: 0.91

Total Latency: 10.6438 seconds
Average Latency: 1.06438e+07 ns

======================================
Testing ef: 1600
Per-query results appended to research/csv/per_query_baseline_gist-960-euclidean.csv

=== Summary for ef 1600 ===
Average Recall: 0.98948
5th percentile recall: 0.96
1st percentile recall: 0.93

Total Latency: 11.921 seconds
Average Latency: 1.1921e+07 ns

======================================
Testing ef: 2000
Per-query results appended to research/csv/per_query_baseline_gist-960-euclidean.csv

=== Summary for ef 2000 ===
Average Recall: 0.99247
5th percentile recall: 0.96
1st percentile recall: 0.94

Total Latency: 14.424 seconds
Average Latency: 1.4424e+07 ns
Experiment finished
Dataset: tiny5m-384-euclidean
Metric: l2
Truncation Ratio: 1
Data vectors dimensions: 5000000 x 384
Query vectors dimensions: 1000 x 384
Neighbors dimensions: 1000 x 100
Index loaded
Dimension of space:384
Data size of space:1536
****Weighted average ef: 1020

=== Summary (Iteration 1/3) ===
Average Latency: 8.0419e+06 ns
Average Recall: 0.97007
Total Latency: 8.0419 seconds

=== Summary (Iteration 2/3) ===
Average Latency: 8.02196e+06 ns
Average Recall: 0.97007
Total Latency: 8.02196 seconds

=== Summary (Iteration 3/3) ===
Average Latency: 8.03897e+06 ns
Average Recall: 0.97007
Total Latency: 8.03897 seconds

Per-query results (median latency per query) have been written to research/csv/per_query_results_tiny5m-384-euclidean.csv

=== Final Summary (Median Iteration) ===
Average Latency: 7.96846e+06 ns
Total Latency: 7.96846 seconds
Average Recall: 0.97007
5th percentile recall: 0.89
1st percentile recall: 0.84
Experiment finished.

======================================
Testing ef: 100
Per-query results appended to research/csv/per_query_baseline_tiny5m-384-euclidean.csv

=== Summary for ef 100 ===
Average Recall: 0.66559
5th percentile recall: 0.32
1st percentile recall: 0.24

Total Latency: 0.713266 seconds
Average Latency: 713266 ns

======================================
Testing ef: 200
Per-query results appended to research/csv/per_query_baseline_tiny5m-384-euclidean.csv

=== Summary for ef 200 ===
Average Recall: 0.78328
5th percentile recall: 0.48
1st percentile recall: 0.39

Total Latency: 1.30955 seconds
Average Latency: 1.30955e+06 ns

======================================
Testing ef: 300
Per-query results appended to research/csv/per_query_baseline_tiny5m-384-euclidean.csv

=== Summary for ef 300 ===
Average Recall: 0.84106
5th percentile recall: 0.56
1st percentile recall: 0.48

Total Latency: 1.89485 seconds
Average Latency: 1.89485e+06 ns

======================================
Testing ef: 400
Per-query results appended to research/csv/per_query_baseline_tiny5m-384-euclidean.csv

=== Summary for ef 400 ===
Average Recall: 0.8739
5th percentile recall: 0.63
1st percentile recall: 0.53

Total Latency: 2.46989 seconds
Average Latency: 2.46989e+06 ns

======================================
Testing ef: 500
Per-query results appended to research/csv/per_query_baseline_tiny5m-384-euclidean.csv

=== Summary for ef 500 ===
Average Recall: 0.89571
5th percentile recall: 0.68
1st percentile recall: 0.57

Total Latency: 3.03235 seconds
Average Latency: 3.03235e+06 ns

======================================
Testing ef: 600
Per-query results appended to research/csv/per_query_baseline_tiny5m-384-euclidean.csv

=== Summary for ef 600 ===
Average Recall: 0.91172
5th percentile recall: 0.72
1st percentile recall: 0.6

Total Latency: 3.58789 seconds
Average Latency: 3.58789e+06 ns

======================================
Testing ef: 700
Per-query results appended to research/csv/per_query_baseline_tiny5m-384-euclidean.csv

=== Summary for ef 700 ===
Average Recall: 0.92392
5th percentile recall: 0.75
1st percentile recall: 0.64

Total Latency: 4.13423 seconds
Average Latency: 4.13423e+06 ns

======================================
Testing ef: 800
Per-query results appended to research/csv/per_query_baseline_tiny5m-384-euclidean.csv

=== Summary for ef 800 ===
Average Recall: 0.93399
5th percentile recall: 0.77
1st percentile recall: 0.66

Total Latency: 4.67865 seconds
Average Latency: 4.67865e+06 ns

======================================
Testing ef: 1000
Per-query results appended to research/csv/per_query_baseline_tiny5m-384-euclidean.csv

=== Summary for ef 1000 ===
Average Recall: 0.94797
5th percentile recall: 0.8
1st percentile recall: 0.72

Total Latency: 5.77617 seconds
Average Latency: 5.77617e+06 ns

======================================
Testing ef: 1200
Per-query results appended to research/csv/per_query_baseline_tiny5m-384-euclidean.csv

=== Summary for ef 1200 ===
Average Recall: 0.95817
5th percentile recall: 0.84
1st percentile recall: 0.77

Total Latency: 6.78859 seconds
Average Latency: 6.78859e+06 ns

======================================
Testing ef: 1400
Per-query results appended to research/csv/per_query_baseline_tiny5m-384-euclidean.csv

=== Summary for ef 1400 ===
Average Recall: 0.96503
5th percentile recall: 0.86
1st percentile recall: 0.78

Total Latency: 7.80974 seconds
Average Latency: 7.80974e+06 ns

======================================
Testing ef: 1600
Per-query results appended to research/csv/per_query_baseline_tiny5m-384-euclidean.csv

=== Summary for ef 1600 ===
Average Recall: 0.97029
5th percentile recall: 0.88
1st percentile recall: 0.81

Total Latency: 8.82766 seconds
Average Latency: 8.82766e+06 ns

======================================
Testing ef: 2000
Per-query results appended to research/csv/per_query_baseline_tiny5m-384-euclidean.csv

=== Summary for ef 2000 ===
Average Recall: 0.97715
5th percentile recall: 0.91
1st percentile recall: 0.85

Total Latency: 10.8237 seconds
Average Latency: 1.08237e+07 ns

======================================
Testing ef: 2400
Per-query results appended to research/csv/per_query_baseline_tiny5m-384-euclidean.csv

=== Summary for ef 2400 ===
Average Recall: 0.98166
5th percentile recall: 0.92
1st percentile recall: 0.88

Total Latency: 12.7802 seconds
Average Latency: 1.27802e+07 ns

======================================
Testing ef: 2800
Per-query results appended to research/csv/per_query_baseline_tiny5m-384-euclidean.csv

=== Summary for ef 2800 ===
Average Recall: 0.98472
5th percentile recall: 0.93
1st percentile recall: 0.89

Total Latency: 14.6948 seconds
Average Latency: 1.46948e+07 ns

======================================
Testing ef: 3200
Per-query results appended to research/csv/per_query_baseline_tiny5m-384-euclidean.csv

=== Summary for ef 3200 ===
Average Recall: 0.98701
5th percentile recall: 0.94
1st percentile recall: 0.9

Total Latency: 16.5891 seconds
Average Latency: 1.65891e+07 ns

======================================
Testing ef: 3600
Per-query results appended to research/csv/per_query_baseline_tiny5m-384-euclidean.csv

=== Summary for ef 3600 ===
Average Recall: 0.98862
5th percentile recall: 0.95
1st percentile recall: 0.92

Total Latency: 18.4588 seconds
Average Latency: 1.84588e+07 ns

======================================
Testing ef: 4000
Per-query results appended to research/csv/per_query_baseline_tiny5m-384-euclidean.csv

=== Summary for ef 4000 ===
Average Recall: 0.99012
5th percentile recall: 0.96
1st percentile recall: 0.92

Total Latency: 20.317 seconds
Average Latency: 2.0317e+07 ns
Experiment finished
Dataset: msmarco
Metric: cd
Truncation Ratio: 1
Normalize the data vectors
Data vectors dimensions: 8841823 x 1536
Query vectors dimensions: 6980 x 1536
Neighbors dimensions: 6980 x 1000
Using AVX2 Inner Product distance
Index loaded
Dimension of space:1536
Data size of space:6144
****Weighted average ef: 1092

=== Summary (Iteration 1/3) ===
Average Latency: 1.5321e+07 ns
Average Recall: 0.964888
Total Latency: 106.941 seconds

=== Summary (Iteration 2/3) ===
Average Latency: 1.9331e+07 ns
Average Recall: 0.964888
Total Latency: 134.93 seconds

=== Summary (Iteration 3/3) ===
Average Latency: 2.10201e+07 ns
Average Recall: 0.964888
Total Latency: 146.721 seconds

Per-query results (median latency per query) have been written to research/csv/per_query_results_msmarco.csv

=== Final Summary (Median Iteration) ===
Average Latency: 1.85329e+07 ns
Total Latency: 129.36 seconds
Average Recall: 0.964888
5th percentile recall: 0.875
1st percentile recall: 0.806
Experiment finished.

======================================
Testing ef: 1000
Per-query results appended to research/csv/per_query_baseline_msmarco.csv

=== Summary for ef 1000 ===
Average Recall: 0.94731
5th percentile recall: 0.808
1st percentile recall: 0.702

Total Latency: 102.65 seconds
Average Latency: 1.47063e+07 ns

======================================
Testing ef: 1200
Per-query results appended to research/csv/per_query_baseline_msmarco.csv

=== Summary for ef 1200 ===
Average Recall: 0.958236
5th percentile recall: 0.836
1st percentile recall: 0.735

Total Latency: 123.727 seconds
Average Latency: 1.77259e+07 ns

======================================
Testing ef: 1400
Per-query results appended to research/csv/per_query_baseline_msmarco.csv

=== Summary for ef 1400 ===
Average Recall: 0.965451
5th percentile recall: 0.856
1st percentile recall: 0.76

Total Latency: 141.625 seconds
Average Latency: 2.02901e+07 ns

======================================
Testing ef: 1600
Per-query results appended to research/csv/per_query_baseline_msmarco.csv

=== Summary for ef 1600 ===
Average Recall: 0.970605
5th percentile recall: 0.872
1st percentile recall: 0.783

Total Latency: 165.913 seconds
Average Latency: 2.37697e+07 ns

======================================
Testing ef: 2000
Per-query results appended to research/csv/per_query_baseline_msmarco.csv

=== Summary for ef 2000 ===
Average Recall: 0.977516
5th percentile recall: 0.896
1st percentile recall: 0.82

Total Latency: 198.71 seconds
Average Latency: 2.84685e+07 ns

======================================
Testing ef: 2400
Per-query results appended to research/csv/per_query_baseline_msmarco.csv

=== Summary for ef 2400 ===
Average Recall: 0.981878
5th percentile recall: 0.912
1st percentile recall: 0.842

Total Latency: 234.14 seconds
Average Latency: 3.35443e+07 ns

======================================
Testing ef: 2800
Per-query results appended to research/csv/per_query_baseline_msmarco.csv

=== Summary for ef 2800 ===
Average Recall: 0.984931
5th percentile recall: 0.926
1st percentile recall: 0.862

Total Latency: 273.4 seconds
Average Latency: 3.91691e+07 ns

======================================
Testing ef: 3200
Per-query results appended to research/csv/per_query_baseline_msmarco.csv

=== Summary for ef 3200 ===
Average Recall: 0.98709
5th percentile recall: 0.935
1st percentile recall: 0.877

Total Latency: 312.887 seconds
Average Latency: 4.48261e+07 ns

======================================
Testing ef: 3600
Per-query results appended to research/csv/per_query_baseline_msmarco.csv

=== Summary for ef 3600 ===
Average Recall: 0.988774
5th percentile recall: 0.942
1st percentile recall: 0.888

Total Latency: 353.91 seconds
Average Latency: 5.07034e+07 ns

======================================
Testing ef: 4000
Per-query results appended to research/csv/per_query_baseline_msmarco.csv

=== Summary for ef 4000 ===
Average Recall: 0.990096
5th percentile recall: 0.949
1st percentile recall: 0.899

Total Latency: 395.462 seconds
Average Latency: 5.66564e+07 ns
Experiment finished
Dataset: cohere
Metric: cd
Truncation Ratio: 1
Normalize the data vectors
Data vectors dimensions: 18380565 x 1024
Query vectors dimensions: 1677 x 1024
Neighbors dimensions: 1677 x 1000
Using AVX2 Inner Product distance
Index loaded
Dimension of space:1024
Data size of space:4096
****Weighted average ef: 1170

=== Summary (Iteration 1/3) ===
Average Latency: 1.58474e+07 ns
Average Recall: 0.958075
Total Latency: 26.5761 seconds

=== Summary (Iteration 2/3) ===
Average Latency: 1.70623e+07 ns
Average Recall: 0.958075
Total Latency: 28.6135 seconds

=== Summary (Iteration 3/3) ===
Average Latency: 2.04232e+07 ns
Average Recall: 0.958075
Total Latency: 34.2498 seconds

Per-query results (median latency per query) have been written to research/csv/per_query_results_cohere.csv

=== Final Summary (Median Iteration) ===
Average Latency: 1.73247e+07 ns
Total Latency: 29.0536 seconds
Average Recall: 0.958075
5th percentile recall: 0.855
1st percentile recall: 0.704
Experiment finished.

======================================
Testing ef: 1000
Per-query results appended to research/csv/per_query_baseline_cohere.csv

=== Summary for ef 1000 ===
Average Recall: 0.924032
5th percentile recall: 0.744
1st percentile recall: 0.588

Total Latency: 18.3273 seconds
Average Latency: 1.09286e+07 ns

======================================
Testing ef: 1200
Per-query results appended to research/csv/per_query_baseline_cohere.csv

=== Summary for ef 1200 ===
Average Recall: 0.937929
5th percentile recall: 0.774
1st percentile recall: 0.626

Total Latency: 24.5308 seconds
Average Latency: 1.46278e+07 ns

======================================
Testing ef: 1400
Per-query results appended to research/csv/per_query_baseline_cohere.csv

=== Summary for ef 1400 ===
Average Recall: 0.947812
5th percentile recall: 0.799
1st percentile recall: 0.65

Total Latency: 24.9015 seconds
Average Latency: 1.48488e+07 ns

======================================
Testing ef: 1600
Per-query results appended to research/csv/per_query_baseline_cohere.csv

=== Summary for ef 1600 ===
Average Recall: 0.954926
5th percentile recall: 0.82
1st percentile recall: 0.67

Total Latency: 32.5837 seconds
Average Latency: 1.94298e+07 ns

======================================
Testing ef: 2000
Per-query results appended to research/csv/per_query_baseline_cohere.csv

=== Summary for ef 2000 ===
Average Recall: 0.964377
5th percentile recall: 0.849
1st percentile recall: 0.711

Total Latency: 38.7611 seconds
Average Latency: 2.31134e+07 ns

======================================
Testing ef: 2400
Per-query results appended to research/csv/per_query_baseline_cohere.csv

=== Summary for ef 2400 ===
Average Recall: 0.970773
5th percentile recall: 0.87
1st percentile recall: 0.728

Total Latency: 45.567 seconds
Average Latency: 2.71717e+07 ns

======================================
Testing ef: 2800
Per-query results appended to research/csv/per_query_baseline_cohere.csv

=== Summary for ef 2800 ===
Average Recall: 0.974902
5th percentile recall: 0.886
1st percentile recall: 0.743

Total Latency: 51.1531 seconds
Average Latency: 3.05027e+07 ns

======================================
Testing ef: 3200
Per-query results appended to research/csv/per_query_baseline_cohere.csv

=== Summary for ef 3200 ===
Average Recall: 0.977991
5th percentile recall: 0.897
1st percentile recall: 0.765

Total Latency: 60.753 seconds
Average Latency: 3.62272e+07 ns

======================================
Testing ef: 3600
Per-query results appended to research/csv/per_query_baseline_cohere.csv

=== Summary for ef 3600 ===
Average Recall: 0.980351
5th percentile recall: 0.907
1st percentile recall: 0.778

Total Latency: 68.4303 seconds
Average Latency: 4.08052e+07 ns

======================================
Testing ef: 4000
Per-query results appended to research/csv/per_query_baseline_cohere.csv

=== Summary for ef 4000 ===
Average Recall: 0.982201
5th percentile recall: 0.914
1st percentile recall: 0.79

Total Latency: 71.0212 seconds
Average Latency: 4.23502e+07 ns

======================================
Testing ef: 4400
Per-query results appended to research/csv/per_query_baseline_cohere.csv

=== Summary for ef 4400 ===
Average Recall: 0.983757
5th percentile recall: 0.923
1st percentile recall: 0.807

Total Latency: 81.6551 seconds
Average Latency: 4.86912e+07 ns

======================================
Testing ef: 4800
Per-query results appended to research/csv/per_query_baseline_cohere.csv

=== Summary for ef 4800 ===
Average Recall: 0.985168
5th percentile recall: 0.93
1st percentile recall: 0.818

Total Latency: 89.4603 seconds
Average Latency: 5.33454e+07 ns

======================================
Testing ef: 5200
Per-query results appended to research/csv/per_query_baseline_cohere.csv

=== Summary for ef 5200 ===
Average Recall: 0.986184
5th percentile recall: 0.933
1st percentile recall: 0.827

Total Latency: 95.423 seconds
Average Latency: 5.6901e+07 ns
Experiment finished
