nohup: ignoring input
Starting experiments for Ada-ef hnswdis library...


EXPERIMENTS_ROOT: /home/yc.shea/experiments/shiro-ef
Starting offline experiments...



Dataset: deep-image-96-angular
Metric: cd
Quantile step: 0.001
Normalize the data vectors
Data vectors dimensions: 9990000 x 96
Query vectors dimensions: 10000 x 96
Neighbors dimensions: 10000 x 100
Using AVX Inner Product distance
Index loaded
Dimension of space:96
Data size of space:384
Mean computation time: 93 ms
Number of threads: 8
Covariance matrix computation time: 496 ms
CosineDistanceEstimator created
Dataset statistics computing time: 590 ms
Mean computation time: 137 ms
Number of threads: 8
Covariance matrix computation time: 505 ms
CosineDistanceEstimator created
Dataset statistics computing time: 643 ms
Mean computation time: 144 ms
Number of threads: 8
Covariance matrix computation time: 504 ms
CosineDistanceEstimator created
Dataset statistics computing time: 648 ms
Distance matrix computed in 7938 ms
Ground truth computed in 240 ms using 8 threads.
Sampling computing time: 8713 ms
Distance matrix computed in 8516 ms
Ground truth computed in 555 ms using 8 threads.
Sampling computing time: 9649 ms
Distance matrix computed in 8475 ms
Ground truth computed in 1429 ms using 8 threads.
Sampling computing time: 10490 ms
Loading samplings from /home/yc.shea/experiments/shiro-ef/sampling_ada/deep-image-96-angular-samplings--k100-ef.bin
Samplings loaded from /home/yc.shea/experiments/shiro-ef/sampling_ada/deep-image-96-angular-samplings--k100-ef.bin
Start creating ApproximatedScoreCalculator
ApproximatedScoreCalculator created
Estimator initialized in 0 ms
Search time: 524 ms
Average Recall: 0.8801
Initial average recall with ef=100: 0.8801
Search time: 299 ms
Average Recall: 0.923
Initial average recall with ef=150: 0.923
Recall diff is too small, break.
Recall diff is too small, break.
Recall diff is too small, break.
Recall diff is too small, break.
Weighted average ef: 242.995
EF-estimation table computing time: 1340 ms
Loading samplings from /home/yc.shea/experiments/shiro-ef/sampling_ada/deep-image-96-angular-samplings--k100-ef.bin
Samplings loaded from /home/yc.shea/experiments/shiro-ef/sampling_ada/deep-image-96-angular-samplings--k100-ef.bin
Start creating ApproximatedScoreCalculator
ApproximatedScoreCalculator created
Estimator initialized in 0 ms
Search time: 134 ms
Average Recall: 0.8801
Initial average recall with ef=100: 0.8801
Search time: 156 ms
Average Recall: 0.923
Initial average recall with ef=150: 0.923
Recall diff is too small, break.
Recall diff is too small, break.
Recall diff is too small, break.
Recall diff is too small, break.
Weighted average ef: 242.995
EF-estimation table computing time: 592 ms
Loading samplings from /home/yc.shea/experiments/shiro-ef/sampling_ada/deep-image-96-angular-samplings--k100-ef.bin
Samplings loaded from /home/yc.shea/experiments/shiro-ef/sampling_ada/deep-image-96-angular-samplings--k100-ef.bin
Start creating ApproximatedScoreCalculator
ApproximatedScoreCalculator created
Estimator initialized in 0 ms
Search time: 123 ms
Average Recall: 0.8801
Initial average recall with ef=100: 0.8801
Search time: 145 ms
Average Recall: 0.923
Initial average recall with ef=150: 0.923
Recall diff is too small, break.
Recall diff is too small, break.
Recall diff is too small, break.
Recall diff is too small, break.
Weighted average ef: 242.995
EF-estimation table computing time: 512 ms
Dataset: glove-100-angular
Metric: cd
Quantile step: 0.001
Normalize the data vectors
Data vectors dimensions: 1183514 x 100
Query vectors dimensions: 10000 x 100
Neighbors dimensions: 10000 x 100
Using AVX Inner Product distance
Index loaded
Dimension of space:100
Data size of space:400
Mean computation time: 86 ms
Number of threads: 8
Covariance matrix computation time: 70 ms
CosineDistanceEstimator created
Dataset statistics computing time: 156 ms
Mean computation time: 30 ms
Number of threads: 8
Covariance matrix computation time: 69 ms
CosineDistanceEstimator created
Dataset statistics computing time: 100 ms
Mean computation time: 22 ms
Number of threads: 8
Covariance matrix computation time: 70 ms
CosineDistanceEstimator created
Dataset statistics computing time: 92 ms
Distance matrix computed in 845 ms
Ground truth computed in 32 ms using 8 threads.
Sampling computing time: 937 ms
Distance matrix computed in 844 ms
Ground truth computed in 56 ms using 8 threads.
Sampling computing time: 958 ms
Distance matrix computed in 840 ms
Ground truth computed in 32 ms using 8 threads.
Sampling computing time: 931 ms
Loading samplings from /home/yc.shea/experiments/shiro-ef/sampling_ada/glove-100-angular-samplings--k100-ef.bin
Samplings loaded from /home/yc.shea/experiments/shiro-ef/sampling_ada/glove-100-angular-samplings--k100-ef.bin
Start creating ApproximatedScoreCalculator
ApproximatedScoreCalculator created
Estimator initialized in 0 ms
Search time: 87 ms
Average Recall: 0.7423
Initial average recall with ef=100: 0.7423
Search time: 182 ms
Average Recall: 0.78855
Initial average recall with ef=150: 0.78855
Recall diff is too small, break.
Recall diff is too small, break.
Recall diff is too small, break.
Recall diff is too small, break.
Recall diff is too small, break.
Recall diff is too small, break.
Recall diff is too small, break.
Recall diff is too small, break.
Recall diff is too small, break.
Weighted average ef: 1539.61
EF-estimation table computing time: 3222 ms
Loading samplings from /home/yc.shea/experiments/shiro-ef/sampling_ada/glove-100-angular-samplings--k100-ef.bin
Samplings loaded from /home/yc.shea/experiments/shiro-ef/sampling_ada/glove-100-angular-samplings--k100-ef.bin
Start creating ApproximatedScoreCalculator
ApproximatedScoreCalculator created
Estimator initialized in 0 ms
Search time: 85 ms
Average Recall: 0.7423
Initial average recall with ef=100: 0.7423
Search time: 105 ms
Average Recall: 0.78855
Initial average recall with ef=150: 0.78855
Recall diff is too small, break.
Recall diff is too small, break.
Recall diff is too small, break.
Recall diff is too small, break.
Recall diff is too small, break.
Recall diff is too small, break.
Recall diff is too small, break.
Recall diff is too small, break.
Recall diff is too small, break.
Weighted average ef: 1539.61
EF-estimation table computing time: 3215 ms
Loading samplings from /home/yc.shea/experiments/shiro-ef/sampling_ada/glove-100-angular-samplings--k100-ef.bin
Samplings loaded from /home/yc.shea/experiments/shiro-ef/sampling_ada/glove-100-angular-samplings--k100-ef.bin
Start creating ApproximatedScoreCalculator
ApproximatedScoreCalculator created
Estimator initialized in 0 ms
Search time: 86 ms
Average Recall: 0.7423
Initial average recall with ef=100: 0.7423
Search time: 107 ms
Average Recall: 0.78855
Initial average recall with ef=150: 0.78855
Recall diff is too small, break.
Recall diff is too small, break.
Recall diff is too small, break.
Recall diff is too small, break.
Recall diff is too small, break.
Recall diff is too small, break.
Recall diff is too small, break.
Recall diff is too small, break.
Recall diff is too small, break.
Weighted average ef: 1539.61
EF-estimation table computing time: 3180 ms
Dataset: word2vec-300-angular
Metric: cd
Quantile step: 0.001
Normalize the data vectors
Data vectors dimensions: 1000000 x 300
Query vectors dimensions: 1000 x 300
Neighbors dimensions: 1000 x 100
Using AVX Inner Product distance
Index loaded
Dimension of space:300
Data size of space:1200
Mean computation time: 73 ms
Number of threads: 8
Covariance matrix computation time: 437 ms
CosineDistanceEstimator created
Dataset statistics computing time: 511 ms
Mean computation time: 36 ms
Number of threads: 8
Covariance matrix computation time: 436 ms
CosineDistanceEstimator created
Dataset statistics computing time: 472 ms
Mean computation time: 35 ms
Number of threads: 8
Covariance matrix computation time: 436 ms
CosineDistanceEstimator created
Dataset statistics computing time: 471 ms
Distance matrix computed in 1187 ms
Ground truth computed in 28 ms using 8 threads.
Sampling computing time: 1257 ms
Distance matrix computed in 1224 ms
Ground truth computed in 28 ms using 8 threads.
Sampling computing time: 1295 ms
Distance matrix computed in 1187 ms
Ground truth computed in 28 ms using 8 threads.
Sampling computing time: 1257 ms
Loading samplings from /home/yc.shea/experiments/shiro-ef/sampling_ada/word2vec-300-angular-samplings--k100-ef.bin
Samplings loaded from /home/yc.shea/experiments/shiro-ef/sampling_ada/word2vec-300-angular-samplings--k100-ef.bin
Start creating ApproximatedScoreCalculator
ApproximatedScoreCalculator created
Estimator initialized in 0 ms
Search time: 130 ms
Average Recall: 0.8984
Initial average recall with ef=100: 0.8984
Search time: 162 ms
Average Recall: 0.93085
Initial average recall with ef=150: 0.93085
Recall diff is too small, break.
Recall diff is too small, break.
Recall diff is too small, break.
Weighted average ef: 264.685
EF-estimation table computing time: 680 ms
Loading samplings from /home/yc.shea/experiments/shiro-ef/sampling_ada/word2vec-300-angular-samplings--k100-ef.bin
Samplings loaded from /home/yc.shea/experiments/shiro-ef/sampling_ada/word2vec-300-angular-samplings--k100-ef.bin
Start creating ApproximatedScoreCalculator
ApproximatedScoreCalculator created
Estimator initialized in 0 ms
Search time: 127 ms
Average Recall: 0.8984
Initial average recall with ef=100: 0.8984
Search time: 162 ms
Average Recall: 0.93085
Initial average recall with ef=150: 0.93085
Recall diff is too small, break.
Recall diff is too small, break.
Recall diff is too small, break.
Weighted average ef: 264.685
EF-estimation table computing time: 677 ms
Loading samplings from /home/yc.shea/experiments/shiro-ef/sampling_ada/word2vec-300-angular-samplings--k100-ef.bin
Samplings loaded from /home/yc.shea/experiments/shiro-ef/sampling_ada/word2vec-300-angular-samplings--k100-ef.bin
Start creating ApproximatedScoreCalculator
ApproximatedScoreCalculator created
Estimator initialized in 0 ms
Search time: 127 ms
Average Recall: 0.8984
Initial average recall with ef=100: 0.8984
Search time: 162 ms
Average Recall: 0.93085
Initial average recall with ef=150: 0.93085
Recall diff is too small, break.
Recall diff is too small, break.
Recall diff is too small, break.
Weighted average ef: 264.685
EF-estimation table computing time: 698 ms
Dataset: msmarco
Metric: cd
Quantile step: 0.001
Normalize the data vectors
Data vectors dimensions: 8841823 x 1536
Query vectors dimensions: 6980 x 1536
Neighbors dimensions: 6980 x 1000
Using AVX Inner Product distance
Index loaded
Dimension of space:1536
Data size of space:6144
Mean computation time: 2813 ms
Number of threads: 8
Covariance matrix computation time: 118514 ms
CosineDistanceEstimator created
Dataset statistics computing time: 121327 ms
Mean computation time: 4303 ms
Number of threads: 8
Covariance matrix computation time: 102245 ms
CosineDistanceEstimator created
Dataset statistics computing time: 106548 ms
Mean computation time: 4013 ms
Number of threads: 8
Covariance matrix computation time: 102808 ms
CosineDistanceEstimator created
Dataset statistics computing time: 106821 ms
Distance matrix computed in 38535 ms
Ground truth computed in 419 ms using 8 threads.
Sampling computing time: 39555 ms
Distance matrix computed in 35085 ms
Ground truth computed in 344 ms using 8 threads.
Sampling computing time: 35907 ms
Distance matrix computed in 38088 ms
Ground truth computed in 249 ms using 8 threads.
Sampling computing time: 38754 ms
Loading samplings from /home/yc.shea/experiments/shiro-ef/sampling_ada/msmarco-samplings--k1000-ef.bin
Samplings loaded from /home/yc.shea/experiments/shiro-ef/sampling_ada/msmarco-samplings--k1000-ef.bin
Start creating ApproximatedScoreCalculator
ApproximatedScoreCalculator created
Estimator initialized in 0 ms
Search time: 7307 ms
Average Recall: 0.976275
Initial average recall with ef=1000: 0.976275
Search time: 5096 ms
Average Recall: 0.987849
Initial average recall with ef=1500: 0.98785
Weighted average ef: 1080.97
EF-estimation table computing time: 12852 ms
Loading samplings from /home/yc.shea/experiments/shiro-ef/sampling_ada/msmarco-samplings--k1000-ef.bin
Samplings loaded from /home/yc.shea/experiments/shiro-ef/sampling_ada/msmarco-samplings--k1000-ef.bin
Start creating ApproximatedScoreCalculator
ApproximatedScoreCalculator created
Estimator initialized in 0 ms
Search time: 2506 ms
Average Recall: 0.976275
Initial average recall with ef=1000: 0.976275
Search time: 3568 ms
Average Recall: 0.987849
Initial average recall with ef=1500: 0.98785
Weighted average ef: 1080.97
EF-estimation table computing time: 6442 ms
Loading samplings from /home/yc.shea/experiments/shiro-ef/sampling_ada/msmarco-samplings--k1000-ef.bin
Samplings loaded from /home/yc.shea/experiments/shiro-ef/sampling_ada/msmarco-samplings--k1000-ef.bin
Start creating ApproximatedScoreCalculator
ApproximatedScoreCalculator created
Estimator initialized in 0 ms
Search time: 2509 ms
Average Recall: 0.976275
Initial average recall with ef=1000: 0.976275
Search time: 3945 ms
Average Recall: 0.987849
Initial average recall with ef=1500: 0.98785
Weighted average ef: 1080.97
EF-estimation table computing time: 6799 ms
Dataset: cohere
Metric: cd
Quantile step: 0.001
Normalize the data vectors
Data vectors dimensions: 18380565 x 1024
Query vectors dimensions: 1677 x 1024
Neighbors dimensions: 1677 x 1000
Using AVX Inner Product distance
Index loaded
Dimension of space:1024
Data size of space:4096
Mean computation time: 4459 ms
Number of threads: 8
Covariance matrix computation time: 111315 ms
CosineDistanceEstimator created
Dataset statistics computing time: 115774 ms
Mean computation time: 5988 ms
Number of threads: 8
Covariance matrix computation time: 100313 ms
CosineDistanceEstimator created
Dataset statistics computing time: 106301 ms
Mean computation time: 5914 ms
Number of threads: 8
Covariance matrix computation time: 100713 ms
CosineDistanceEstimator created
Dataset statistics computing time: 106628 ms
Distance matrix computed in 60143 ms
Ground truth computed in 694 ms using 8 threads.
Sampling computing time: 62018 ms
Distance matrix computed in 58777 ms
Ground truth computed in 1243 ms using 8 threads.
Sampling computing time: 60891 ms
Distance matrix computed in 61535 ms
Ground truth computed in 490 ms using 8 threads.
Sampling computing time: 63015 ms
Loading samplings from /home/yc.shea/experiments/shiro-ef/sampling_ada/cohere-samplings--k1000-ef.bin
Samplings loaded from /home/yc.shea/experiments/shiro-ef/sampling_ada/cohere-samplings--k1000-ef.bin
Start creating ApproximatedScoreCalculator
ApproximatedScoreCalculator created
Estimator initialized in 0 ms
Search time: 6170 ms
Average Recall: 0.957965
Initial average recall with ef=1000: 0.957965
Search time: 3709 ms
Average Recall: 0.97736
Initial average recall with ef=1500: 0.97736
Weighted average ef: 1230
EF-estimation table computing time: 11214 ms
Loading samplings from /home/yc.shea/experiments/shiro-ef/sampling_ada/cohere-samplings--k1000-ef.bin
Samplings loaded from /home/yc.shea/experiments/shiro-ef/sampling_ada/cohere-samplings--k1000-ef.bin
Start creating ApproximatedScoreCalculator
ApproximatedScoreCalculator created
Estimator initialized in 0 ms
Search time: 1566 ms
Average Recall: 0.957965
Initial average recall with ef=1000: 0.957965
Search time: 2223 ms
Average Recall: 0.97736
Initial average recall with ef=1500: 0.97736
Weighted average ef: 1230
EF-estimation table computing time: 4700 ms
Loading samplings from /home/yc.shea/experiments/shiro-ef/sampling_ada/cohere-samplings--k1000-ef.bin
Samplings loaded from /home/yc.shea/experiments/shiro-ef/sampling_ada/cohere-samplings--k1000-ef.bin
Start creating ApproximatedScoreCalculator
ApproximatedScoreCalculator created
Estimator initialized in 0 ms
Search time: 1550 ms
Average Recall: 0.957965
Initial average recall with ef=1000: 0.957965
Search time: 2213 ms
Average Recall: 0.97736
Initial average recall with ef=1500: 0.97736
Weighted average ef: 1230
EF-estimation table computing time: 4673 ms
Starting per-query result experiments...


Dataset: deep-image-96-angular
Metric: cd
Quantile step: 0.001
Normalize the data vectors
Data vectors dimensions: 9990000 x 96
Query vectors dimensions: 10000 x 96
Neighbors dimensions: 10000 x 100
Using AVX Inner Product distance
Index loaded
Dimension of space:96
Data size of space:384
Start creating ApproximatedScoreCalculator
ApproximatedScoreCalculator created
****Weighted average ef: 242

=== Summary (Iteration 1/3) ===
Average Latency: 987728 ns
Average Recall: 0.962871
Total Latency: 9.87728 seconds

=== Summary (Iteration 2/3) ===
Average Latency: 1.00423e+06 ns
Average Recall: 0.962871
Total Latency: 10.0423 seconds

=== Summary (Iteration 3/3) ===
Average Latency: 1.00663e+06 ns
Average Recall: 0.962871
Total Latency: 10.0663 seconds

Per-query results (median latency per query) have been written to research/csv/per_query_results_deep-image-96-angular.csv

=== Final Summary (Median Iteration) ===
Average Latency: 994561 ns
Total Latency: 9.94561 seconds
Average Recall: 0.962871
5th percentile recall: 0.86
1st percentile recall: 0.79
Experiment finished.

======================================
Testing ef: 100
Per-query results appended to research/csv/per_query_baseline_deep-image-96-angular.csv

=== Summary for ef 100 ===
Average Recall: 0.858459
5th percentile recall: 0.6
1st percentile recall: 0.46

Total Latency: 3.35607 seconds
Average Latency: 335607 ns

======================================
Testing ef: 200
Per-query results appended to research/csv/per_query_baseline_deep-image-96-angular.csv

=== Summary for ef 200 ===
Average Recall: 0.935477
5th percentile recall: 0.76
1st percentile recall: 0.63

Total Latency: 5.90855 seconds
Average Latency: 590855 ns

======================================
Testing ef: 300
Per-query results appended to research/csv/per_query_baseline_deep-image-96-angular.csv

=== Summary for ef 300 ===
Average Recall: 0.961983
5th percentile recall: 0.84
1st percentile recall: 0.72

Total Latency: 8.48961 seconds
Average Latency: 848961 ns

======================================
Testing ef: 400
Per-query results appended to research/csv/per_query_baseline_deep-image-96-angular.csv

=== Summary for ef 400 ===
Average Recall: 0.974622
5th percentile recall: 0.88
1st percentile recall: 0.77

Total Latency: 11.1364 seconds
Average Latency: 1.11364e+06 ns

======================================
Testing ef: 500
Per-query results appended to research/csv/per_query_baseline_deep-image-96-angular.csv

=== Summary for ef 500 ===
Average Recall: 0.981729
5th percentile recall: 0.91
1st percentile recall: 0.82

Total Latency: 13.8908 seconds
Average Latency: 1.38908e+06 ns

======================================
Testing ef: 600
Per-query results appended to research/csv/per_query_baseline_deep-image-96-angular.csv

=== Summary for ef 600 ===
Average Recall: 0.986145
5th percentile recall: 0.93
1st percentile recall: 0.85

Total Latency: 16.0487 seconds
Average Latency: 1.60487e+06 ns

======================================
Testing ef: 700
Per-query results appended to research/csv/per_query_baseline_deep-image-96-angular.csv

=== Summary for ef 700 ===
Average Recall: 0.989089
5th percentile recall: 0.94
1st percentile recall: 0.87

Total Latency: 18.792 seconds
Average Latency: 1.8792e+06 ns

======================================
Testing ef: 800
Per-query results appended to research/csv/per_query_baseline_deep-image-96-angular.csv

=== Summary for ef 800 ===
Average Recall: 0.991205
5th percentile recall: 0.95
1st percentile recall: 0.89

Total Latency: 21.0877 seconds
Average Latency: 2.10877e+06 ns

======================================
Testing ef: 1000
Per-query results appended to research/csv/per_query_baseline_deep-image-96-angular.csv

=== Summary for ef 1000 ===
Average Recall: 0.993988
5th percentile recall: 0.97
1st percentile recall: 0.92

Total Latency: 26.542 seconds
Average Latency: 2.6542e+06 ns

======================================
Testing ef: 1200
Per-query results appended to research/csv/per_query_baseline_deep-image-96-angular.csv

=== Summary for ef 1200 ===
Average Recall: 0.995624
5th percentile recall: 0.97
1st percentile recall: 0.93

Total Latency: 32.1504 seconds
Average Latency: 3.21504e+06 ns

======================================
Testing ef: 1400
Per-query results appended to research/csv/per_query_baseline_deep-image-96-angular.csv

=== Summary for ef 1400 ===
Average Recall: 0.996625
5th percentile recall: 0.98
1st percentile recall: 0.94

Total Latency: 35.8578 seconds
Average Latency: 3.58578e+06 ns

======================================
Testing ef: 1600
Per-query results appended to research/csv/per_query_baseline_deep-image-96-angular.csv

=== Summary for ef 1600 ===
Average Recall: 0.997364
5th percentile recall: 0.98
1st percentile recall: 0.95

Total Latency: 41.2016 seconds
Average Latency: 4.12016e+06 ns

======================================
Testing ef: 2000
Per-query results appended to research/csv/per_query_baseline_deep-image-96-angular.csv

=== Summary for ef 2000 ===
Average Recall: 0.99822
5th percentile recall: 0.99
1st percentile recall: 0.97

Total Latency: 50.3074 seconds
Average Latency: 5.03074e+06 ns

======================================
Testing ef: 2400
Per-query results appended to research/csv/per_query_baseline_deep-image-96-angular.csv

=== Summary for ef 2400 ===
Average Recall: 0.998738
5th percentile recall: 0.99
1st percentile recall: 0.97

Total Latency: 60.1358 seconds
Average Latency: 6.01358e+06 ns

======================================
Testing ef: 2800
Per-query results appended to research/csv/per_query_baseline_deep-image-96-angular.csv

=== Summary for ef 2800 ===
Average Recall: 0.999036
5th percentile recall: 0.99
1st percentile recall: 0.98

Total Latency: 71.037 seconds
Average Latency: 7.1037e+06 ns

======================================
Testing ef: 3200
Per-query results appended to research/csv/per_query_baseline_deep-image-96-angular.csv

=== Summary for ef 3200 ===
Average Recall: 0.999247
5th percentile recall: 1
1st percentile recall: 0.98

Total Latency: 80.1264 seconds
Average Latency: 8.01264e+06 ns

======================================
Testing ef: 3600
Per-query results appended to research/csv/per_query_baseline_deep-image-96-angular.csv

=== Summary for ef 3600 ===
Average Recall: 0.999395
5th percentile recall: 1
1st percentile recall: 0.99

Total Latency: 89.3703 seconds
Average Latency: 8.93703e+06 ns

======================================
Testing ef: 4000
Per-query results appended to research/csv/per_query_baseline_deep-image-96-angular.csv

=== Summary for ef 4000 ===
Average Recall: 0.999511
5th percentile recall: 1
1st percentile recall: 0.99

Total Latency: 98.6776 seconds
Average Latency: 9.86776e+06 ns

======================================
Testing ef: 4400
Per-query results appended to research/csv/per_query_baseline_deep-image-96-angular.csv

=== Summary for ef 4400 ===
Average Recall: 0.999571
5th percentile recall: 1
1st percentile recall: 0.99

Total Latency: 108.115 seconds
Average Latency: 1.08115e+07 ns

======================================
Testing ef: 4800
Per-query results appended to research/csv/per_query_baseline_deep-image-96-angular.csv

=== Summary for ef 4800 ===
Average Recall: 0.999633
5th percentile recall: 1
1st percentile recall: 0.99

Total Latency: 119.094 seconds
Average Latency: 1.19094e+07 ns

======================================
Testing ef: 5200
Per-query results appended to research/csv/per_query_baseline_deep-image-96-angular.csv

=== Summary for ef 5200 ===
Average Recall: 0.999681
5th percentile recall: 1
1st percentile recall: 0.99

Total Latency: 129.281 seconds
Average Latency: 1.29281e+07 ns
Experiment finished
Dataset: glove-100-angular
Metric: cd
Quantile step: 0.001
Normalize the data vectors
Data vectors dimensions: 1183514 x 100
Query vectors dimensions: 10000 x 100
Neighbors dimensions: 10000 x 100
Using AVX Inner Product distance
Index loaded
Dimension of space:100
Data size of space:400
Start creating ApproximatedScoreCalculator
ApproximatedScoreCalculator created
****Weighted average ef: 1539

=== Summary (Iteration 1/3) ===
Average Latency: 5.46948e+06 ns
Average Recall: 0.97619
Total Latency: 54.6948 seconds

=== Summary (Iteration 2/3) ===
Average Latency: 5.4631e+06 ns
Average Recall: 0.97619
Total Latency: 54.631 seconds

=== Summary (Iteration 3/3) ===
Average Latency: 5.47248e+06 ns
Average Recall: 0.97619
Total Latency: 54.7248 seconds

Per-query results (median latency per query) have been written to research/csv/per_query_results_glove-100-angular.csv

=== Final Summary (Median Iteration) ===
Average Latency: 5.43753e+06 ns
Total Latency: 54.3753 seconds
Average Recall: 0.97619
5th percentile recall: 0.9
1st percentile recall: 0.85
Experiment finished.

======================================
Testing ef: 100
Per-query results appended to research/csv/per_query_baseline_glove-100-angular.csv

=== Summary for ef 100 ===
Average Recall: 0.692471
5th percentile recall: 0.21
1st percentile recall: 0.13

Total Latency: 2.77503 seconds
Average Latency: 277503 ns

======================================
Testing ef: 200
Per-query results appended to research/csv/per_query_baseline_glove-100-angular.csv

=== Summary for ef 200 ===
Average Recall: 0.780586
5th percentile recall: 0.34
1st percentile recall: 0.23

Total Latency: 5.07645 seconds
Average Latency: 507645 ns

======================================
Testing ef: 300
Per-query results appended to research/csv/per_query_baseline_glove-100-angular.csv

=== Summary for ef 300 ===
Average Recall: 0.823567
5th percentile recall: 0.42
1st percentile recall: 0.31

Total Latency: 7.33305 seconds
Average Latency: 733305 ns

======================================
Testing ef: 400
Per-query results appended to research/csv/per_query_baseline_glove-100-angular.csv

=== Summary for ef 400 ===
Average Recall: 0.850391
5th percentile recall: 0.48
1st percentile recall: 0.37

Total Latency: 9.56595 seconds
Average Latency: 956595 ns

======================================
Testing ef: 500
Per-query results appended to research/csv/per_query_baseline_glove-100-angular.csv

=== Summary for ef 500 ===
Average Recall: 0.869853
5th percentile recall: 0.52
1st percentile recall: 0.41

Total Latency: 11.7991 seconds
Average Latency: 1.17991e+06 ns

======================================
Testing ef: 600
Per-query results appended to research/csv/per_query_baseline_glove-100-angular.csv

=== Summary for ef 600 ===
Average Recall: 0.884764
5th percentile recall: 0.56
1st percentile recall: 0.45

Total Latency: 14.0016 seconds
Average Latency: 1.40016e+06 ns

======================================
Testing ef: 700
Per-query results appended to research/csv/per_query_baseline_glove-100-angular.csv

=== Summary for ef 700 ===
Average Recall: 0.896339
5th percentile recall: 0.59
1st percentile recall: 0.49

Total Latency: 16.1993 seconds
Average Latency: 1.61993e+06 ns

======================================
Testing ef: 800
Per-query results appended to research/csv/per_query_baseline_glove-100-angular.csv

=== Summary for ef 800 ===
Average Recall: 0.905889
5th percentile recall: 0.62
1st percentile recall: 0.52

Total Latency: 18.3996 seconds
Average Latency: 1.83996e+06 ns

======================================
Testing ef: 1000
Per-query results appended to research/csv/per_query_baseline_glove-100-angular.csv

=== Summary for ef 1000 ===
Average Recall: 0.921071
5th percentile recall: 0.68
1st percentile recall: 0.57

Total Latency: 22.7742 seconds
Average Latency: 2.27742e+06 ns

======================================
Testing ef: 1200
Per-query results appended to research/csv/per_query_baseline_glove-100-angular.csv

=== Summary for ef 1200 ===
Average Recall: 0.932159
5th percentile recall: 0.72
1st percentile recall: 0.62

Total Latency: 26.962 seconds
Average Latency: 2.6962e+06 ns

======================================
Testing ef: 1400
Per-query results appended to research/csv/per_query_baseline_glove-100-angular.csv

=== Summary for ef 1400 ===
Average Recall: 0.940925
5th percentile recall: 0.75
1st percentile recall: 0.65

Total Latency: 31.2503 seconds
Average Latency: 3.12503e+06 ns

======================================
Testing ef: 1600
Per-query results appended to research/csv/per_query_baseline_glove-100-angular.csv

=== Summary for ef 1600 ===
Average Recall: 0.947888
5th percentile recall: 0.77
1st percentile recall: 0.68

Total Latency: 35.559 seconds
Average Latency: 3.5559e+06 ns

======================================
Testing ef: 2000
Per-query results appended to research/csv/per_query_baseline_glove-100-angular.csv

=== Summary for ef 2000 ===
Average Recall: 0.958143
5th percentile recall: 0.81
1st percentile recall: 0.73

Total Latency: 44.1392 seconds
Average Latency: 4.41392e+06 ns

======================================
Testing ef: 2400
Per-query results appended to research/csv/per_query_baseline_glove-100-angular.csv

=== Summary for ef 2400 ===
Average Recall: 0.96557
5th percentile recall: 0.84
1st percentile recall: 0.77

Total Latency: 52.6968 seconds
Average Latency: 5.26968e+06 ns

======================================
Testing ef: 2800
Per-query results appended to research/csv/per_query_baseline_glove-100-angular.csv

=== Summary for ef 2800 ===
Average Recall: 0.971166
5th percentile recall: 0.86
1st percentile recall: 0.8

Total Latency: 61.1228 seconds
Average Latency: 6.11228e+06 ns

======================================
Testing ef: 3200
Per-query results appended to research/csv/per_query_baseline_glove-100-angular.csv

=== Summary for ef 3200 ===
Average Recall: 0.975521
5th percentile recall: 0.88
1st percentile recall: 0.82

Total Latency: 69.7937 seconds
Average Latency: 6.97937e+06 ns

======================================
Testing ef: 3600
Per-query results appended to research/csv/per_query_baseline_glove-100-angular.csv

=== Summary for ef 3600 ===
Average Recall: 0.978893
5th percentile recall: 0.9
1st percentile recall: 0.84

Total Latency: 78.4172 seconds
Average Latency: 7.84172e+06 ns

======================================
Testing ef: 4000
Per-query results appended to research/csv/per_query_baseline_glove-100-angular.csv

=== Summary for ef 4000 ===
Average Recall: 0.981611
5th percentile recall: 0.91
1st percentile recall: 0.86

Total Latency: 86.9396 seconds
Average Latency: 8.69396e+06 ns

======================================
Testing ef: 4400
Per-query results appended to research/csv/per_query_baseline_glove-100-angular.csv

=== Summary for ef 4400 ===
Average Recall: 0.983885
5th percentile recall: 0.92
1st percentile recall: 0.87

Total Latency: 97.515 seconds
Average Latency: 9.7515e+06 ns

======================================
Testing ef: 4800
Per-query results appended to research/csv/per_query_baseline_glove-100-angular.csv

=== Summary for ef 4800 ===
Average Recall: 0.985818
5th percentile recall: 0.93
1st percentile recall: 0.88

Total Latency: 108.005 seconds
Average Latency: 1.08005e+07 ns

======================================
Testing ef: 5200
Per-query results appended to research/csv/per_query_baseline_glove-100-angular.csv

=== Summary for ef 5200 ===
Average Recall: 0.987403
5th percentile recall: 0.93
1st percentile recall: 0.89

Total Latency: 117.243 seconds
Average Latency: 1.17243e+07 ns
Experiment finished
Dataset: word2vec-300-angular
Metric: cd
Quantile step: 0.001
Normalize the data vectors
Data vectors dimensions: 1000000 x 300
Query vectors dimensions: 1000 x 300
Neighbors dimensions: 1000 x 100
Using AVX Inner Product distance
Index loaded
Dimension of space:300
Data size of space:1200
Start creating ApproximatedScoreCalculator
ApproximatedScoreCalculator created
****Weighted average ef: 264

=== Summary (Iteration 1/3) ===
Average Latency: 1.50549e+06 ns
Average Recall: 0.96292
Total Latency: 1.50549 seconds

=== Summary (Iteration 2/3) ===
Average Latency: 1.50481e+06 ns
Average Recall: 0.96292
Total Latency: 1.50481 seconds

=== Summary (Iteration 3/3) ===
Average Latency: 1.50229e+06 ns
Average Recall: 0.96292
Total Latency: 1.50229 seconds

Per-query results (median latency per query) have been written to research/csv/per_query_results_word2vec-300-angular.csv

=== Final Summary (Median Iteration) ===
Average Latency: 1.50165e+06 ns
Total Latency: 1.50165 seconds
Average Recall: 0.96292
5th percentile recall: 0.85
1st percentile recall: 0.74
Experiment finished.

======================================
Testing ef: 100
Per-query results appended to research/csv/per_query_baseline_word2vec-300-angular.csv

=== Summary for ef 100 ===
Average Recall: 0.86714
5th percentile recall: 0.59
1st percentile recall: 0.46

Total Latency: 0.478334 seconds
Average Latency: 478334 ns

======================================
Testing ef: 200
Per-query results appended to research/csv/per_query_baseline_word2vec-300-angular.csv

=== Summary for ef 200 ===
Average Recall: 0.9319
5th percentile recall: 0.74
1st percentile recall: 0.6

Total Latency: 0.848954 seconds
Average Latency: 848954 ns

======================================
Testing ef: 300
Per-query results appended to research/csv/per_query_baseline_word2vec-300-angular.csv

=== Summary for ef 300 ===
Average Recall: 0.95406
5th percentile recall: 0.8
1st percentile recall: 0.66

Total Latency: 1.20063 seconds
Average Latency: 1.20063e+06 ns

======================================
Testing ef: 400
Per-query results appended to research/csv/per_query_baseline_word2vec-300-angular.csv

=== Summary for ef 400 ===
Average Recall: 0.96575
5th percentile recall: 0.84
1st percentile recall: 0.72

Total Latency: 1.53296 seconds
Average Latency: 1.53296e+06 ns

======================================
Testing ef: 500
Per-query results appended to research/csv/per_query_baseline_word2vec-300-angular.csv

=== Summary for ef 500 ===
Average Recall: 0.97232
5th percentile recall: 0.86
1st percentile recall: 0.75

Total Latency: 1.85942 seconds
Average Latency: 1.85942e+06 ns

======================================
Testing ef: 600
Per-query results appended to research/csv/per_query_baseline_word2vec-300-angular.csv

=== Summary for ef 600 ===
Average Recall: 0.9767
5th percentile recall: 0.87
1st percentile recall: 0.78

Total Latency: 2.17705 seconds
Average Latency: 2.17705e+06 ns

======================================
Testing ef: 700
Per-query results appended to research/csv/per_query_baseline_word2vec-300-angular.csv

=== Summary for ef 700 ===
Average Recall: 0.97979
5th percentile recall: 0.89
1st percentile recall: 0.79

Total Latency: 2.49185 seconds
Average Latency: 2.49185e+06 ns

======================================
Testing ef: 800
Per-query results appended to research/csv/per_query_baseline_word2vec-300-angular.csv

=== Summary for ef 800 ===
Average Recall: 0.98183
5th percentile recall: 0.9
1st percentile recall: 0.81

Total Latency: 2.81115 seconds
Average Latency: 2.81115e+06 ns

======================================
Testing ef: 1000
Per-query results appended to research/csv/per_query_baseline_word2vec-300-angular.csv

=== Summary for ef 1000 ===
Average Recall: 0.98507
5th percentile recall: 0.92
1st percentile recall: 0.84

Total Latency: 3.41291 seconds
Average Latency: 3.41291e+06 ns

======================================
Testing ef: 1200
Per-query results appended to research/csv/per_query_baseline_word2vec-300-angular.csv

=== Summary for ef 1200 ===
Average Recall: 0.98723
5th percentile recall: 0.93
1st percentile recall: 0.85

Total Latency: 4.00296 seconds
Average Latency: 4.00296e+06 ns
Experiment finished
Dataset: msmarco
Metric: cd
Quantile step: 0.001
Normalize the data vectors
Data vectors dimensions: 8841823 x 1536
Query vectors dimensions: 6980 x 1536
Neighbors dimensions: 6980 x 1000
Using AVX Inner Product distance
Index loaded
Dimension of space:1536
Data size of space:6144
Start creating ApproximatedScoreCalculator
ApproximatedScoreCalculator created
****Weighted average ef: 1080

=== Summary (Iteration 1/3) ===
Average Latency: 2.64372e+07 ns
Average Recall: 0.970356
Total Latency: 184.532 seconds

=== Summary (Iteration 2/3) ===
Average Latency: 2.49652e+07 ns
Average Recall: 0.970356
Total Latency: 174.257 seconds

=== Summary (Iteration 3/3) ===
Average Latency: 2.45706e+07 ns
Average Recall: 0.970356
Total Latency: 171.503 seconds

Per-query results (median latency per query) have been written to research/csv/per_query_results_msmarco.csv

=== Final Summary (Median Iteration) ===
Average Latency: 2.5051e+07 ns
Total Latency: 174.856 seconds
Average Recall: 0.970356
5th percentile recall: 0.91
1st percentile recall: 0.864
Experiment finished.

======================================
Testing ef: 1000
Per-query results appended to research/csv/per_query_baseline_msmarco.csv

=== Summary for ef 1000 ===
Average Recall: 0.947277
5th percentile recall: 0.808
1st percentile recall: 0.7

Total Latency: 109.81 seconds
Average Latency: 1.57322e+07 ns

======================================
Testing ef: 1200
Per-query results appended to research/csv/per_query_baseline_msmarco.csv

=== Summary for ef 1200 ===
Average Recall: 0.958146
5th percentile recall: 0.836
1st percentile recall: 0.736

Total Latency: 131.866 seconds
Average Latency: 1.8892e+07 ns

======================================
Testing ef: 1400
Per-query results appended to research/csv/per_query_baseline_msmarco.csv

=== Summary for ef 1400 ===
Average Recall: 0.96536
5th percentile recall: 0.857
1st percentile recall: 0.763

Total Latency: 170.296 seconds
Average Latency: 2.43977e+07 ns

======================================
Testing ef: 1600
Per-query results appended to research/csv/per_query_baseline_msmarco.csv

=== Summary for ef 1600 ===
Average Recall: 0.970567
5th percentile recall: 0.873
1st percentile recall: 0.784

Total Latency: 173.714 seconds
Average Latency: 2.48874e+07 ns

======================================
Testing ef: 2000
Per-query results appended to research/csv/per_query_baseline_msmarco.csv

=== Summary for ef 2000 ===
Average Recall: 0.977447
5th percentile recall: 0.896
1st percentile recall: 0.819

Total Latency: 211.39 seconds
Average Latency: 3.02852e+07 ns

======================================
Testing ef: 2400
Per-query results appended to research/csv/per_query_baseline_msmarco.csv

=== Summary for ef 2400 ===
Average Recall: 0.981847
5th percentile recall: 0.913
1st percentile recall: 0.843

Total Latency: 248.257 seconds
Average Latency: 3.55668e+07 ns

======================================
Testing ef: 2800
Per-query results appended to research/csv/per_query_baseline_msmarco.csv

=== Summary for ef 2800 ===
Average Recall: 0.98488
5th percentile recall: 0.926
1st percentile recall: 0.863

Total Latency: 286.764 seconds
Average Latency: 4.10836e+07 ns

======================================
Testing ef: 3200
Per-query results appended to research/csv/per_query_baseline_msmarco.csv

=== Summary for ef 3200 ===
Average Recall: 0.987058
5th percentile recall: 0.935
1st percentile recall: 0.878

Total Latency: 328.577 seconds
Average Latency: 4.7074e+07 ns

======================================
Testing ef: 3600
Per-query results appended to research/csv/per_query_baseline_msmarco.csv

=== Summary for ef 3600 ===
Average Recall: 0.988732
5th percentile recall: 0.942
1st percentile recall: 0.891

Total Latency: 368.872 seconds
Average Latency: 5.2847e+07 ns

======================================
Testing ef: 4000
Per-query results appended to research/csv/per_query_baseline_msmarco.csv

=== Summary for ef 4000 ===
Average Recall: 0.990068
5th percentile recall: 0.949
1st percentile recall: 0.901

Total Latency: 407.713 seconds
Average Latency: 5.84116e+07 ns

======================================
Testing ef: 4400
Per-query results appended to research/csv/per_query_baseline_msmarco.csv

=== Summary for ef 4400 ===
Average Recall: 0.991135
5th percentile recall: 0.953
1st percentile recall: 0.909

Total Latency: 449.48 seconds
Average Latency: 6.43954e+07 ns

======================================
Testing ef: 4800
Per-query results appended to research/csv/per_query_baseline_msmarco.csv

=== Summary for ef 4800 ===
Average Recall: 0.991991
5th percentile recall: 0.958
1st percentile recall: 0.916

Total Latency: 516.376 seconds
Average Latency: 7.39794e+07 ns

======================================
Testing ef: 5200
Per-query results appended to research/csv/per_query_baseline_msmarco.csv

=== Summary for ef 5200 ===
Average Recall: 0.992692
5th percentile recall: 0.961
1st percentile recall: 0.923

Total Latency: 522.427 seconds
Average Latency: 7.48463e+07 ns
Experiment finished
Dataset: cohere
Metric: cd
Quantile step: 0.001
Normalize the data vectors
Data vectors dimensions: 18380565 x 1024
Query vectors dimensions: 1677 x 1024
Neighbors dimensions: 1677 x 1000
Using AVX Inner Product distance
Index loaded
Dimension of space:1024
Data size of space:4096
Start creating ApproximatedScoreCalculator
ApproximatedScoreCalculator created
****Weighted average ef: 1230

=== Summary (Iteration 1/3) ===
Average Latency: 1.16781e+07 ns
Average Recall: 0.951457
Total Latency: 19.5843 seconds

=== Summary (Iteration 2/3) ===
Average Latency: 1.44692e+07 ns
Average Recall: 0.951457
Total Latency: 24.2649 seconds

=== Summary (Iteration 3/3) ===
Average Latency: 2.06984e+07 ns
Average Recall: 0.951457
Total Latency: 34.7113 seconds

Per-query results (median latency per query) have been written to research/csv/per_query_results_cohere.csv

=== Final Summary (Median Iteration) ===
Average Latency: 1.42057e+07 ns
Total Latency: 23.8229 seconds
Average Recall: 0.951457
5th percentile recall: 0.83
1st percentile recall: 0.627
Experiment finished.

======================================
Testing ef: 1000
Per-query results appended to research/csv/per_query_baseline_cohere.csv

=== Summary for ef 1000 ===
Average Recall: 0.923758
5th percentile recall: 0.737
1st percentile recall: 0.579

Total Latency: 23.5813 seconds
Average Latency: 1.40616e+07 ns

======================================
Testing ef: 1200
Per-query results appended to research/csv/per_query_baseline_cohere.csv

=== Summary for ef 1200 ===
Average Recall: 0.938033
5th percentile recall: 0.766
1st percentile recall: 0.619

Total Latency: 30.2274 seconds
Average Latency: 1.80247e+07 ns

======================================
Testing ef: 1400
Per-query results appended to research/csv/per_query_baseline_cohere.csv

=== Summary for ef 1400 ===
Average Recall: 0.947676
5th percentile recall: 0.796
1st percentile recall: 0.649

Total Latency: 36.3437 seconds
Average Latency: 2.16719e+07 ns

======================================
Testing ef: 1600
Per-query results appended to research/csv/per_query_baseline_cohere.csv

=== Summary for ef 1600 ===
Average Recall: 0.954849
5th percentile recall: 0.818
1st percentile recall: 0.667

Total Latency: 41.4219 seconds
Average Latency: 2.47e+07 ns

======================================
Testing ef: 2000
Per-query results appended to research/csv/per_query_baseline_cohere.csv

=== Summary for ef 2000 ===
Average Recall: 0.96445
5th percentile recall: 0.85
1st percentile recall: 0.712

Total Latency: 51.145 seconds
Average Latency: 3.04979e+07 ns

======================================
Testing ef: 2400
Per-query results appended to research/csv/per_query_baseline_cohere.csv

=== Summary for ef 2400 ===
Average Recall: 0.97057
5th percentile recall: 0.871
1st percentile recall: 0.74

Total Latency: 60.6356 seconds
Average Latency: 3.61572e+07 ns

======================================
Testing ef: 2800
Per-query results appended to research/csv/per_query_baseline_cohere.csv

=== Summary for ef 2800 ===
Average Recall: 0.974831
5th percentile recall: 0.885
1st percentile recall: 0.759

Total Latency: 69.0897 seconds
Average Latency: 4.11984e+07 ns

======================================
Testing ef: 3200
Per-query results appended to research/csv/per_query_baseline_cohere.csv

=== Summary for ef 3200 ===
Average Recall: 0.97801
5th percentile recall: 0.899
1st percentile recall: 0.773

Total Latency: 78.9361 seconds
Average Latency: 4.70698e+07 ns

======================================
Testing ef: 3600
Per-query results appended to research/csv/per_query_baseline_cohere.csv

=== Summary for ef 3600 ===
Average Recall: 0.980622
5th percentile recall: 0.909
1st percentile recall: 0.795

Total Latency: 87.9355 seconds
Average Latency: 5.24362e+07 ns

======================================
Testing ef: 4000
Per-query results appended to research/csv/per_query_baseline_cohere.csv

=== Summary for ef 4000 ===
Average Recall: 0.982408
5th percentile recall: 0.918
1st percentile recall: 0.806

Total Latency: 96.4847 seconds
Average Latency: 5.75341e+07 ns

======================================
Testing ef: 4400
Per-query results appended to research/csv/per_query_baseline_cohere.csv

=== Summary for ef 4400 ===
Average Recall: 0.983933
5th percentile recall: 0.925
1st percentile recall: 0.814

Total Latency: 105.507 seconds
Average Latency: 6.29139e+07 ns

======================================
Testing ef: 4800
Per-query results appended to research/csv/per_query_baseline_cohere.csv

=== Summary for ef 4800 ===
Average Recall: 0.985215
5th percentile recall: 0.931
1st percentile recall: 0.824

Total Latency: 114.941 seconds
Average Latency: 6.85396e+07 ns

======================================
Testing ef: 5200
Per-query results appended to research/csv/per_query_baseline_cohere.csv

=== Summary for ef 5200 ===
Average Recall: 0.986348
5th percentile recall: 0.937
1st percentile recall: 0.835

Total Latency: 123.85 seconds
Average Latency: 7.38519e+07 ns
Experiment finished
