Starting experiments for Shiro-ef hnswdis library...


EXPERIMENTS_ROOT: /home/ryawszn/experiments/shiro-ef
Starting offline experiments...

Rebuilding table for deep-image-96-angular...
Normalize the data vectors
Data vectors dimensions: 9990000 x 96
Query vectors dimensions: 10000 x 96
Neighbors dimensions: 10000 x 100
Using AVX512 Inner Product distance
Index loaded
Dimension of space:96
Data size of space:384
Loading samplings from /home/ryawszn/experiments/shiro-ef/sampling/deep-image-96-angular-samplings--k100-ef.bin
Samplings loaded from /home/ryawszn/experiments/shiro-ef/sampling/deep-image-96-angular-samplings--k100-ef.bin
Average Recall: 0.840471
Initial average recall with ef=100: 0.840414
Average Recall: 0.888812
Initial average recall with ef=150: 0.888654
Recall diff is too small for 1 consecutive steps, break.
Recall diff is too small for 1 consecutive steps, break.
Recall diff is too small for 1 consecutive steps, break.
Recall diff is too small for 1 consecutive steps, break.
Recall diff is too small for 1 consecutive steps, break.
Recall diff is too small for 1 consecutive steps, break.
Recall diff is too small for 1 consecutive steps, break.
Recall diff is too small for 1 consecutive steps, break.
Recall diff is too small for 1 consecutive steps, break.
Weighted average ef: 347.982
Training rv-bucket 0 [21.8103, 51.1144) with 200 queries.
Average Recall: 0.621457
Initial average recall with ef=100: 0.619787
Average Recall: 0.705427
Initial average recall with ef=150: 0.70383
Weighted average ef: 961.58
Training rv-bucket 1 [51.1144, 56.2137) with 200 queries.
Average Recall: 0.6542
Initial average recall with ef=100: 0.649605
Average Recall: 0.7339
Initial average recall with ef=150: 0.73113
Recall diff is too small for 1 consecutive steps, break.
Recall diff is too small for 1 consecutive steps, break.
Weighted average ef: 775.105
Training rv-bucket 2 [56.2137, 58.9665) with 200 queries.
Average Recall: 0.67725
Initial average recall with ef=100: 0.664229
Average Recall: 0.75685
Initial average recall with ef=150: 0.745143
Recall diff is too small for 1 consecutive steps, break.
Weighted average ef: 730.755
Training rv-bucket 3 [58.9665, 63.9648) with 200 queries.
Average Recall: 0.72425
Initial average recall with ef=100: 0.717989
Average Recall: 0.79655
Initial average recall with ef=150: 0.790782
Recall diff is too small for 1 consecutive steps, break.
Recall diff is too small for 1 consecutive steps, break.
Weighted average ef: 556.98
Training rv-bucket 4 [63.9648, 67.6926) with 200 queries.
Average Recall: 0.8017
Initial average recall with ef=100: 0.802042
Average Recall: 0.86555
Initial average recall with ef=150: 0.866283
Recall diff is too small for 1 consecutive steps, break.
Weighted average ef: 393.785
Training rv-bucket 5 [67.6926, 70.3704) with 200 queries.
Average Recall: 0.82975
Initial average recall with ef=100: 0.827596
Average Recall: 0.8875
Initial average recall with ef=150: 0.887213
Weighted average ef: 298.305
Training rv-bucket 6 [70.3704, 72.4827) with 200 queries.
Average Recall: 0.8473
Initial average recall with ef=100: 0.845351
Average Recall: 0.90115
Initial average recall with ef=150: 0.899513
Weighted average ef: 275.06
Training rv-bucket 7 [72.4827, 74.5908) with 200 queries.
Average Recall: 0.86805
Initial average recall with ef=100: 0.86779
Average Recall: 0.91615
Initial average recall with ef=150: 0.916961
Weighted average ef: 238.46
Training rv-bucket 8 [74.5908, 76.5265) with 200 queries.
Average Recall: 0.8907
Initial average recall with ef=100: 0.890695
Average Recall: 0.9366
Initial average recall with ef=150: 0.937487
Weighted average ef: 187.215
Training rv-bucket 9 [76.5265, 78.4142) with 200 queries.
Average Recall: 0.9098
Initial average recall with ef=100: 0.912192
Average Recall: 0.94855
Initial average recall with ef=150: 0.950374
Weighted average ef: 159.74
Training rv-bucket 10 [78.4142, 80.1198) with 200 queries.
Average Recall: 0.9245
Initial average recall with ef=100: 0.925503
Average Recall: 0.9559
Initial average recall with ef=150: 0.957037
Weighted average ef: 156.535
Training rv-bucket 11 [80.1198, 81.9441) with 200 queries.
Average Recall: 0.94305
Initial average recall with ef=100: 0.945494
Average Recall: 0.969351
Initial average recall with ef=150: 0.971539
Weighted average ef: 124.48
Training rv-bucket 12 [81.9441, 83.8075) with 200 queries.
Average Recall: 0.9555
Initial average recall with ef=100: 0.960317
Average Recall: 0.977
Initial average recall with ef=150: 0.981005
Weighted average ef: 112.325
Training rv-bucket 13 [83.8075, 86.0539) with 200 queries.
Average Recall: 0.975
Initial average recall with ef=100: 0.977112
Average Recall: 0.9893
Initial average recall with ef=150: 0.990749
Weighted average ef: 98
Training rv-bucket 14 [86.0539, inf) with 200 queries.
Average Recall: 0.98355
Initial average recall with ef=100: 0.989034
Average Recall: 0.9916
Initial average recall with ef=150: 0.995284
Weighted average ef: 91
Reconstructed True WAE: 240.849 (Hard Pct: 0.0212)
Finished building table for deep-image-96-angular
Rebuilding table for glove-100-angular...
Normalize the data vectors
Data vectors dimensions: 1183514 x 100
Query vectors dimensions: 10000 x 100
Neighbors dimensions: 10000 x 100
Using AVX512 Inner Product distance
Index loaded
Dimension of space:100
Data size of space:400
Loading samplings from /home/ryawszn/experiments/shiro-ef/sampling/glove-100-angular-samplings--k100-ef.bin
Samplings loaded from /home/ryawszn/experiments/shiro-ef/sampling/glove-100-angular-samplings--k100-ef.bin
Average Recall: 0.717245
Initial average recall with ef=100: 0.717136
Average Recall: 0.761977
Initial average recall with ef=150: 0.762293
Weighted average ef: 2563.08
Training rv-bucket 0 [12.9429, 38.0075) with 200 queries.
Average Recall: 0.50955
Initial average recall with ef=100: 0.482486
Average Recall: 0.5592
Initial average recall with ef=150: 0.532818
Recall diff is too small for 1 consecutive steps, break.
Recall diff is too small for 1 consecutive steps, break.
Weighted average ef: 3916.57
Training rv-bucket 1 [38.0075, 41.1542) with 200 queries.
Average Recall: 0.439548
Initial average recall with ef=100: 0.418436
Average Recall: 0.49585
Initial average recall with ef=150: 0.476201
Recall diff is too small for 1 consecutive steps, break.
Recall diff is too small for 1 consecutive steps, break.
Recall diff is too small for 1 consecutive steps, break.
Recall diff is too small for 1 consecutive steps, break.
Recall diff is too small for 1 consecutive steps, break.
Weighted average ef: 4263.94
Training rv-bucket 2 [41.1542, 47.9042) with 200 queries.
Average Recall: 0.4473
Initial average recall with ef=100: 0.420769
Average Recall: 0.507
Initial average recall with ef=150: 0.480989
Recall diff is too small for 1 consecutive steps, break.
Weighted average ef: 3953.09
Training rv-bucket 3 [47.9042, 54.6164) with 200 queries.
Average Recall: 0.528543
Initial average recall with ef=100: 0.526931
Average Recall: 0.58845
Initial average recall with ef=150: 0.574021
Recall diff is too small for 1 consecutive steps, break.
Recall diff is too small for 1 consecutive steps, break.
Recall diff is too small for 1 consecutive steps, break.
Recall diff is too small for 1 consecutive steps, break.
Weighted average ef: 3365.36
Training rv-bucket 4 [54.6164, 60.4517) with 200 queries.
Average Recall: 0.58635
Initial average recall with ef=100: 0.571292
Average Recall: 0.65325
Initial average recall with ef=150: 0.63809
Recall diff is too small for 1 consecutive steps, break.
Weighted average ef: 2275.25
Training rv-bucket 5 [60.4517, 64.7876) with 200 queries.
Average Recall: 0.64605
Initial average recall with ef=100: 0.631955
Average Recall: 0.7052
Initial average recall with ef=150: 0.692514
Weighted average ef: 1818.07
Training rv-bucket 6 [64.7876, 67.8019) with 200 queries.
Average Recall: 0.6925
Initial average recall with ef=100: 0.680164
Average Recall: 0.7474
Initial average recall with ef=150: 0.735956
Weighted average ef: 1489.9
Training rv-bucket 7 [67.8019, 70.68) with 200 queries.
Average Recall: 0.7436
Initial average recall with ef=100: 0.734011
Average Recall: 0.79615
Initial average recall with ef=150: 0.788242
Recall diff is too small for 1 consecutive steps, break.
Recall diff is too small for 1 consecutive steps, break.
Weighted average ef: 1071.3
Training rv-bucket 8 [70.68, 73.5559) with 200 queries.
Average Recall: 0.78365
Initial average recall with ef=100: 0.768146
Average Recall: 0.8299
Initial average recall with ef=150: 0.816966
Recall diff is too small for 1 consecutive steps, break.
Recall diff is too small for 1 consecutive steps, break.
Weighted average ef: 999.825
Training rv-bucket 9 [73.5559, 76.16) with 200 queries.
Average Recall: 0.8078
Initial average recall with ef=100: 0.79548
Average Recall: 0.8517
Initial average recall with ef=150: 0.841073
Recall diff is too small for 1 consecutive steps, break.
Weighted average ef: 693.78
Training rv-bucket 10 [76.16, 78.5289) with 200 queries.
Average Recall: 0.8484
Initial average recall with ef=100: 0.837542
Average Recall: 0.8853
Initial average recall with ef=150: 0.876257
Recall diff is too small for 1 consecutive steps, break.
Recall diff is too small for 1 consecutive steps, break.
Recall diff is too small for 1 consecutive steps, break.
Weighted average ef: 591.145
Training rv-bucket 11 [78.5289, 80.6127) with 200 queries.
Average Recall: 0.8841
Initial average recall with ef=100: 0.88508
Average Recall: 0.9159
Initial average recall with ef=150: 0.917884
Recall diff is too small for 1 consecutive steps, break.
Weighted average ef: 358.455
Training rv-bucket 12 [80.6127, 82.5752) with 200 queries.
Average Recall: 0.92495
Initial average recall with ef=100: 0.922105
Average Recall: 0.9494
Initial average recall with ef=150: 0.947427
Recall diff is too small for 1 consecutive steps, break.
Recall diff is too small for 1 consecutive steps, break.
Weighted average ef: 213.025
Training rv-bucket 13 [82.5752, 85.0766) with 200 queries.
Average Recall: 0.951
Initial average recall with ef=100: 0.954457
Average Recall: 0.968
Initial average recall with ef=150: 0.971657
Weighted average ef: 146.88
Training rv-bucket 14 [85.0766, inf) with 200 queries.
Average Recall: 0.96305
Initial average recall with ef=100: 0.967826
Average Recall: 0.977
Initial average recall with ef=150: 0.98087
Weighted average ef: 120.785
Reconstructed True WAE: 1433.11 (Hard Pct: 0.0113)
Finished building table for glove-100-angular
Rebuilding table for sift-128-euclidean...
Data vectors dimensions: 1000000 x 128
Query vectors dimensions: 10000 x 128
Neighbors dimensions: 10000 x 100
Index loaded
Dimension of space:128
Data size of space:512
Loading samplings from /home/ryawszn/experiments/shiro-ef/sampling/sift-128-euclidean-samplings--k100-ef.bin
Samplings loaded from /home/ryawszn/experiments/shiro-ef/sampling/sift-128-euclidean-samplings--k100-ef.bin
Average Recall: 0.900427
Initial average recall with ef=100: 0.900614
Average Recall: 0.927025
Initial average recall with ef=150: 0.927184
Recall diff is too small for 1 consecutive steps, break.
Recall diff is too small for 1 consecutive steps, break.
Recall diff is too small for 1 consecutive steps, break.
Recall diff is too small for 1 consecutive steps, break.
Recall diff is too small for 1 consecutive steps, break.
Recall diff is too small for 1 consecutive steps, break.
Recall diff is too small for 1 consecutive steps, break.
Recall diff is too small for 1 consecutive steps, break.
Weighted average ef: 320.698
Training rv-bucket 0 [47.9439, 65.1447) with 200 queries.
Average Recall: 0.80435
Initial average recall with ef=100: 0.804468
Average Recall: 0.8682
Initial average recall with ef=150: 0.868351
Recall diff is too small for 1 consecutive steps, break.
Recall diff is too small for 1 consecutive steps, break.
Recall diff is too small for 1 consecutive steps, break.
Weighted average ef: 459.025
Training rv-bucket 1 [65.1447, 68.0921) with 200 queries.
Average Recall: 0.8177
Initial average recall with ef=100: 0.816421
Average Recall: 0.88055
Initial average recall with ef=150: 0.879684
Weighted average ef: 448.23
Training rv-bucket 2 [68.0921, 70.0302) with 200 queries.
Average Recall: 0.82615
Initial average recall with ef=100: 0.822667
Average Recall: 0.88705
Initial average recall with ef=150: 0.886555
Recall diff is too small for 1 consecutive steps, break.
Recall diff is too small for 1 consecutive steps, break.
Recall diff is too small for 1 consecutive steps, break.
Recall diff is too small for 1 consecutive steps, break.
Weighted average ef: 410.315
Training rv-bucket 3 [70.0302, 73.2734) with 200 queries.
Average Recall: 0.8701
Initial average recall with ef=100: 0.870421
Average Recall: 0.9107
Initial average recall with ef=150: 0.911579
Recall diff is too small for 1 consecutive steps, break.
Recall diff is too small for 1 consecutive steps, break.
Recall diff is too small for 1 consecutive steps, break.
Recall diff is too small for 1 consecutive steps, break.
Recall diff is too small for 1 consecutive steps, break.
Recall diff is too small for 1 consecutive steps, break.
Weighted average ef: 350.94
Training rv-bucket 4 [73.2734, 75.6524) with 200 queries.
Average Recall: 0.89345
Initial average recall with ef=100: 0.893925
Average Recall: 0.92275
Initial average recall with ef=150: 0.924355
Recall diff is too small for 1 consecutive steps, break.
Recall diff is too small for 1 consecutive steps, break.
Recall diff is too small for 1 consecutive steps, break.
Recall diff is too small for 1 consecutive steps, break.
Recall diff is too small for 1 consecutive steps, break.
Recall diff is too small for 1 consecutive steps, break.
Recall diff is too small for 1 consecutive steps, break.
Recall diff is too small for 1 consecutive steps, break.
Recall diff is too small for 1 consecutive steps, break.
Recall diff is too small for 1 consecutive steps, break.
Weighted average ef: 303.39
Training rv-bucket 5 [75.6524, 77.3521) with 200 queries.
Average Recall: 0.9046
Initial average recall with ef=100: 0.905753
Average Recall: 0.9317
Initial average recall with ef=150: 0.933064
Recall diff is too small for 1 consecutive steps, break.
Recall diff is too small for 1 consecutive steps, break.
Recall diff is too small for 1 consecutive steps, break.
Recall diff is too small for 1 consecutive steps, break.
Recall diff is too small for 1 consecutive steps, break.
Recall diff is too small for 1 consecutive steps, break.
Recall diff is too small for 1 consecutive steps, break.
Recall diff is too small for 1 consecutive steps, break.
Weighted average ef: 271.395
Training rv-bucket 6 [77.3521, 78.7958) with 200 queries.
Average Recall: 0.9096
Initial average recall with ef=100: 0.911183
Average Recall: 0.93395
Initial average recall with ef=150: 0.935645
Recall diff is too small for 1 consecutive steps, break.
Recall diff is too small for 1 consecutive steps, break.
Recall diff is too small for 1 consecutive steps, break.
Recall diff is too small for 1 consecutive steps, break.
Recall diff is too small for 1 consecutive steps, break.
Recall diff is too small for 1 consecutive steps, break.
Weighted average ef: 273.925
Training rv-bucket 7 [78.7958, 79.8728) with 200 queries.
Average Recall: 0.9216
Initial average recall with ef=100: 0.92171
Average Recall: 0.94005
Initial average recall with ef=150: 0.940466
Recall diff is too small for 1 consecutive steps, break.
Recall diff is too small for 1 consecutive steps, break.
Recall diff is too small for 1 consecutive steps, break.
Recall diff is too small for 1 consecutive steps, break.
Recall diff is too small for 1 consecutive steps, break.
Recall diff is too small for 1 consecutive steps, break.
Weighted average ef: 238.52
Training rv-bucket 8 [79.8728, 81.0217) with 200 queries.
Average Recall: 0.9245
Initial average recall with ef=100: 0.926324
Average Recall: 0.93975
Initial average recall with ef=150: 0.941027
Recall diff is too small for 1 consecutive steps, break.
Recall diff is too small for 1 consecutive steps, break.
Recall diff is too small for 1 consecutive steps, break.
Recall diff is too small for 1 consecutive steps, break.
Recall diff is too small for 1 consecutive steps, break.
Recall diff is too small for 1 consecutive steps, break.
Recall diff is too small for 1 consecutive steps, break.
Recall diff is too small for 1 consecutive steps, break.
Recall diff is too small for 1 consecutive steps, break.
Recall diff is too small for 1 consecutive steps, break.
Recall diff is too small for 1 consecutive steps, break.
Weighted average ef: 220.865
Training rv-bucket 9 [81.0217, 82.0594) with 200 queries.
Average Recall: 0.9252
Initial average recall with ef=100: 0.925792
Average Recall: 0.9419
Initial average recall with ef=150: 0.94235
Recall diff is too small for 1 consecutive steps, break.
Recall diff is too small for 1 consecutive steps, break.
Recall diff is too small for 1 consecutive steps, break.
Recall diff is too small for 1 consecutive steps, break.
Recall diff is too small for 1 consecutive steps, break.
Recall diff is too small for 1 consecutive steps, break.
Weighted average ef: 208.935
Training rv-bucket 10 [82.0594, 83.1675) with 200 queries.
Average Recall: 0.93145
Initial average recall with ef=100: 0.931958
Average Recall: 0.9438
Initial average recall with ef=150: 0.943598
Recall diff is too small for 1 consecutive steps, break.
Recall diff is too small for 1 consecutive steps, break.
Recall diff is too small for 1 consecutive steps, break.
Recall diff is too small for 1 consecutive steps, break.
Recall diff is too small for 1 consecutive steps, break.
Recall diff is too small for 1 consecutive steps, break.
Recall diff is too small for 1 consecutive steps, break.
Recall diff is too small for 1 consecutive steps, break.
Weighted average ef: 212.665
Training rv-bucket 11 [83.1675, 84.2372) with 200 queries.
Average Recall: 0.93615
Initial average recall with ef=100: 0.935668
Average Recall: 0.94645
Initial average recall with ef=150: 0.945989
Recall diff is too small for 1 consecutive steps, break.
Recall diff is too small for 1 consecutive steps, break.
Recall diff is too small for 1 consecutive steps, break.
Recall diff is too small for 1 consecutive steps, break.
Recall diff is too small for 1 consecutive steps, break.
Recall diff is too small for 1 consecutive steps, break.
Recall diff is too small for 1 consecutive steps, break.
Recall diff is too small for 1 consecutive steps, break.
Weighted average ef: 208.535
Training rv-bucket 12 [84.2372, 85.375) with 200 queries.
Average Recall: 0.9412
Initial average recall with ef=100: 0.941111
Average Recall: 0.9481
Initial average recall with ef=150: 0.947672
Recall diff is too small for 1 consecutive steps, break.
Weighted average ef: 144.885
Training rv-bucket 13 [85.375, 86.9422) with 200 queries.
Average Recall: 0.947551
Initial average recall with ef=100: 0.947903
Average Recall: 0.9536
Initial average recall with ef=150: 0.95371
Recall diff is too small for 1 consecutive steps, break.
Recall diff is too small for 1 consecutive steps, break.
Weighted average ef: 110.96
Training rv-bucket 14 [86.9422, inf) with 200 queries.
Average Recall: 0.953
Initial average recall with ef=100: 0.952989
Average Recall: 0.9571
Initial average recall with ef=150: 0.956359
Weighted average ef: 95.5
Reconstructed True WAE: 236.293 (Hard Pct: 0.0196)
Finished building table for sift-128-euclidean
Starting adaptive ef tests...


Dataset: deep-image-96-angular
Metric: cd
Truncation ratio: 0.25
Normalize the data vectors
Data vectors dimensions: 9990000 x 96
Query vectors dimensions: 10000 x 96
Neighbors dimensions: 10000 x 100
Using AVX512 Inner Product distance
Index loaded
Dimension of space:96
Data size of space:384
****Weighted average ef: 240
Search time: 9975 ms
Search time: 9573 ms
Search time: 9463 ms
Average Recall: 0.979886
5th percentile recall: 0.93
1st percentile recall: 0.89
Median search time: 9573 ms
Search times: 9463 ms, 9573 ms, 9975 ms, 
deep-image-96-angular experiment results:
statisc_length, time, avg_recall, 5th_percentile_recall, 1st_percentile_recall, recall_above_99, recall_above_95, recall_above_90
1025, 9573, 0.979886, 0.93, 0.89, 5556, 8651, 9813
Experiment finished
Adaptive EF Analysis for dataset: deep-image-96-angular

Search with Patience in Proximity for dataset: deep-image-96-angular
ef: 300
Average Recall: 0.734045
5th percentile recall: 0.45
1st percentile recall: 0.32
Median search time: 3872 ms
Search times: 380 ms, 3872 ms, 3900 ms, 
deep-image-96-angular experiment results:
ef, time, avg_recall, 5th_percentile_recall, 1st_percentile_recall, recall_above_99, recall_above_95, recall_above_90
300, 3872, 0.734045, 0.45, 0.32, 95, 464, 1409
Experiment finished
ef: 100
Average Recall: 0.858172
5th percentile recall: 0.6
1st percentile recall: 0.46
Median search time: 2475 ms
Search times: 2464 ms, 2475 ms, 2490 ms, 
ef: 200
Average Recall: 0.935349
5th percentile recall: 0.76
1st percentile recall: 0.62
Median search time: 4609 ms
Search times: 4600 ms, 4609 ms, 4647 ms, 
ef: 400
Average Recall: 0.974592
5th percentile recall: 0.88
1st percentile recall: 0.78
Median search time: 8761 ms
Search times: 6704 ms, 8761 ms, 8779 ms, 
ef: 800
Average Recall: 0.99121
5th percentile recall: 0.95
1st percentile recall: 0.89
Median search time: 13872 ms
Search times: 13832 ms, 13872 ms, 16306 ms, 
deep-image-96-angular experiment results:
ef, time, avg_recall, 5th_percentile_recall, 1st_percentile_recall, recall_above_99, recall_above_95, recall_above_90
100, 2475, 0.858172, 0.6, 0.46, 1331, 2752, 4550
200, 4609, 0.935349, 0.76, 0.62, 3591, 5682, 7579
400, 8761, 0.974592, 0.88, 0.78, 6289, 8232, 9251
800, 13872, 0.99121, 0.95, 0.89, 8379, 9441, 9858
Experiment finished
Dataset: glove-100-angular
Metric: cd
Truncation ratio: 0.25
Normalize the data vectors
Data vectors dimensions: 1183514 x 100
Query vectors dimensions: 10000 x 100
Neighbors dimensions: 10000 x 100
Using AVX512 Inner Product distance
Index loaded
Dimension of space:100
Data size of space:400
****Weighted average ef: 1433
Search time: 38703 ms
Search time: 41681 ms
Search time: 39265 ms
Average Recall: 0.97901
5th percentile recall: 0.92
1st percentile recall: 0.88
Median search time: 39265 ms
Search times: 38703 ms, 39265 ms, 41681 ms, 
glove-100-angular experiment results:
statisc_length, time, avg_recall, 5th_percentile_recall, 1st_percentile_recall, recall_above_99, recall_above_95, recall_above_90
1025, 39265, 0.97901, 0.92, 0.88, 5982, 8187, 9674
Experiment finished
Adaptive EF Analysis for dataset: glove-100-angular

Search with Patience in Proximity for dataset: glove-100-angular
ef: 300
Average Recall: 0.582264
5th percentile recall: 0.13
1st percentile recall: 0.05
Median search time: 4128 ms
Search times: 4094 ms, 4128 ms, 4251 ms, 
glove-100-angular experiment results:
ef, time, avg_recall, 5th_percentile_recall, 1st_percentile_recall, recall_above_99, recall_above_95, recall_above_90
300, 4128, 0.582264, 0.13, 0.05, 61, 365, 1093
Experiment finished
ef: 100
Average Recall: 0.69279
5th percentile recall: 0.22
1st percentile recall: 0.13
Median search time: 2159 ms
Search times: -273 ms, 2159 ms, 2424 ms, 
ef: 200
Average Recall: 0.780761
5th percentile recall: 0.34
1st percentile recall: 0.24
Median search time: 3986 ms
Search times: 3962 ms, 3986 ms, 3996 ms, 
ef: 400
Average Recall: 0.8506
5th percentile recall: 0.48
1st percentile recall: 0.37
Median search time: 7599 ms
Search times: 5181 ms, 7599 ms, 7617 ms, 
ef: 800
Average Recall: 0.905966
5th percentile recall: 0.63
1st percentile recall: 0.52
Median search time: 14615 ms
Search times: 12401 ms, 14615 ms, 14664 ms, 
ef: 1600
Average Recall: 0.947894
5th percentile recall: 0.77
1st percentile recall: 0.68
Median search time: 25486 ms
Search times: 25354 ms, 25486 ms, 25678 ms, 
ef: 2000
Average Recall: 0.958151
5th percentile recall: 0.81
1st percentile recall: 0.73
Median search time: 31748 ms
Search times: 31624 ms, 31748 ms, 31835 ms, 
ef: 2400
Average Recall: 0.96554
5th percentile recall: 0.84
1st percentile recall: 0.77
Median search time: 38026 ms
Search times: 38023 ms, 38026 ms, 38352 ms, 
ef: 2800
Average Recall: 0.971168
5th percentile recall: 0.86
1st percentile recall: 0.8
Median search time: 42530 ms
Search times: 41672 ms, 42530 ms, 44310 ms, 
ef: 3200
Average Recall: 0.975495
5th percentile recall: 0.88
1st percentile recall: 0.82
Median search time: 47675 ms
Search times: 47600 ms, 47675 ms, 50330 ms, 
ef: 3600
Average Recall: 0.978852
5th percentile recall: 0.9
1st percentile recall: 0.84
Median search time: 53831 ms
Search times: 53594 ms, 53831 ms, 56133 ms, 
ef: 4000
Average Recall: 0.981573
5th percentile recall: 0.91
1st percentile recall: 0.86
Median search time: 62499 ms
Search times: 59722 ms, 62499 ms, 63824 ms, 
ef: 4400
Average Recall: 0.983881
5th percentile recall: 0.92
1st percentile recall: 0.87
Median search time: 67419 ms
Search times: 66409 ms, 67419 ms, 67800 ms, 
ef: 4800
Average Recall: 0.985826
5th percentile recall: 0.93
1st percentile recall: 0.88
Median search time: 72209 ms
Search times: 69714 ms, 72209 ms, 72936 ms, 
ef: 5200
Average Recall: 0.987418
5th percentile recall: 0.94
1st percentile recall: 0.9
Median search time: 75728 ms
Search times: 75706 ms, 75728 ms, 78745 ms, 
glove-100-angular experiment results:
ef, time, avg_recall, 5th_percentile_recall, 1st_percentile_recall, recall_above_99, recall_above_95, recall_above_90
100, 2159, 0.69279, 0.22, 0.13, 903, 1807, 2837
200, 3986, 0.780761, 0.34, 0.24, 2084, 3132, 4250
400, 7599, 0.8506, 0.48, 0.37, 3178, 4334, 5490
800, 14615, 0.905966, 0.63, 0.52, 4215, 5494, 6665
1600, 25486, 0.947894, 0.77, 0.68, 5304, 6636, 7842
2000, 31748, 0.958151, 0.81, 0.73, 5673, 7062, 8270
2400, 38026, 0.96554, 0.84, 0.77, 5989, 7386, 8618
2800, 42530, 0.971168, 0.86, 0.8, 6266, 7694, 8947
3200, 47675, 0.975495, 0.88, 0.82, 6495, 7978, 9185
3600, 53831, 0.978852, 0.9, 0.84, 6713, 8227, 9394
4000, 62499, 0.981573, 0.91, 0.86, 6921, 8440, 9548
4400, 67419, 0.983881, 0.92, 0.87, 7133, 8624, 9681
4800, 72209, 0.985826, 0.93, 0.88, 7338, 8824, 9768
5200, 75728, 0.987418, 0.94, 0.9, 7510, 8999, 9835
Experiment finished
Dataset: sift-128-euclidean
Metric: l2
Truncation ratio: 0.25
Data vectors dimensions: 1000000 x 128
Query vectors dimensions: 10000 x 128
Neighbors dimensions: 10000 x 100
Index loaded
Dimension of space:128
Data size of space:512
****Weighted average ef: 236
Search time: 4230 ms
Search time: 6809 ms
Search time: 6844 ms
Average Recall: 0.993674
5th percentile recall: 0.97
1st percentile recall: 0.95
Median search time: 6809 ms
Search times: 4230 ms, 6809 ms, 6844 ms, 
sift-128-euclidean experiment results:
statisc_length, time, avg_recall, 5th_percentile_recall, 1st_percentile_recall, recall_above_99, recall_above_95, recall_above_90
1025, 6809, 0.993674, 0.97, 0.95, 8486, 9855, 9998
Experiment finished
Adaptive EF Analysis for dataset: sift-128-euclidean

Search with Patience in Proximity for dataset: sift-128-euclidean
ef: 300
Average Recall: 0.807587
5th percentile recall: 0.62
1st percentile recall: 0.53
Median search time: 3566 ms
Search times: 919 ms, 3566 ms, 3601 ms, 
sift-128-euclidean experiment results:
ef, time, avg_recall, 5th_percentile_recall, 1st_percentile_recall, recall_above_99, recall_above_95, recall_above_90
300, 3566, 0.807587, 0.62, 0.53, 96, 595, 1967
Experiment finished
ef: 100
Average Recall: 0.926805
5th percentile recall: 0.79
1st percentile recall: 0.72
Median search time: 2052 ms
Search times: 2029 ms, 2052 ms, 2053 ms, 
ef: 200
Average Recall: 0.979195
5th percentile recall: 0.92
1st percentile recall: 0.87
Median search time: 3874 ms
Search times: 3850 ms, 3874 ms, 3908 ms, 
ef: 400
Average Recall: 0.995709
5th percentile recall: 0.98
1st percentile recall: 0.95
Median search time: 7177 ms
Search times: 4386 ms, 7177 ms, 7265 ms, 
sift-128-euclidean experiment results:
ef, time, avg_recall, 5th_percentile_recall, 1st_percentile_recall, recall_above_99, recall_above_95, recall_above_90
100, 2052, 0.926805, 0.79, 0.72, 2003, 4251, 6988
200, 3874, 0.979195, 0.92, 0.87, 5826, 8450, 9688
400, 7177, 0.995709, 0.98, 0.95, 9056, 9888, 9997
Experiment finished
