Starting experiments for Shiro-ef hnswdis library...


EXPERIMENTS_ROOT: /home/ryawszn/experiments/shiro-ef
Starting ablation study tests: truncation ratio (alpha)...




Dataset: deep-image-96-angular
Metric: cd
Normalize the data vectors
Data vectors dimensions: 9990000 x 96
Query vectors dimensions: 10000 x 96
Neighbors dimensions: 10000 x 100
Using AVX512 Inner Product distance
Index loaded
Dimension of space:96
Data size of space:384

--- Alpha: 0.25 ---

Loading samplings from /home/ryawszn/experiments/shiro-ef/sampling/deep-image-96-angular-samplings--k100-ef.bin
Samplings loaded from /home/ryawszn/experiments/shiro-ef/sampling/deep-image-96-angular-samplings--k100-ef.bin
Average Recall: 0.838966
Initial average recall with ef=100: 0.838874
Average Recall: 0.886667
Initial average recall with ef=150: 0.886432
Recall diff is too small for 1 consecutive steps, break.
Recall diff is too small for 1 consecutive steps, break.
Recall diff is too small for 1 consecutive steps, break.
Recall diff is too small for 1 consecutive steps, break.
Recall diff is too small for 1 consecutive steps, break.
Recall diff is too small for 1 consecutive steps, break.
Recall diff is too small for 1 consecutive steps, break.
Recall diff is too small for 1 consecutive steps, break.
Recall diff is too small for 1 consecutive steps, break.
Recall diff is too small for 1 consecutive steps, break.
Recall diff is too small for 1 consecutive steps, break.
Recall diff is too small for 1 consecutive steps, break.
Recall diff is too small for 1 consecutive steps, break.
Weighted average ef: 359.195
Training convergence-bucket 0 [12.29, 57.0713) with 200 queries.
Average Recall: 0.631759
Initial average recall with ef=100: 0.626141
Average Recall: 0.712211
Initial average recall with ef=150: 0.706902
Recall diff is too small for 1 consecutive steps, break.
Weighted average ef: 846.91
Training convergence-bucket 1 [57.0713, 64.1638) with 200 queries.
Average Recall: 0.6747
Initial average recall with ef=100: 0.662079
Average Recall: 0.7513
Initial average recall with ef=150: 0.740843
Recall diff is too small for 1 consecutive steps, break.
Recall diff is too small for 1 consecutive steps, break.
Weighted average ef: 665.67
Training convergence-bucket 2 [64.1638, 70.6993) with 200 queries.
Average Recall: 0.73196
Initial average recall with ef=100: 0.728396
Average Recall: 0.800402
Initial average recall with ef=150: 0.796898
Recall diff is too small for 1 consecutive steps, break.
Recall diff is too small for 1 consecutive steps, break.
Weighted average ef: 635.07
Training convergence-bucket 3 [70.6993, 75.0632) with 200 queries.
Average Recall: 0.8413
Initial average recall with ef=100: 0.840802
Average Recall: 0.89295
Initial average recall with ef=150: 0.893209
Weighted average ef: 321.715
Training convergence-bucket 4 [75.0632, 78.1258) with 200 queries.
Average Recall: 0.84625
Initial average recall with ef=100: 0.851902
Average Recall: 0.90155
Initial average recall with ef=150: 0.908043
Recall diff is too small for 1 consecutive steps, break.
Weighted average ef: 262.995
Training convergence-bucket 5 [78.1258, 80.4129) with 200 queries.
Average Recall: 0.8846
Initial average recall with ef=100: 0.888842
Average Recall: 0.93
Initial average recall with ef=150: 0.933842
Weighted average ef: 217.105
Training convergence-bucket 6 [80.4129, 82.6168) with 200 queries.
Average Recall: 0.9164
Initial average recall with ef=100: 0.917717
Average Recall: 0.95195
Initial average recall with ef=150: 0.953424
Weighted average ef: 152.71
Training convergence-bucket 7 [82.6168, 84.5197) with 200 queries.
Average Recall: 0.9366
Initial average recall with ef=100: 0.942174
Average Recall: 0.9637
Initial average recall with ef=150: 0.967881
Weighted average ef: 135.69
Training convergence-bucket 8 [84.5197, 86.7819) with 200 queries.
Average Recall: 0.9535
Initial average recall with ef=100: 0.956931
Average Recall: 0.9754
Initial average recall with ef=150: 0.978042
Weighted average ef: 119.5
Training convergence-bucket 9 [86.7819, inf) with 200 queries.
Average Recall: 0.97105
Initial average recall with ef=100: 0.975568
Average Recall: 0.98595
Initial average recall with ef=150: 0.988757
Weighted average ef: 103.25
Reconstructed True WAE: 252.864 (Hard Pct: 0.0211)
****Weighted average ef: 252
Search time: 9149 ms
Search time: 7572 ms
Search time: 9026 ms
Average Recall: 0.978206
5th percentile recall: 0.92
1st percentile recall: 0.88
Median search time: 9026 ms
Search times: 7572 ms, 9026 ms, 9149 ms, 
deep-image-96-angular experiment results:
statisc_length, time, avg_recall, 5th_percentile_recall, 1st_percentile_recall, recall_above_99, recall_above_95, recall_above_90
1025, 9026, 0.978206, 0.92, 0.88, 5468, 8323, 9742
Experiment finished

--- Alpha: 0.5 ---

Loading samplings from /home/ryawszn/experiments/shiro-ef/sampling/deep-image-96-angular-samplings--k100-ef.bin
Samplings loaded from /home/ryawszn/experiments/shiro-ef/sampling/deep-image-96-angular-samplings--k100-ef.bin
Average Recall: 0.838966
Initial average recall with ef=100: 0.838968
Average Recall: 0.886667
Initial average recall with ef=150: 0.886606
Recall diff is too small for 1 consecutive steps, break.
Recall diff is too small for 1 consecutive steps, break.
Recall diff is too small for 1 consecutive steps, break.
Recall diff is too small for 1 consecutive steps, break.
Recall diff is too small for 1 consecutive steps, break.
Recall diff is too small for 1 consecutive steps, break.
Recall diff is too small for 1 consecutive steps, break.
Recall diff is too small for 1 consecutive steps, break.
Recall diff is too small for 1 consecutive steps, break.
Recall diff is too small for 1 consecutive steps, break.
Recall diff is too small for 1 consecutive steps, break.
Recall diff is too small for 1 consecutive steps, break.
Recall diff is too small for 1 consecutive steps, break.
Weighted average ef: 358.932
Training convergence-bucket 0 [15.9769, 48.7988) with 200 queries.
Average Recall: 0.620804
Initial average recall with ef=100: 0.61367
Average Recall: 0.699749
Initial average recall with ef=150: 0.69367
Recall diff is too small for 1 consecutive steps, break.
Weighted average ef: 923.35
Training convergence-bucket 1 [48.7988, 52.9019) with 200 queries.
Average Recall: 0.653
Initial average recall with ef=100: 0.643829
Average Recall: 0.73215
Initial average recall with ef=150: 0.723143
Weighted average ef: 737.755
Training convergence-bucket 2 [52.9019, 60.0296) with 200 queries.
Average Recall: 0.7367
Initial average recall with ef=100: 0.734021
Average Recall: 0.8058
Initial average recall with ef=150: 0.803598
Weighted average ef: 531.905
Training convergence-bucket 3 [60.0296, 64.134) with 200 queries.
Average Recall: 0.816
Initial average recall with ef=100: 0.814712
Average Recall: 0.87875
Initial average recall with ef=150: 0.877853
Weighted average ef: 337.12
Training convergence-bucket 4 [64.134, 67.6072) with 200 queries.
Average Recall: 0.858141
Initial average recall with ef=100: 0.855591
Average Recall: 0.912864
Initial average recall with ef=150: 0.910215
Recall diff is too small for 1 consecutive steps, break.
Weighted average ef: 256.965
Training convergence-bucket 5 [67.6072, 71.1849) with 200 queries.
Average Recall: 0.88515
Initial average recall with ef=100: 0.88766
Average Recall: 0.9299
Initial average recall with ef=150: 0.933032
Weighted average ef: 202.975
Training convergence-bucket 6 [71.1849, 74.4271) with 200 queries.
Average Recall: 0.92065
Initial average recall with ef=100: 0.922473
Average Recall: 0.9561
Initial average recall with ef=150: 0.957581
Weighted average ef: 152.75
Training convergence-bucket 7 [74.4271, 77.7543) with 200 queries.
Average Recall: 0.9451
Initial average recall with ef=100: 0.948192
Average Recall: 0.9724
Initial average recall with ef=150: 0.974787
Weighted average ef: 121.8
Training convergence-bucket 8 [77.7543, 82.04) with 200 queries.
Average Recall: 0.9686
Initial average recall with ef=100: 0.968769
Average Recall: 0.9849
Initial average recall with ef=150: 0.985128
Weighted average ef: 109.25
Training convergence-bucket 9 [82.04, inf) with 200 queries.
Average Recall: 0.98455
Initial average recall with ef=100: 0.989126
Average Recall: 0.9933
Initial average recall with ef=150: 0.99612
Weighted average ef: 93.25
Reconstructed True WAE: 243.132 (Hard Pct: 0.0211)
****Weighted average ef: 243
Search time: 8065 ms
Search time: 9289 ms
Search time: 9263 ms
Average Recall: 0.980951
5th percentile recall: 0.93
1st percentile recall: 0.89
Median search time: 9263 ms
Search times: 8065 ms, 9263 ms, 9289 ms, 
deep-image-96-angular experiment results:
statisc_length, time, avg_recall, 5th_percentile_recall, 1st_percentile_recall, recall_above_99, recall_above_95, recall_above_90
1025, 9263, 0.980951, 0.93, 0.89, 5675, 8760, 9846
Experiment finished

--- Alpha: 0.75 ---

Loading samplings from /home/ryawszn/experiments/shiro-ef/sampling/deep-image-96-angular-samplings--k100-ef.bin
Samplings loaded from /home/ryawszn/experiments/shiro-ef/sampling/deep-image-96-angular-samplings--k100-ef.bin
Average Recall: 0.838966
Initial average recall with ef=100: 0.838874
Average Recall: 0.886667
Initial average recall with ef=150: 0.886432
Recall diff is too small for 1 consecutive steps, break.
Recall diff is too small for 1 consecutive steps, break.
Recall diff is too small for 1 consecutive steps, break.
Recall diff is too small for 1 consecutive steps, break.
Recall diff is too small for 1 consecutive steps, break.
Recall diff is too small for 1 consecutive steps, break.
Recall diff is too small for 1 consecutive steps, break.
Recall diff is too small for 1 consecutive steps, break.
Recall diff is too small for 1 consecutive steps, break.
Recall diff is too small for 1 consecutive steps, break.
Recall diff is too small for 1 consecutive steps, break.
Recall diff is too small for 1 consecutive steps, break.
Recall diff is too small for 1 consecutive steps, break.
Weighted average ef: 359.195
Training convergence-bucket 0 [18.707, 42.4302) with 200 queries.
Average Recall: 0.61185
Initial average recall with ef=100: 0.609424
Average Recall: 0.6895
Initial average recall with ef=150: 0.688325
Recall diff is too small for 1 consecutive steps, break.
Recall diff is too small for 1 consecutive steps, break.
Weighted average ef: 991.08
Training convergence-bucket 1 [42.4302, 46.5474) with 200 queries.
Average Recall: 0.639548
Initial average recall with ef=100: 0.630449
Average Recall: 0.721859
Initial average recall with ef=150: 0.711854
Weighted average ef: 751.6
Training convergence-bucket 2 [46.5474, 52.6766) with 200 queries.
Average Recall: 0.74575
Initial average recall with ef=100: 0.744728
Average Recall: 0.8155
Initial average recall with ef=150: 0.814837
Recall diff is too small for 1 consecutive steps, break.
Weighted average ef: 501.675
Training convergence-bucket 3 [52.6766, 56.7084) with 200 queries.
Average Recall: 0.813
Initial average recall with ef=100: 0.816754
Average Recall: 0.87735
Initial average recall with ef=150: 0.880733
Weighted average ef: 311.925
Training convergence-bucket 4 [56.7084, 60.7758) with 200 queries.
Average Recall: 0.8552
Initial average recall with ef=100: 0.857713
Average Recall: 0.91085
Initial average recall with ef=150: 0.913617
Recall diff is too small for 1 consecutive steps, break.
Weighted average ef: 245.07
Training convergence-bucket 5 [60.7758, 64.7174) with 200 queries.
Average Recall: 0.899799
Initial average recall with ef=100: 0.893405
Average Recall: 0.942312
Initial average recall with ef=150: 0.936757
Weighted average ef: 184.535
Training convergence-bucket 6 [64.7174, 68.6719) with 200 queries.
Average Recall: 0.9186
Initial average recall with ef=100: 0.924486
Average Recall: 0.953801
Initial average recall with ef=150: 0.959622
Weighted average ef: 149.59
Training convergence-bucket 7 [68.6719, 72.8584) with 200 queries.
Average Recall: 0.94915
Initial average recall with ef=100: 0.952
Average Recall: 0.97445
Initial average recall with ef=150: 0.976789
Weighted average ef: 120.75
Training convergence-bucket 8 [72.8584, 78.5753) with 200 queries.
Average Recall: 0.96855
Initial average recall with ef=100: 0.969843
Average Recall: 0.9861
Initial average recall with ef=150: 0.987068
Weighted average ef: 103.75
Training convergence-bucket 9 [78.5753, inf) with 200 queries.
Average Recall: 0.98755
Initial average recall with ef=100: 0.991344
Average Recall: 0.99445
Initial average recall with ef=150: 0.99672
Weighted average ef: 94.5
Reconstructed True WAE: 237.764 (Hard Pct: 0.0211)
****Weighted average ef: 237
Search time: 9306 ms
Search time: 9212 ms
Search time: 7568 ms
Average Recall: 0.979903
5th percentile recall: 0.93
1st percentile recall: 0.89
Median search time: 9212 ms
Search times: 7568 ms, 9212 ms, 9306 ms, 
deep-image-96-angular experiment results:
statisc_length, time, avg_recall, 5th_percentile_recall, 1st_percentile_recall, recall_above_99, recall_above_95, recall_above_90
1025, 9212, 0.979903, 0.93, 0.89, 5475, 8673, 9833
Experiment finished

--- Alpha: 1 ---

Loading samplings from /home/ryawszn/experiments/shiro-ef/sampling/deep-image-96-angular-samplings--k100-ef.bin
Samplings loaded from /home/ryawszn/experiments/shiro-ef/sampling/deep-image-96-angular-samplings--k100-ef.bin
Average Recall: 0.838966
Initial average recall with ef=100: 0.838846
Average Recall: 0.886667
Initial average recall with ef=150: 0.886438
Recall diff is too small for 1 consecutive steps, break.
Recall diff is too small for 1 consecutive steps, break.
Recall diff is too small for 1 consecutive steps, break.
Recall diff is too small for 1 consecutive steps, break.
Recall diff is too small for 1 consecutive steps, break.
Recall diff is too small for 1 consecutive steps, break.
Recall diff is too small for 1 consecutive steps, break.
Recall diff is too small for 1 consecutive steps, break.
Recall diff is too small for 1 consecutive steps, break.
Recall diff is too small for 1 consecutive steps, break.
Recall diff is too small for 1 consecutive steps, break.
Recall diff is too small for 1 consecutive steps, break.
Recall diff is too small for 1 consecutive steps, break.
Weighted average ef: 359.353
Training convergence-bucket 0 [20.5032, 37.7148) with 200 queries.
Average Recall: 0.601
Initial average recall with ef=100: 0.597632
Average Recall: 0.67845
Initial average recall with ef=150: 0.675895
Recall diff is too small for 1 consecutive steps, break.
Recall diff is too small for 1 consecutive steps, break.
Weighted average ef: 1037.24
Training convergence-bucket 1 [37.7148, 41.8165) with 200 queries.
Average Recall: 0.64593
Initial average recall with ef=100: 0.645843
Average Recall: 0.726834
Initial average recall with ef=150: 0.725337
Recall diff is too small for 1 consecutive steps, break.
Weighted average ef: 719.8
Training convergence-bucket 2 [41.8165, 47.2267) with 200 queries.
Average Recall: 0.74425
Initial average recall with ef=100: 0.740378
Average Recall: 0.8175
Initial average recall with ef=150: 0.814324
Weighted average ef: 461.525
Training convergence-bucket 3 [47.2267, 51.1843) with 200 queries.
Average Recall: 0.81375
Initial average recall with ef=100: 0.812813
Average Recall: 0.8776
Initial average recall with ef=150: 0.876875
Weighted average ef: 367.015
Training convergence-bucket 4 [51.1843, 55.636) with 200 queries.
Average Recall: 0.85765
Initial average recall with ef=100: 0.862094
Average Recall: 0.91205
Initial average recall with ef=150: 0.916178
Weighted average ef: 239.815
Training convergence-bucket 5 [55.636, 59.7313) with 200 queries.
Average Recall: 0.898
Initial average recall with ef=100: 0.897892
Average Recall: 0.9422
Initial average recall with ef=150: 0.942648
Weighted average ef: 176.95
Training convergence-bucket 6 [59.7313, 64.0764) with 200 queries.
Average Recall: 0.92
Initial average recall with ef=100: 0.918378
Average Recall: 0.954322
Initial average recall with ef=150: 0.953297
Recall diff is too small for 1 consecutive steps, break.
Weighted average ef: 162.785
Training convergence-bucket 7 [64.0764, 68.8665) with 200 queries.
Average Recall: 0.95095
Initial average recall with ef=100: 0.954
Average Recall: 0.97575
Initial average recall with ef=150: 0.978324
Weighted average ef: 115.25
Training convergence-bucket 8 [68.8665, 75.5173) with 200 queries.
Average Recall: 0.9697
Initial average recall with ef=100: 0.971111
Average Recall: 0.987
Initial average recall with ef=150: 0.988042
Weighted average ef: 99.75
Training convergence-bucket 9 [75.5173, inf) with 200 queries.
Average Recall: 0.9879
Initial average recall with ef=100: 0.991452
Average Recall: 0.99455
Initial average recall with ef=150: 0.996667
Weighted average ef: 94.5
Reconstructed True WAE: 235.67 (Hard Pct: 0.0211)
****Weighted average ef: 235
Search time: 8584 ms
Search time: 7205 ms
Search time: 8593 ms
Average Recall: 0.977069
5th percentile recall: 0.93
1st percentile recall: 0.88
Median search time: 8584 ms
Search times: 7205 ms, 8584 ms, 8593 ms, 
deep-image-96-angular experiment results:
statisc_length, time, avg_recall, 5th_percentile_recall, 1st_percentile_recall, recall_above_99, recall_above_95, recall_above_90
1025, 8584, 0.977069, 0.93, 0.88, 5050, 8318, 9770
Experiment finished


Dataset: glove-100-angular
Metric: cd
Normalize the data vectors
Data vectors dimensions: 1183514 x 100
Query vectors dimensions: 10000 x 100
Neighbors dimensions: 10000 x 100
Using AVX512 Inner Product distance
Index loaded
Dimension of space:100
Data size of space:400

--- Alpha: 0.25 ---

Loading samplings from /home/ryawszn/experiments/shiro-ef/sampling/glove-100-angular-samplings--k100-ef.bin
Samplings loaded from /home/ryawszn/experiments/shiro-ef/sampling/glove-100-angular-samplings--k100-ef.bin
Average Recall: 0.727104
Initial average recall with ef=100: 0.727344
Average Recall: 0.770668
Initial average recall with ef=150: 0.77093
Recall diff is too small for 1 consecutive steps, break.
Weighted average ef: 1690.15
Training convergence-bucket 0 [7.48489, 41.7367) with 200 queries.
Average Recall: 0.445
Initial average recall with ef=100: 0.431257
Average Recall: 0.49545
Initial average recall with ef=150: 0.482408
Recall diff is too small for 1 consecutive steps, break.
Recall diff is too small for 1 consecutive steps, break.
Weighted average ef: 4395.81
Training convergence-bucket 1 [41.7367, 53.9998) with 200 queries.
Average Recall: 0.4846
Initial average recall with ef=100: 0.457705
Average Recall: 0.53905
Initial average recall with ef=150: 0.512241
Recall diff is too small for 1 consecutive steps, break.
Recall diff is too small for 1 consecutive steps, break.
Recall diff is too small for 1 consecutive steps, break.
Recall diff is too small for 1 consecutive steps, break.
Weighted average ef: 3693.44
Training convergence-bucket 2 [53.9998, 64.8583) with 200 queries.
Average Recall: 0.5811
Initial average recall with ef=100: 0.555393
Average Recall: 0.63855
Initial average recall with ef=150: 0.615786
Recall diff is too small for 1 consecutive steps, break.
Recall diff is too small for 1 consecutive steps, break.
Recall diff is too small for 1 consecutive steps, break.
Weighted average ef: 2633.33
Training convergence-bucket 3 [64.8583, 70.4417) with 200 queries.
Average Recall: 0.671
Initial average recall with ef=100: 0.648295
Average Recall: 0.7313
Initial average recall with ef=150: 0.710341
Recall diff is too small for 1 consecutive steps, break.
Weighted average ef: 1633.97
Training convergence-bucket 4 [70.4417, 74.6007) with 200 queries.
Average Recall: 0.72425
Initial average recall with ef=100: 0.697627
Average Recall: 0.7753
Initial average recall with ef=150: 0.751808
Recall diff is too small for 1 consecutive steps, break.
Weighted average ef: 1369.55
Training convergence-bucket 5 [74.6007, 78.0344) with 200 queries.
Average Recall: 0.7865
Initial average recall with ef=100: 0.775112
Average Recall: 0.8344
Initial average recall with ef=150: 0.825506
Recall diff is too small for 1 consecutive steps, break.
Recall diff is too small for 1 consecutive steps, break.
Recall diff is too small for 1 consecutive steps, break.
Weighted average ef: 825.675
Training convergence-bucket 6 [78.0344, 80.7628) with 200 queries.
Average Recall: 0.84075
Initial average recall with ef=100: 0.832727
Average Recall: 0.8796
Initial average recall with ef=150: 0.873636
Weighted average ef: 567.065
Training convergence-bucket 7 [80.7628, 83.364) with 200 queries.
Average Recall: 0.86925
Initial average recall with ef=100: 0.867796
Average Recall: 0.90155
Initial average recall with ef=150: 0.90209
Weighted average ef: 509.365
Training convergence-bucket 8 [83.364, 85.8838) with 200 queries.
Average Recall: 0.9168
Initial average recall with ef=100: 0.919274
Average Recall: 0.94055
Initial average recall with ef=150: 0.943296
Recall diff is too small for 1 consecutive steps, break.
Weighted average ef: 240.41
Training convergence-bucket 9 [85.8838, inf) with 200 queries.
Average Recall: 0.9518
Initial average recall with ef=100: 0.954254
Average Recall: 0.97095
Initial average recall with ef=150: 0.972983
Weighted average ef: 132.295
Reconstructed True WAE: 1418.38 (Hard Pct: 0.0084)
****Weighted average ef: 1418
Search time: 41162 ms
Search time: 40756 ms
Search time: 42392 ms
Average Recall: 0.978866
5th percentile recall: 0.92
1st percentile recall: 0.87
Median search time: 41162 ms
Search times: 40756 ms, 41162 ms, 42392 ms, 
glove-100-angular experiment results:
statisc_length, time, avg_recall, 5th_percentile_recall, 1st_percentile_recall, recall_above_99, recall_above_95, recall_above_90
1025, 41162, 0.978866, 0.92, 0.87, 5945, 8203, 9693
Experiment finished

--- Alpha: 0.5 ---

Loading samplings from /home/ryawszn/experiments/shiro-ef/sampling/glove-100-angular-samplings--k100-ef.bin
Samplings loaded from /home/ryawszn/experiments/shiro-ef/sampling/glove-100-angular-samplings--k100-ef.bin
Average Recall: 0.727104
Initial average recall with ef=100: 0.727344
Average Recall: 0.770668
Initial average recall with ef=150: 0.77093
Recall diff is too small for 1 consecutive steps, break.
Weighted average ef: 1690.15
Training convergence-bucket 0 [11.9239, 36.5612) with 200 queries.
Average Recall: 0.45775
Initial average recall with ef=100: 0.434202
Average Recall: 0.5046
Initial average recall with ef=150: 0.481489
Weighted average ef: 4369.62
Training convergence-bucket 1 [36.5612, 44.32) with 200 queries.
Average Recall: 0.4665
Initial average recall with ef=100: 0.442582
Average Recall: 0.5241
Initial average recall with ef=150: 0.500549
Recall diff is too small for 1 consecutive steps, break.
Recall diff is too small for 1 consecutive steps, break.
Recall diff is too small for 1 consecutive steps, break.
Weighted average ef: 3776.78
Training convergence-bucket 2 [44.32, 51.3519) with 200 queries.
Average Recall: 0.5554
Initial average recall with ef=100: 0.541087
Average Recall: 0.61685
Initial average recall with ef=150: 0.604402
Recall diff is too small for 1 consecutive steps, break.
Weighted average ef: 2805.55
Training convergence-bucket 3 [51.3519, 57.3494) with 200 queries.
Average Recall: 0.631
Initial average recall with ef=100: 0.620449
Average Recall: 0.69215
Initial average recall with ef=150: 0.680674
Weighted average ef: 1928.91
Training convergence-bucket 4 [57.3494, 62.36) with 200 queries.
Average Recall: 0.71275
Initial average recall with ef=100: 0.697614
Average Recall: 0.76865
Initial average recall with ef=150: 0.757045
Weighted average ef: 1212.92
Training convergence-bucket 5 [62.36, 67.4098) with 200 queries.
Average Recall: 0.79205
Initial average recall with ef=100: 0.781492
Average Recall: 0.8402
Initial average recall with ef=150: 0.831713
Weighted average ef: 813.325
Training convergence-bucket 6 [67.4098, 72.0157) with 200 queries.
Average Recall: 0.8497
Initial average recall with ef=100: 0.843046
Average Recall: 0.89005
Initial average recall with ef=150: 0.885287
Weighted average ef: 551.17
Training convergence-bucket 7 [72.0157, 76.1974) with 200 queries.
Average Recall: 0.90275
Initial average recall with ef=100: 0.900177
Average Recall: 0.9333
Initial average recall with ef=150: 0.932249
Recall diff is too small for 1 consecutive steps, break.
Weighted average ef: 243.29
Training convergence-bucket 8 [76.1974, 80.8181) with 200 queries.
Average Recall: 0.9334
Initial average recall with ef=100: 0.936292
Average Recall: 0.9541
Initial average recall with ef=150: 0.956348
Recall diff is too small for 1 consecutive steps, break.
Recall diff is too small for 1 consecutive steps, break.
Weighted average ef: 190.01
Training convergence-bucket 9 [80.8181, inf) with 200 queries.
Average Recall: 0.969751
Initial average recall with ef=100: 0.974066
Average Recall: 0.9827
Initial average recall with ef=150: 0.985824
Weighted average ef: 99.5
Reconstructed True WAE: 1436.64 (Hard Pct: 0.0084)
****Weighted average ef: 1436
Search time: 42033 ms
Search time: 40004 ms
Search time: 41883 ms
Average Recall: 0.978862
5th percentile recall: 0.92
1st percentile recall: 0.87
Median search time: 41883 ms
Search times: 40004 ms, 41883 ms, 42033 ms, 
glove-100-angular experiment results:
statisc_length, time, avg_recall, 5th_percentile_recall, 1st_percentile_recall, recall_above_99, recall_above_95, recall_above_90
1025, 41883, 0.978862, 0.92, 0.87, 5956, 8213, 9680
Experiment finished

--- Alpha: 0.75 ---

Loading samplings from /home/ryawszn/experiments/shiro-ef/sampling/glove-100-angular-samplings--k100-ef.bin
Samplings loaded from /home/ryawszn/experiments/shiro-ef/sampling/glove-100-angular-samplings--k100-ef.bin
Average Recall: 0.727104
Initial average recall with ef=100: 0.727344
Average Recall: 0.770668
Initial average recall with ef=150: 0.77093
Recall diff is too small for 1 consecutive steps, break.
Weighted average ef: 1690.15
Training convergence-bucket 0 [14.5627, 32.2154) with 200 queries.
Average Recall: 0.4596
Initial average recall with ef=100: 0.434293
Average Recall: 0.5073
Initial average recall with ef=150: 0.482283
Recall diff is too small for 1 consecutive steps, break.
Weighted average ef: 4132.5
Training convergence-bucket 1 [32.2154, 38.1656) with 200 queries.
Average Recall: 0.4537
Initial average recall with ef=100: 0.432713
Average Recall: 0.5117
Initial average recall with ef=150: 0.491755
Recall diff is too small for 1 consecutive steps, break.
Weighted average ef: 3960.55
Training convergence-bucket 2 [38.1656, 43.4927) with 200 queries.
Average Recall: 0.5481
Initial average recall with ef=100: 0.53123
Average Recall: 0.6088
Initial average recall with ef=150: 0.59262
Recall diff is too small for 1 consecutive steps, break.
Weighted average ef: 3036.52
Training convergence-bucket 3 [43.4927, 49.0518) with 200 queries.
Average Recall: 0.62515
Initial average recall with ef=100: 0.623672
Average Recall: 0.686
Initial average recall with ef=150: 0.686384
Weighted average ef: 1864.24
Training convergence-bucket 4 [49.0518, 54.4145) with 200 queries.
Average Recall: 0.70805
Initial average recall with ef=100: 0.699086
Average Recall: 0.76745
Initial average recall with ef=150: 0.758857
Recall diff is too small for 1 consecutive steps, break.
Weighted average ef: 1206.21
Training convergence-bucket 5 [54.4145, 60.38) with 200 queries.
Average Recall: 0.80405
Initial average recall with ef=100: 0.797182
Average Recall: 0.8504
Initial average recall with ef=150: 0.845691
Recall diff is too small for 1 consecutive steps, break.
Weighted average ef: 727.14
Training convergence-bucket 6 [60.38, 65.7937) with 200 queries.
Average Recall: 0.8593
Initial average recall with ef=100: 0.859716
Average Recall: 0.89805
Initial average recall with ef=150: 0.89875
Recall diff is too small for 1 consecutive steps, break.
Weighted average ef: 444.81
Training convergence-bucket 7 [65.7937, 71.2425) with 200 queries.
Average Recall: 0.9006
Initial average recall with ef=100: 0.891325
Average Recall: 0.93335
Initial average recall with ef=150: 0.926386
Weighted average ef: 264.405
Training convergence-bucket 8 [71.2425, 77.0473) with 200 queries.
Average Recall: 0.93575
Initial average recall with ef=100: 0.936167
Average Recall: 0.9564
Initial average recall with ef=150: 0.957167
Recall diff is too small for 1 consecutive steps, break.
Weighted average ef: 192.93
Training convergence-bucket 9 [77.0473, inf) with 200 queries.
Average Recall: 0.976751
Initial average recall with ef=100: 0.978297
Average Recall: 0.98725
Initial average recall with ef=150: 0.988297
Weighted average ef: 97.5
Reconstructed True WAE: 1432.67 (Hard Pct: 0.0084)
****Weighted average ef: 1432
Search time: 42820 ms
Search time: 41142 ms
Search time: 43456 ms
Average Recall: 0.978518
5th percentile recall: 0.91
1st percentile recall: 0.87
Median search time: 42820 ms
Search times: 41142 ms, 42820 ms, 43456 ms, 
glove-100-angular experiment results:
statisc_length, time, avg_recall, 5th_percentile_recall, 1st_percentile_recall, recall_above_99, recall_above_95, recall_above_90
1025, 42820, 0.978518, 0.91, 0.87, 5958, 8175, 9650
Experiment finished

--- Alpha: 1 ---

Loading samplings from /home/ryawszn/experiments/shiro-ef/sampling/glove-100-angular-samplings--k100-ef.bin
Samplings loaded from /home/ryawszn/experiments/shiro-ef/sampling/glove-100-angular-samplings--k100-ef.bin
Average Recall: 0.727104
Initial average recall with ef=100: 0.727344
Average Recall: 0.770668
Initial average recall with ef=150: 0.77093
Recall diff is too small for 1 consecutive steps, break.
Weighted average ef: 1690.15
Training convergence-bucket 0 [15.646, 28.8399) with 200 queries.
Average Recall: 0.4484
Initial average recall with ef=100: 0.421505
Average Recall: 0.4953
Initial average recall with ef=150: 0.468656
Recall diff is too small for 1 consecutive steps, break.
Recall diff is too small for 1 consecutive steps, break.
Weighted average ef: 4183.29
Training convergence-bucket 1 [28.8399, 33.5797) with 200 queries.
Average Recall: 0.4596
Initial average recall with ef=100: 0.436284
Average Recall: 0.52135
Initial average recall with ef=150: 0.499235
Recall diff is too small for 1 consecutive steps, break.
Recall diff is too small for 1 consecutive steps, break.
Recall diff is too small for 1 consecutive steps, break.
Recall diff is too small for 1 consecutive steps, break.
Weighted average ef: 3811.72
Training convergence-bucket 2 [33.5797, 37.9536) with 200 queries.
Average Recall: 0.54245
Initial average recall with ef=100: 0.527766
Average Recall: 0.601
Initial average recall with ef=150: 0.586543
Recall diff is too small for 1 consecutive steps, break.
Recall diff is too small for 1 consecutive steps, break.
Recall diff is too small for 1 consecutive steps, break.
Recall diff is too small for 1 consecutive steps, break.
Weighted average ef: 3117.74
Training convergence-bucket 3 [37.9536, 43.4423) with 200 queries.
Average Recall: 0.6254
Initial average recall with ef=100: 0.619615
Average Recall: 0.68635
Initial average recall with ef=150: 0.681648
Recall diff is too small for 1 consecutive steps, break.
Recall diff is too small for 1 consecutive steps, break.
Recall diff is too small for 1 consecutive steps, break.
Weighted average ef: 1964.08
Training convergence-bucket 4 [43.4423, 48.7902) with 200 queries.
Average Recall: 0.71175
Initial average recall with ef=100: 0.706534
Average Recall: 0.7707
Initial average recall with ef=150: 0.76642
Recall diff is too small for 1 consecutive steps, break.
Recall diff is too small for 1 consecutive steps, break.
Weighted average ef: 1120.42
Training convergence-bucket 5 [48.7902, 54.9303) with 200 queries.
Average Recall: 0.80335
Initial average recall with ef=100: 0.793678
Average Recall: 0.85005
Initial average recall with ef=150: 0.842816
Weighted average ef: 757.76
Training convergence-bucket 6 [54.9303, 61.0251) with 200 queries.
Average Recall: 0.86035
Initial average recall with ef=100: 0.862881
Average Recall: 0.89995
Initial average recall with ef=150: 0.902655
Weighted average ef: 364.455
Training convergence-bucket 7 [61.0251, 66.9623) with 200 queries.
Average Recall: 0.9061
Initial average recall with ef=100: 0.901503
Average Recall: 0.9378
Initial average recall with ef=150: 0.934277
Recall diff is too small for 1 consecutive steps, break.
Weighted average ef: 251.875
Training convergence-bucket 8 [66.9623, 74.01) with 200 queries.
Average Recall: 0.9353
Initial average recall with ef=100: 0.936782
Average Recall: 0.9561
Initial average recall with ef=150: 0.958218
Recall diff is too small for 1 consecutive steps, break.
Weighted average ef: 192.38
Training convergence-bucket 9 [74.01, inf) with 200 queries.
Average Recall: 0.978351
Initial average recall with ef=100: 0.980272
Average Recall: 0.9881
Initial average recall with ef=150: 0.989511
Weighted average ef: 97.5
Reconstructed True WAE: 1420.25 (Hard Pct: 0.0084)
****Weighted average ef: 1420
Search time: 40687 ms
Search time: 42079 ms
Search time: 39288 ms
Average Recall: 0.978017
5th percentile recall: 0.91
1st percentile recall: 0.87
Median search time: 40687 ms
Search times: 39288 ms, 40687 ms, 42079 ms, 
glove-100-angular experiment results:
statisc_length, time, avg_recall, 5th_percentile_recall, 1st_percentile_recall, recall_above_99, recall_above_95, recall_above_90
1025, 40687, 0.978017, 0.91, 0.87, 5901, 8113, 9631
Experiment finished


Dataset: word2vec-300-angular
Metric: cd
Normalize the data vectors
Data vectors dimensions: 1000000 x 300
Query vectors dimensions: 1000 x 300
Neighbors dimensions: 1000 x 100
Using AVX512 Inner Product distance
Index loaded
Dimension of space:300
Data size of space:1200

--- Alpha: 0.25 ---

Loading samplings from /home/ryawszn/experiments/shiro-ef/sampling/word2vec-300-angular-samplings--k100-ef.bin
Samplings loaded from /home/ryawszn/experiments/shiro-ef/sampling/word2vec-300-angular-samplings--k100-ef.bin
Average Recall: 0.814942
Initial average recall with ef=100: 0.815848
Average Recall: 0.863051
Initial average recall with ef=150: 0.86389
Recall diff is too small for 1 consecutive steps, break.
Recall diff is too small for 1 consecutive steps, break.
Weighted average ef: 437.12
Training convergence-bucket 0 [12.5083, 49.9927) with 200 queries.
Average Recall: 0.5673
Initial average recall with ef=100: 0.561475
Average Recall: 0.6479
Initial average recall with ef=150: 0.64541
Recall diff is too small for 1 consecutive steps, break.
Weighted average ef: 914.915
Training convergence-bucket 1 [49.9927, 55.8853) with 200 queries.
Average Recall: 0.6255
Initial average recall with ef=100: 0.615714
Average Recall: 0.7099
Initial average recall with ef=150: 0.703771
Weighted average ef: 789.715
Training convergence-bucket 2 [55.8853, 62.6429) with 200 queries.
Average Recall: 0.6667
Initial average recall with ef=100: 0.647976
Average Recall: 0.7449
Initial average recall with ef=150: 0.727738
Weighted average ef: 727.84
Training convergence-bucket 3 [62.6429, 70.0778) with 200 queries.
Average Recall: 0.79765
Initial average recall with ef=100: 0.782934
Average Recall: 0.85405
Initial average recall with ef=150: 0.842096
Weighted average ef: 430.96
Training convergence-bucket 4 [70.0778, 74.7141) with 200 queries.
Average Recall: 0.85785
Initial average recall with ef=100: 0.854699
Average Recall: 0.90445
Initial average recall with ef=150: 0.902289
Weighted average ef: 276.31
Training convergence-bucket 5 [74.7141, 77.888) with 200 queries.
Average Recall: 0.89505
Initial average recall with ef=100: 0.895455
Average Recall: 0.93095
Initial average recall with ef=150: 0.932102
Weighted average ef: 202.41
Training convergence-bucket 6 [77.888, 80.5052) with 200 queries.
Average Recall: 0.9077
Initial average recall with ef=100: 0.90419
Average Recall: 0.94045
Initial average recall with ef=150: 0.937765
Weighted average ef: 204.06
Training convergence-bucket 7 [80.5052, 82.3685) with 200 queries.
Average Recall: 0.932301
Initial average recall with ef=100: 0.931345
Average Recall: 0.957
Initial average recall with ef=150: 0.956784
Recall diff is too small for 1 consecutive steps, break.
Weighted average ef: 139.28
Training convergence-bucket 8 [82.3685, 84.7801) with 200 queries.
Average Recall: 0.94325
Initial average recall with ef=100: 0.94209
Average Recall: 0.96535
Initial average recall with ef=150: 0.965367
Weighted average ef: 133.26
Training convergence-bucket 9 [84.7801, inf) with 200 queries.
Average Recall: 0.95615
Initial average recall with ef=100: 0.95717
Average Recall: 0.975601
Initial average recall with ef=150: 0.977547
Weighted average ef: 100.02
Reconstructed True WAE: 293.689 (Hard Pct: 0.02505)
****Weighted average ef: 293
Search time: 1381 ms
Search time: 1292 ms
Search time: 1286 ms
Average Recall: 0.97435
5th percentile recall: 0.88
1st percentile recall: 0.8
Median search time: 1292 ms
Search times: 1286 ms, 1292 ms, 1381 ms, 
word2vec-300-angular experiment results:
statisc_length, time, avg_recall, 5th_percentile_recall, 1st_percentile_recall, recall_above_99, recall_above_95, recall_above_90
1025, 1292, 0.97435, 0.88, 0.8, 604, 819, 927
Experiment finished

--- Alpha: 0.5 ---

Loading samplings from /home/ryawszn/experiments/shiro-ef/sampling/word2vec-300-angular-samplings--k100-ef.bin
Samplings loaded from /home/ryawszn/experiments/shiro-ef/sampling/word2vec-300-angular-samplings--k100-ef.bin
Average Recall: 0.814942
Initial average recall with ef=100: 0.815848
Average Recall: 0.863051
Initial average recall with ef=150: 0.86389
Recall diff is too small for 1 consecutive steps, break.
Recall diff is too small for 1 consecutive steps, break.
Weighted average ef: 437.12
Training convergence-bucket 0 [16.7157, 45.4324) with 200 queries.
Average Recall: 0.57135
Initial average recall with ef=100: 0.570765
Average Recall: 0.65215
Initial average recall with ef=150: 0.655191
Weighted average ef: 910.955
Training convergence-bucket 1 [45.4324, 49.0301) with 200 queries.
Average Recall: 0.60335
Initial average recall with ef=100: 0.605464
Average Recall: 0.6891
Initial average recall with ef=150: 0.691749
Recall diff is too small for 1 consecutive steps, break.
Weighted average ef: 862.14
Training convergence-bucket 2 [49.0301, 55.234) with 200 queries.
Average Recall: 0.66035
Initial average recall with ef=100: 0.656167
Average Recall: 0.74275
Initial average recall with ef=150: 0.737389
Recall diff is too small for 1 consecutive steps, break.
Recall diff is too small for 1 consecutive steps, break.
Weighted average ef: 763.465
Training convergence-bucket 3 [55.234, 62.4334) with 200 queries.
Average Recall: 0.79625
Initial average recall with ef=100: 0.792454
Average Recall: 0.8523
Initial average recall with ef=150: 0.849755
Recall diff is too small for 1 consecutive steps, break.
Recall diff is too small for 1 consecutive steps, break.
Weighted average ef: 436.295
Training convergence-bucket 4 [62.4334, 67.152) with 200 queries.
Average Recall: 0.84685
Initial average recall with ef=100: 0.845575
Average Recall: 0.89615
Initial average recall with ef=150: 0.895517
Weighted average ef: 304.035
Training convergence-bucket 5 [67.152, 71.2249) with 200 queries.
Average Recall: 0.88475
Initial average recall with ef=100: 0.88689
Average Recall: 0.9261
Initial average recall with ef=150: 0.927927
Recall diff is too small for 1 consecutive steps, break.
Weighted average ef: 204.79
Training convergence-bucket 6 [71.2249, 74.3644) with 200 queries.
Average Recall: 0.9248
Initial average recall with ef=100: 0.920588
Average Recall: 0.95235
Initial average recall with ef=150: 0.949765
Weighted average ef: 154.235
Training convergence-bucket 7 [74.3644, 77.2476) with 200 queries.
Average Recall: 0.94
Initial average recall with ef=100: 0.938197
Average Recall: 0.96325
Initial average recall with ef=150: 0.961694
Weighted average ef: 139.645
Training convergence-bucket 8 [77.2476, 80.0452) with 200 queries.
Average Recall: 0.9551
Initial average recall with ef=100: 0.957811
Average Recall: 0.9752
Initial average recall with ef=150: 0.977574
Weighted average ef: 101
Training convergence-bucket 9 [80.0452, inf) with 200 queries.
Average Recall: 0.96665
Initial average recall with ef=100: 0.968095
Average Recall: 0.9812
Initial average recall with ef=150: 0.982857
Weighted average ef: 97.715
Reconstructed True WAE: 289.225 (Hard Pct: 0.02505)
****Weighted average ef: 289
Search time: 1277 ms
Search time: 1232 ms
Search time: 1267 ms
Average Recall: 0.9731
5th percentile recall: 0.88
1st percentile recall: 0.8
Median search time: 1267 ms
Search times: 1232 ms, 1267 ms, 1277 ms, 
word2vec-300-angular experiment results:
statisc_length, time, avg_recall, 5th_percentile_recall, 1st_percentile_recall, recall_above_99, recall_above_95, recall_above_90
1025, 1267, 0.9731, 0.88, 0.8, 588, 805, 920
Experiment finished

--- Alpha: 0.75 ---

Loading samplings from /home/ryawszn/experiments/shiro-ef/sampling/word2vec-300-angular-samplings--k100-ef.bin
Samplings loaded from /home/ryawszn/experiments/shiro-ef/sampling/word2vec-300-angular-samplings--k100-ef.bin
Average Recall: 0.814942
Initial average recall with ef=100: 0.815848
Average Recall: 0.863051
Initial average recall with ef=150: 0.86389
Recall diff is too small for 1 consecutive steps, break.
Recall diff is too small for 1 consecutive steps, break.
Weighted average ef: 437.12
Training convergence-bucket 0 [19.0517, 40.9826) with 200 queries.
Average Recall: 0.5713
Initial average recall with ef=100: 0.570324
Average Recall: 0.65355
Initial average recall with ef=150: 0.656432
Recall diff is too small for 1 consecutive steps, break.
Recall diff is too small for 1 consecutive steps, break.
Weighted average ef: 909.245
Training convergence-bucket 1 [40.9826, 43.9578) with 200 queries.
Average Recall: 0.61225
Initial average recall with ef=100: 0.608956
Average Recall: 0.6967
Initial average recall with ef=150: 0.69544
Weighted average ef: 848.935
Training convergence-bucket 2 [43.9578, 49.6356) with 200 queries.
Average Recall: 0.65485
Initial average recall with ef=100: 0.652717
Average Recall: 0.7349
Initial average recall with ef=150: 0.73413
Recall diff is too small for 1 consecutive steps, break.
Weighted average ef: 815.8
Training convergence-bucket 3 [49.6356, 56.7463) with 200 queries.
Average Recall: 0.7808
Initial average recall with ef=100: 0.776131
Average Recall: 0.84165
Initial average recall with ef=150: 0.839345
Recall diff is too small for 1 consecutive steps, break.
Weighted average ef: 493.63
Training convergence-bucket 4 [56.7463, 61.6822) with 200 queries.
Average Recall: 0.84955
Initial average recall with ef=100: 0.850347
Average Recall: 0.8987
Initial average recall with ef=150: 0.899306
Weighted average ef: 291.7
Training convergence-bucket 5 [61.6822, 66.1731) with 200 queries.
Average Recall: 0.8875
Initial average recall with ef=100: 0.888639
Average Recall: 0.92665
Initial average recall with ef=150: 0.927692
Weighted average ef: 203.645
Training convergence-bucket 6 [66.1731, 69.5844) with 200 queries.
Average Recall: 0.92465
Initial average recall with ef=100: 0.925848
Average Recall: 0.9537
Initial average recall with ef=150: 0.955438
Weighted average ef: 143.18
Training convergence-bucket 7 [69.5844, 73.0511) with 200 queries.
Average Recall: 0.9422
Initial average recall with ef=100: 0.942652
Average Recall: 0.9649
Initial average recall with ef=150: 0.965193
Weighted average ef: 134.635
Training convergence-bucket 8 [73.0511, 76.5108) with 200 queries.
Average Recall: 0.954451
Initial average recall with ef=100: 0.954885
Average Recall: 0.97475
Initial average recall with ef=150: 0.975345
Weighted average ef: 111.25
Training convergence-bucket 9 [76.5108, inf) with 200 queries.
Average Recall: 0.9719
Initial average recall with ef=100: 0.973626
Average Recall: 0.98505
Initial average recall with ef=150: 0.986901
Weighted average ef: 97.095
Reconstructed True WAE: 300.272 (Hard Pct: 0.02505)
****Weighted average ef: 300
Search time: 1326 ms
Search time: 1557 ms
Search time: 1325 ms
Average Recall: 0.97397
5th percentile recall: 0.88
1st percentile recall: 0.81
Median search time: 1326 ms
Search times: 1325 ms, 1326 ms, 1557 ms, 
word2vec-300-angular experiment results:
statisc_length, time, avg_recall, 5th_percentile_recall, 1st_percentile_recall, recall_above_99, recall_above_95, recall_above_90
1025, 1326, 0.97397, 0.88, 0.81, 605, 807, 924
Experiment finished

--- Alpha: 1 ---

Loading samplings from /home/ryawszn/experiments/shiro-ef/sampling/word2vec-300-angular-samplings--k100-ef.bin
Samplings loaded from /home/ryawszn/experiments/shiro-ef/sampling/word2vec-300-angular-samplings--k100-ef.bin
Average Recall: 0.814942
Initial average recall with ef=100: 0.815848
Average Recall: 0.863051
Initial average recall with ef=150: 0.86389
Recall diff is too small for 1 consecutive steps, break.
Recall diff is too small for 1 consecutive steps, break.
Weighted average ef: 437.12
Training convergence-bucket 0 [19.8582, 37.1108) with 200 queries.
Average Recall: 0.57
Initial average recall with ef=100: 0.569027
Average Recall: 0.6531
Initial average recall with ef=150: 0.655568
Weighted average ef: 910.035
Training convergence-bucket 1 [37.1108, 40.2205) with 200 queries.
Average Recall: 0.61695
Initial average recall with ef=100: 0.612609
Average Recall: 0.7009
Initial average recall with ef=150: 0.697663
Weighted average ef: 859.22
Training convergence-bucket 2 [40.2205, 45.3976) with 200 queries.
Average Recall: 0.65055
Initial average recall with ef=100: 0.654332
Average Recall: 0.7301
Initial average recall with ef=150: 0.734973
Recall diff is too small for 1 consecutive steps, break.
Recall diff is too small for 1 consecutive steps, break.
Weighted average ef: 848.965
Training convergence-bucket 3 [45.3976, 52.2122) with 200 queries.
Average Recall: 0.78315
Initial average recall with ef=100: 0.780178
Average Recall: 0.84345
Initial average recall with ef=150: 0.842367
Weighted average ef: 476.105
Training convergence-bucket 4 [52.2122, 57.2741) with 200 queries.
Average Recall: 0.8413
Initial average recall with ef=100: 0.843669
Average Recall: 0.89205
Initial average recall with ef=150: 0.894201
Weighted average ef: 314.45
Training convergence-bucket 5 [57.2741, 61.8593) with 200 queries.
Average Recall: 0.8905
Initial average recall with ef=100: 0.892456
Average Recall: 0.9298
Initial average recall with ef=150: 0.931696
Weighted average ef: 193.315
Training convergence-bucket 6 [61.8593, 65.6053) with 200 queries.
Average Recall: 0.922601
Initial average recall with ef=100: 0.923529
Average Recall: 0.95205
Initial average recall with ef=150: 0.953471
Recall diff is too small for 1 consecutive steps, break.
Weighted average ef: 145.275
Training convergence-bucket 7 [65.6053, 69.4168) with 200 queries.
Average Recall: 0.9455
Initial average recall with ef=100: 0.9484
Average Recall: 0.967351
Initial average recall with ef=150: 0.969543
Weighted average ef: 117.75
Training convergence-bucket 8 [69.4168, 73.6598) with 200 queries.
Average Recall: 0.954251
Initial average recall with ef=100: 0.952414
Average Recall: 0.9754
Initial average recall with ef=150: 0.974368
Weighted average ef: 108.02
Training convergence-bucket 9 [73.6598, inf) with 200 queries.
Average Recall: 0.97465
Initial average recall with ef=100: 0.978364
Average Recall: 0.98635
Initial average recall with ef=150: 0.98897
Weighted average ef: 89.945
Reconstructed True WAE: 293.95 (Hard Pct: 0.02505)
****Weighted average ef: 293
Search time: 1328 ms
Search time: 1259 ms
Search time: 1343 ms
Average Recall: 0.97303
5th percentile recall: 0.88
1st percentile recall: 0.8
Median search time: 1328 ms
Search times: 1259 ms, 1328 ms, 1343 ms, 
word2vec-300-angular experiment results:
statisc_length, time, avg_recall, 5th_percentile_recall, 1st_percentile_recall, recall_above_99, recall_above_95, recall_above_90
1025, 1328, 0.97303, 0.88, 0.8, 584, 801, 921
Experiment finished


Dataset: sift10m-128-euclidean
Metric: l2
Data vectors dimensions: 10000000 x 128
Query vectors dimensions: 1000 x 128
Neighbors dimensions: 1000 x 100
Index loaded
Dimension of space:128
Data size of space:512

--- Alpha: 0.25 ---

Loading samplings from /home/ryawszn/experiments/shiro-ef/sampling/sift10m-128-euclidean-samplings--k100-ef.bin
Samplings loaded from /home/ryawszn/experiments/shiro-ef/sampling/sift10m-128-euclidean-samplings--k100-ef.bin
Average Recall: 0.858042
Initial average recall with ef=100: 0.858457
Average Recall: 0.903745
Initial average recall with ef=150: 0.904128
Recall diff is too small for 1 consecutive steps, break.
Weighted average ef: 298.081
Training convergence-bucket 0 [28.14, 67.5275) with 200 queries.
Average Recall: 0.692
Initial average recall with ef=100: 0.687228
Average Recall: 0.7654
Initial average recall with ef=150: 0.761576
Recall diff is too small for 1 consecutive steps, break.
Recall diff is too small for 1 consecutive steps, break.
Weighted average ef: 622.675
Training convergence-bucket 1 [67.5275, 72.4336) with 200 queries.
Average Recall: 0.7299
Initial average recall with ef=100: 0.720749
Average Recall: 0.80105
Initial average recall with ef=150: 0.793262
Weighted average ef: 535.43
Training convergence-bucket 2 [72.4336, 75.9933) with 200 queries.
Average Recall: 0.78875
Initial average recall with ef=100: 0.785503
Average Recall: 0.85
Initial average recall with ef=150: 0.84709
Recall diff is too small for 1 consecutive steps, break.
Weighted average ef: 407.72
Training convergence-bucket 3 [75.9933, 78.6994) with 200 queries.
Average Recall: 0.84665
Initial average recall with ef=100: 0.840506
Average Recall: 0.8991
Initial average recall with ef=150: 0.894944
Weighted average ef: 263.205
Training convergence-bucket 4 [78.6994, 80.5563) with 200 queries.
Average Recall: 0.87355
Initial average recall with ef=100: 0.871862
Average Recall: 0.920151
Initial average recall with ef=150: 0.918777
Weighted average ef: 221.555
Training convergence-bucket 5 [80.5563, 82.4981) with 200 queries.
Average Recall: 0.9008
Initial average recall with ef=100: 0.901658
Average Recall: 0.94095
Initial average recall with ef=150: 0.941176
Weighted average ef: 180.67
Training convergence-bucket 6 [82.4981, 83.9255) with 200 queries.
Average Recall: 0.9187
Initial average recall with ef=100: 0.918877
Average Recall: 0.9516
Initial average recall with ef=150: 0.952246
Weighted average ef: 158.1
Training convergence-bucket 7 [83.9255, 85.2872) with 200 queries.
Average Recall: 0.92415
Initial average recall with ef=100: 0.925158
Average Recall: 0.9584
Initial average recall with ef=150: 0.958842
Weighted average ef: 158.745
Training convergence-bucket 8 [85.2872, 87.093) with 200 queries.
Average Recall: 0.94645
Initial average recall with ef=100: 0.949632
Average Recall: 0.97165
Initial average recall with ef=150: 0.973842
Weighted average ef: 127.455
Training convergence-bucket 9 [87.093, inf) with 200 queries.
Average Recall: 0.9595
Initial average recall with ef=100: 0.963622
Average Recall: 0.9792
Initial average recall with ef=150: 0.981459
Weighted average ef: 116.065
Reconstructed True WAE: 215.862 (Hard Pct: 0.0193)
****Weighted average ef: 215
Search time: 1052 ms
Search time: 1048 ms
Search time: 1052 ms
Average Recall: 0.98163
5th percentile recall: 0.94
1st percentile recall: 0.9
Median search time: 1052 ms
Search times: 1048 ms, 1052 ms, 1052 ms, 
sift10m-128-euclidean experiment results:
statisc_length, time, avg_recall, 5th_percentile_recall, 1st_percentile_recall, recall_above_99, recall_above_95, recall_above_90
1025, 1052, 0.98163, 0.94, 0.9, 571, 884, 989
Experiment finished

--- Alpha: 0.5 ---

Loading samplings from /home/ryawszn/experiments/shiro-ef/sampling/sift10m-128-euclidean-samplings--k100-ef.bin
Samplings loaded from /home/ryawszn/experiments/shiro-ef/sampling/sift10m-128-euclidean-samplings--k100-ef.bin
Average Recall: 0.858042
Initial average recall with ef=100: 0.858457
Average Recall: 0.903745
Initial average recall with ef=150: 0.904128
Recall diff is too small for 1 consecutive steps, break.
Weighted average ef: 298.081
Training convergence-bucket 0 [22.4341, 54.8694) with 200 queries.
Average Recall: 0.67325
Initial average recall with ef=100: 0.667011
Average Recall: 0.7494
Initial average recall with ef=150: 0.744456
Weighted average ef: 694.02
Training convergence-bucket 1 [54.8694, 58.4954) with 200 queries.
Average Recall: 0.70815
Initial average recall with ef=100: 0.705445
Average Recall: 0.78175
Initial average recall with ef=150: 0.779791
Weighted average ef: 563.91
Training convergence-bucket 2 [58.4954, 63.9193) with 200 queries.
Average Recall: 0.78685
Initial average recall with ef=100: 0.781676
Average Recall: 0.84955
Initial average recall with ef=150: 0.845459
Recall diff is too small for 1 consecutive steps, break.
Weighted average ef: 392.465
Training convergence-bucket 3 [63.9193, 67.1803) with 200 queries.
Average Recall: 0.83515
Initial average recall with ef=100: 0.832344
Average Recall: 0.8923
Initial average recall with ef=150: 0.890469
Weighted average ef: 285.535
Training convergence-bucket 4 [67.1803, 70.45) with 200 queries.
Average Recall: 0.86965
Initial average recall with ef=100: 0.867554
Average Recall: 0.9203
Initial average recall with ef=150: 0.918967
Weighted average ef: 217.72
Training convergence-bucket 5 [70.45, 72.7911) with 200 queries.
Average Recall: 0.8968
Initial average recall with ef=100: 0.894603
Average Recall: 0.937951
Initial average recall with ef=150: 0.936719
Weighted average ef: 192.07
Training convergence-bucket 6 [72.7911, 75.4077) with 200 queries.
Average Recall: 0.91425
Initial average recall with ef=100: 0.915519
Average Recall: 0.9532
Initial average recall with ef=150: 0.954645
Weighted average ef: 152.915
Training convergence-bucket 7 [75.4077, 78.0557) with 200 queries.
Average Recall: 0.9472
Initial average recall with ef=100: 0.94866
Average Recall: 0.9751
Initial average recall with ef=150: 0.975722
Weighted average ef: 122.5
Training convergence-bucket 8 [78.0557, 81.4853) with 200 queries.
Average Recall: 0.96405
Initial average recall with ef=100: 0.967958
Average Recall: 0.98415
Initial average recall with ef=150: 0.986702
Weighted average ef: 105.25
Training convergence-bucket 9 [81.4853, inf) with 200 queries.
Average Recall: 0.985101
Initial average recall with ef=100: 0.98978
Average Recall: 0.9938
Initial average recall with ef=150: 0.996703
Weighted average ef: 91
Reconstructed True WAE: 214.323 (Hard Pct: 0.0193)
****Weighted average ef: 214
Search time: 1041 ms
Search time: 1044 ms
Search time: 1049 ms
Average Recall: 0.98107
5th percentile recall: 0.94
1st percentile recall: 0.92
Median search time: 1044 ms
Search times: 1041 ms, 1044 ms, 1049 ms, 
sift10m-128-euclidean experiment results:
statisc_length, time, avg_recall, 5th_percentile_recall, 1st_percentile_recall, recall_above_99, recall_above_95, recall_above_90
1025, 1044, 0.98107, 0.94, 0.92, 515, 891, 994
Experiment finished

--- Alpha: 0.75 ---

Loading samplings from /home/ryawszn/experiments/shiro-ef/sampling/sift10m-128-euclidean-samplings--k100-ef.bin
Samplings loaded from /home/ryawszn/experiments/shiro-ef/sampling/sift10m-128-euclidean-samplings--k100-ef.bin
Average Recall: 0.858042
Initial average recall with ef=100: 0.858457
Average Recall: 0.903745
Initial average recall with ef=150: 0.904128
Recall diff is too small for 1 consecutive steps, break.
Weighted average ef: 298.081
Training convergence-bucket 0 [19.7621, 46.4968) with 200 queries.
Average Recall: 0.6653
Initial average recall with ef=100: 0.663533
Average Recall: 0.7414
Initial average recall with ef=150: 0.740217
Weighted average ef: 715.185
Training convergence-bucket 1 [46.4968, 50.3318) with 200 queries.
Average Recall: 0.7059
Initial average recall with ef=100: 0.705
Average Recall: 0.78025
Initial average recall with ef=150: 0.779521
Weighted average ef: 565.535
Training convergence-bucket 2 [50.3318, 55.5377) with 200 queries.
Average Recall: 0.78545
Initial average recall with ef=100: 0.782216
Average Recall: 0.84925
Initial average recall with ef=150: 0.847189
Recall diff is too small for 1 consecutive steps, break.
Weighted average ef: 375.705
Training convergence-bucket 3 [55.5377, 59.3194) with 200 queries.
Average Recall: 0.8338
Initial average recall with ef=100: 0.830914
Average Recall: 0.89155
Initial average recall with ef=150: 0.889892
Weighted average ef: 266.37
Training convergence-bucket 4 [59.3194, 63.027) with 200 queries.
Average Recall: 0.86585
Initial average recall with ef=100: 0.865183
Average Recall: 0.91625
Initial average recall with ef=150: 0.915968
Weighted average ef: 234.41
Training convergence-bucket 5 [63.027, 65.9243) with 200 queries.
Average Recall: 0.89885
Initial average recall with ef=100: 0.899626
Average Recall: 0.9427
Initial average recall with ef=150: 0.943743
Weighted average ef: 172.5
Training convergence-bucket 6 [65.9243, 69.1854) with 200 queries.
Average Recall: 0.92245
Initial average recall with ef=100: 0.923834
Average Recall: 0.958451
Initial average recall with ef=150: 0.959741
Weighted average ef: 151.255
Training convergence-bucket 7 [69.1854, 72.9783) with 200 queries.
Average Recall: 0.9464
Initial average recall with ef=100: 0.948281
Average Recall: 0.9755
Initial average recall with ef=150: 0.976667
Weighted average ef: 123.18
Training convergence-bucket 8 [72.9783, 77.5569) with 200 queries.
Average Recall: 0.96695
Initial average recall with ef=100: 0.968
Average Recall: 0.98555
Initial average recall with ef=150: 0.986205
Weighted average ef: 104.165
Training convergence-bucket 9 [77.5569, inf) with 200 queries.
Average Recall: 0.9895
Initial average recall with ef=100: 0.990895
Average Recall: 0.9966
Initial average recall with ef=150: 0.997368
Weighted average ef: 95
Reconstructed True WAE: 211.961 (Hard Pct: 0.0193)
****Weighted average ef: 211
Search time: 1006 ms
Search time: 1051 ms
Search time: 1063 ms
Average Recall: 0.97936
5th percentile recall: 0.94
1st percentile recall: 0.91
Median search time: 1051 ms
Search times: 1006 ms, 1051 ms, 1063 ms, 
sift10m-128-euclidean experiment results:
statisc_length, time, avg_recall, 5th_percentile_recall, 1st_percentile_recall, recall_above_99, recall_above_95, recall_above_90
1025, 1051, 0.97936, 0.94, 0.91, 490, 870, 990
Experiment finished

--- Alpha: 1 ---

Loading samplings from /home/ryawszn/experiments/shiro-ef/sampling/sift10m-128-euclidean-samplings--k100-ef.bin
Samplings loaded from /home/ryawszn/experiments/shiro-ef/sampling/sift10m-128-euclidean-samplings--k100-ef.bin
Average Recall: 0.858042
Initial average recall with ef=100: 0.858457
Average Recall: 0.903745
Initial average recall with ef=150: 0.904128
Recall diff is too small for 1 consecutive steps, break.
Weighted average ef: 298.081
Training convergence-bucket 0 [18.7846, 40.9002) with 200 queries.
Average Recall: 0.66015
Initial average recall with ef=100: 0.658206
Average Recall: 0.7358
Initial average recall with ef=150: 0.734022
Weighted average ef: 716.425
Training convergence-bucket 1 [40.9002, 44.7304) with 200 queries.
Average Recall: 0.7099
Initial average recall with ef=100: 0.709091
Average Recall: 0.7835
Initial average recall with ef=150: 0.783155
Recall diff is too small for 1 consecutive steps, break.
Recall diff is too small for 1 consecutive steps, break.
Weighted average ef: 558.505
Training convergence-bucket 2 [44.7304, 49.464) with 200 queries.
Average Recall: 0.781
Initial average recall with ef=100: 0.779243
Average Recall: 0.84685
Initial average recall with ef=150: 0.845838
Recall diff is too small for 1 consecutive steps, break.
Weighted average ef: 376.985
Training convergence-bucket 3 [49.464, 53.5443) with 200 queries.
Average Recall: 0.8323
Initial average recall with ef=100: 0.829305
Average Recall: 0.89095
Initial average recall with ef=150: 0.889572
Weighted average ef: 268.785
Training convergence-bucket 4 [53.5443, 57.5419) with 200 queries.
Average Recall: 0.8692
Initial average recall with ef=100: 0.869193
Average Recall: 0.91845
Initial average recall with ef=150: 0.918656
Weighted average ef: 229.93
Training convergence-bucket 5 [57.5419, 60.7426) with 200 queries.
Average Recall: 0.8967
Initial average recall with ef=100: 0.898361
Average Recall: 0.9415
Initial average recall with ef=150: 0.942841
Weighted average ef: 170.25
Training convergence-bucket 6 [60.7426, 64.4576) with 200 queries.
Average Recall: 0.9267
Initial average recall with ef=100: 0.927925
Average Recall: 0.9621
Initial average recall with ef=150: 0.96367
Weighted average ef: 146.225
Training convergence-bucket 7 [64.4576, 68.8223) with 200 queries.
Average Recall: 0.9464
Initial average recall with ef=100: 0.947409
Average Recall: 0.97505
Initial average recall with ef=150: 0.975596
Weighted average ef: 123.25
Training convergence-bucket 8 [68.8223, 74.3932) with 200 queries.
Average Recall: 0.968751
Initial average recall with ef=100: 0.969275
Average Recall: 0.98715
Initial average recall with ef=150: 0.98772
Weighted average ef: 101.915
Training convergence-bucket 9 [74.3932, inf) with 200 queries.
Average Recall: 0.98935
Initial average recall with ef=100: 0.990526
Average Recall: 0.99615
Initial average recall with ef=150: 0.996842
Weighted average ef: 95
Reconstructed True WAE: 212.693 (Hard Pct: 0.0193)
****Weighted average ef: 212
Search time: 996 ms
Search time: 1011 ms
Search time: 994 ms
Average Recall: 0.97846
5th percentile recall: 0.94
1st percentile recall: 0.9
Median search time: 996 ms
Search times: 994 ms, 996 ms, 1011 ms, 
sift10m-128-euclidean experiment results:
statisc_length, time, avg_recall, 5th_percentile_recall, 1st_percentile_recall, recall_above_99, recall_above_95, recall_above_90
1025, 996, 0.97846, 0.94, 0.9, 473, 859, 989
Experiment finished


Dataset: gist-960-euclidean
Metric: l2
Data vectors dimensions: 1000000 x 960
Query vectors dimensions: 1000 x 960
Neighbors dimensions: 1000 x 100
Index loaded
Dimension of space:960
Data size of space:3840

--- Alpha: 0.25 ---

Loading samplings from /home/ryawszn/experiments/shiro-ef/sampling/gist-960-euclidean-samplings--k100-ef.bin
Samplings loaded from /home/ryawszn/experiments/shiro-ef/sampling/gist-960-euclidean-samplings--k100-ef.bin
Average Recall: 0.723844
Initial average recall with ef=100: 0.721912
Average Recall: 0.798894
Initial average recall with ef=150: 0.797498
Recall diff is too small for 1 consecutive steps, break.
Weighted average ef: 635.626
Training convergence-bucket 0 [29.4093, 46.2452) with 200 queries.
Average Recall: 0.52995
Initial average recall with ef=100: 0.527672
Average Recall: 0.6271
Initial average recall with ef=150: 0.625344
Recall diff is too small for 1 consecutive steps, break.
Recall diff is too small for 1 consecutive steps, break.
Weighted average ef: 1242.72
Training convergence-bucket 1 [46.2452, 51.6952) with 200 queries.
Average Recall: 0.5717
Initial average recall with ef=100: 0.568235
Average Recall: 0.6661
Initial average recall with ef=150: 0.663476
Recall diff is too small for 1 consecutive steps, break.
Recall diff is too small for 1 consecutive steps, break.
Weighted average ef: 1098.18
Training convergence-bucket 2 [51.6952, 56.0833) with 200 queries.
Average Recall: 0.62355
Initial average recall with ef=100: 0.624162
Average Recall: 0.7118
Initial average recall with ef=150: 0.711243
Recall diff is too small for 1 consecutive steps, break.
Weighted average ef: 830.49
Training convergence-bucket 3 [56.0833, 59.9785) with 200 queries.
Average Recall: 0.663
Initial average recall with ef=100: 0.659409
Average Recall: 0.75655
Initial average recall with ef=150: 0.753871
Weighted average ef: 662.07
Training convergence-bucket 4 [59.9785, 63.6571) with 200 queries.
Average Recall: 0.70195
Initial average recall with ef=100: 0.697473
Average Recall: 0.7887
Initial average recall with ef=150: 0.784516
Weighted average ef: 563.54
Training convergence-bucket 5 [63.6571, 66.9771) with 200 queries.
Average Recall: 0.74745
Initial average recall with ef=100: 0.750219
Average Recall: 0.82345
Initial average recall with ef=150: 0.826175
Weighted average ef: 407.125
Training convergence-bucket 6 [66.9771, 70.7043) with 200 queries.
Average Recall: 0.7701
Initial average recall with ef=100: 0.769681
Average Recall: 0.84155
Initial average recall with ef=150: 0.842394
Recall diff is too small for 1 consecutive steps, break.
Weighted average ef: 400.06
Training convergence-bucket 7 [70.7043, 74.8879) with 200 queries.
Average Recall: 0.82395
Initial average recall with ef=100: 0.826505
Average Recall: 0.88615
Initial average recall with ef=150: 0.888871
Weighted average ef: 294.3
Training convergence-bucket 8 [74.8879, 80.0994) with 200 queries.
Average Recall: 0.86795
Initial average recall with ef=100: 0.862356
Average Recall: 0.92065
Initial average recall with ef=150: 0.917471
Weighted average ef: 219.22
Training convergence-bucket 9 [80.0994, inf) with 200 queries.
Average Recall: 0.93885
Initial average recall with ef=100: 0.94
Average Recall: 0.9669
Initial average recall with ef=150: 0.968409
Weighted average ef: 125.81
Reconstructed True WAE: 532.727 (Hard Pct: 0.01025)
****Weighted average ef: 532
Search time: 3329 ms
Search time: 4757 ms
Search time: 4654 ms
Average Recall: 0.97062
5th percentile recall: 0.91
1st percentile recall: 0.87
Median search time: 4654 ms
Search times: 3329 ms, 4654 ms, 4757 ms, 
gist-960-euclidean experiment results:
statisc_length, time, avg_recall, 5th_percentile_recall, 1st_percentile_recall, recall_above_99, recall_above_95, recall_above_90
1025, 4654, 0.97062, 0.91, 0.87, 415, 744, 958
Experiment finished

--- Alpha: 0.5 ---

Loading samplings from /home/ryawszn/experiments/shiro-ef/sampling/gist-960-euclidean-samplings--k100-ef.bin
Samplings loaded from /home/ryawszn/experiments/shiro-ef/sampling/gist-960-euclidean-samplings--k100-ef.bin
Average Recall: 0.723844
Initial average recall with ef=100: 0.721912
Average Recall: 0.798894
Initial average recall with ef=150: 0.797498
Recall diff is too small for 1 consecutive steps, break.
Weighted average ef: 635.626
Training convergence-bucket 0 [30.6942, 41.7589) with 200 queries.
Average Recall: 0.51515
Initial average recall with ef=100: 0.511554
Average Recall: 0.61175
Initial average recall with ef=150: 0.608238
Recall diff is too small for 1 consecutive steps, break.
Weighted average ef: 1495.17
Training convergence-bucket 1 [41.7589, 45.8009) with 200 queries.
Average Recall: 0.57655
Initial average recall with ef=100: 0.573777
Average Recall: 0.6722
Initial average recall with ef=150: 0.669681
Weighted average ef: 975.03
Training convergence-bucket 2 [45.8009, 49.4407) with 200 queries.
Average Recall: 0.61415
Initial average recall with ef=100: 0.615183
Average Recall: 0.70725
Initial average recall with ef=150: 0.707173
Recall diff is too small for 1 consecutive steps, break.
Weighted average ef: 883.62
Training convergence-bucket 3 [49.4407, 52.3927) with 200 queries.
Average Recall: 0.65175
Initial average recall with ef=100: 0.652872
Average Recall: 0.7456
Initial average recall with ef=150: 0.74617
Recall diff is too small for 1 consecutive steps, break.
Recall diff is too small for 1 consecutive steps, break.
Weighted average ef: 677.56
Training convergence-bucket 4 [52.3927, 55.4145) with 200 queries.
Average Recall: 0.6924
Initial average recall with ef=100: 0.69413
Average Recall: 0.7775
Initial average recall with ef=150: 0.779728
Weighted average ef: 533.665
Training convergence-bucket 5 [55.4145, 58.7542) with 200 queries.
Average Recall: 0.75675
Initial average recall with ef=100: 0.75113
Average Recall: 0.8333
Initial average recall with ef=150: 0.827684
Recall diff is too small for 1 consecutive steps, break.
Weighted average ef: 411.265
Training convergence-bucket 6 [58.7542, 61.8934) with 200 queries.
Average Recall: 0.78145
Initial average recall with ef=100: 0.784063
Average Recall: 0.8523
Initial average recall with ef=150: 0.854271
Recall diff is too small for 1 consecutive steps, break.
Weighted average ef: 392.115
Training convergence-bucket 7 [61.8934, 67.1228) with 200 queries.
Average Recall: 0.8253
Initial average recall with ef=100: 0.827581
Average Recall: 0.88935
Initial average recall with ef=150: 0.891505
Weighted average ef: 297.63
Training convergence-bucket 8 [67.1228, 73.6922) with 200 queries.
Average Recall: 0.87545
Initial average recall with ef=100: 0.876162
Average Recall: 0.9265
Initial average recall with ef=150: 0.927892
Weighted average ef: 213.98
Training convergence-bucket 9 [73.6922, inf) with 200 queries.
Average Recall: 0.9495
Initial average recall with ef=100: 0.950852
Average Recall: 0.9732
Initial average recall with ef=150: 0.974432
Weighted average ef: 112.635
Reconstructed True WAE: 536.988 (Hard Pct: 0.01025)
****Weighted average ef: 536
Search time: 4460 ms
Search time: 3035 ms
Search time: 4466 ms
Average Recall: 0.97068
5th percentile recall: 0.91
1st percentile recall: 0.87
Median search time: 4460 ms
Search times: 3035 ms, 4460 ms, 4466 ms, 
gist-960-euclidean experiment results:
statisc_length, time, avg_recall, 5th_percentile_recall, 1st_percentile_recall, recall_above_99, recall_above_95, recall_above_90
1025, 4460, 0.97068, 0.91, 0.87, 425, 748, 962
Experiment finished

--- Alpha: 0.75 ---

Loading samplings from /home/ryawszn/experiments/shiro-ef/sampling/gist-960-euclidean-samplings--k100-ef.bin
Samplings loaded from /home/ryawszn/experiments/shiro-ef/sampling/gist-960-euclidean-samplings--k100-ef.bin
Average Recall: 0.723844
Initial average recall with ef=100: 0.721912
Average Recall: 0.798894
Initial average recall with ef=150: 0.797498
Recall diff is too small for 1 consecutive steps, break.
Weighted average ef: 635.626
Training convergence-bucket 0 [27.5923, 37.1704) with 200 queries.
Average Recall: 0.50555
Initial average recall with ef=100: 0.50228
Average Recall: 0.6028
Initial average recall with ef=150: 0.599948
Recall diff is too small for 1 consecutive steps, break.
Weighted average ef: 1561.35
Training convergence-bucket 1 [37.1704, 40.4195) with 200 queries.
Average Recall: 0.5812
Initial average recall with ef=100: 0.577861
Average Recall: 0.67385
Initial average recall with ef=150: 0.670963
Weighted average ef: 1000.27
Training convergence-bucket 2 [40.4195, 43.7982) with 200 queries.
Average Recall: 0.61625
Initial average recall with ef=100: 0.619468
Average Recall: 0.71375
Initial average recall with ef=150: 0.716543
Recall diff is too small for 1 consecutive steps, break.
Weighted average ef: 786.47
Training convergence-bucket 3 [43.7982, 46.3981) with 200 queries.
Average Recall: 0.64745
Initial average recall with ef=100: 0.645714
Average Recall: 0.74005
Initial average recall with ef=150: 0.738307
Recall diff is too small for 1 consecutive steps, break.
Recall diff is too small for 1 consecutive steps, break.
Recall diff is too small for 1 consecutive steps, break.
Weighted average ef: 679.55
Training convergence-bucket 4 [46.3981, 49.6726) with 200 queries.
Average Recall: 0.6994
Initial average recall with ef=100: 0.703048
Average Recall: 0.78335
Initial average recall with ef=150: 0.786738
Recall diff is too small for 1 consecutive steps, break.
Recall diff is too small for 1 consecutive steps, break.
Weighted average ef: 542.425
Training convergence-bucket 5 [49.6726, 52.6429) with 200 queries.
Average Recall: 0.7496
Initial average recall with ef=100: 0.744696
Average Recall: 0.8274
Initial average recall with ef=150: 0.824199
Recall diff is too small for 1 consecutive steps, break.
Weighted average ef: 439.495
Training convergence-bucket 6 [52.6429, 56.3866) with 200 queries.
Average Recall: 0.78035
Initial average recall with ef=100: 0.782097
Average Recall: 0.8516
Initial average recall with ef=150: 0.853333
Weighted average ef: 368.145
Training convergence-bucket 7 [56.3866, 61.4924) with 200 queries.
Average Recall: 0.8298
Initial average recall with ef=100: 0.83235
Average Recall: 0.89575
Initial average recall with ef=150: 0.897978
Recall diff is too small for 1 consecutive steps, break.
Weighted average ef: 255.15
Training convergence-bucket 8 [61.4924, 68.9973) with 200 queries.
Average Recall: 0.88015
Initial average recall with ef=100: 0.87904
Average Recall: 0.929
Initial average recall with ef=150: 0.928701
Weighted average ef: 203.515
Training convergence-bucket 9 [68.9973, inf) with 200 queries.
Average Recall: 0.948701
Initial average recall with ef=100: 0.95142
Average Recall: 0.9714
Initial average recall with ef=150: 0.973807
Weighted average ef: 121.15
Reconstructed True WAE: 525.336 (Hard Pct: 0.01025)
****Weighted average ef: 525
Search time: 4518 ms
Search time: 4452 ms
Search time: 2958 ms
Average Recall: 0.97023
5th percentile recall: 0.91
1st percentile recall: 0.87
Median search time: 4452 ms
Search times: 2958 ms, 4452 ms, 4518 ms, 
gist-960-euclidean experiment results:
statisc_length, time, avg_recall, 5th_percentile_recall, 1st_percentile_recall, recall_above_99, recall_above_95, recall_above_90
1025, 4452, 0.97023, 0.91, 0.87, 408, 745, 964
Experiment finished

--- Alpha: 1 ---

Loading samplings from /home/ryawszn/experiments/shiro-ef/sampling/gist-960-euclidean-samplings--k100-ef.bin
Samplings loaded from /home/ryawszn/experiments/shiro-ef/sampling/gist-960-euclidean-samplings--k100-ef.bin
Average Recall: 0.723844
Initial average recall with ef=100: 0.721912
Average Recall: 0.798894
Initial average recall with ef=150: 0.797498
Recall diff is too small for 1 consecutive steps, break.
Weighted average ef: 635.626
Training convergence-bucket 0 [24.9024, 33.568) with 200 queries.
Average Recall: 0.508
Initial average recall with ef=100: 0.503213
Average Recall: 0.60355
Initial average recall with ef=150: 0.599378
Weighted average ef: 1508.77
Training convergence-bucket 1 [33.568, 36.3992) with 200 queries.
Average Recall: 0.56975
Initial average recall with ef=100: 0.571421
Average Recall: 0.6655
Initial average recall with ef=150: 0.666526
Recall diff is too small for 1 consecutive steps, break.
Weighted average ef: 1000.66
Training convergence-bucket 2 [36.3992, 39.2452) with 200 queries.
Average Recall: 0.6235
Initial average recall with ef=100: 0.624868
Average Recall: 0.71905
Initial average recall with ef=150: 0.719524
Recall diff is too small for 1 consecutive steps, break.
Weighted average ef: 766.565
Training convergence-bucket 3 [39.2452, 41.8578) with 200 queries.
Average Recall: 0.6425
Initial average recall with ef=100: 0.64399
Average Recall: 0.73635
Initial average recall with ef=150: 0.737358
Recall diff is too small for 1 consecutive steps, break.
Recall diff is too small for 1 consecutive steps, break.
Weighted average ef: 695.55
Training convergence-bucket 4 [41.8578, 44.8615) with 200 queries.
Average Recall: 0.70045
Initial average recall with ef=100: 0.703069
Average Recall: 0.78305
Initial average recall with ef=150: 0.78545
Recall diff is too small for 1 consecutive steps, break.
Recall diff is too small for 1 consecutive steps, break.
Recall diff is too small for 1 consecutive steps, break.
Weighted average ef: 564.84
Training convergence-bucket 5 [44.8615, 48.0515) with 200 queries.
Average Recall: 0.74755
Initial average recall with ef=100: 0.746796
Average Recall: 0.82865
Initial average recall with ef=150: 0.828122
Recall diff is too small for 1 consecutive steps, break.
Weighted average ef: 438.215
Training convergence-bucket 6 [48.0515, 51.9877) with 200 queries.
Average Recall: 0.78695
Initial average recall with ef=100: 0.788085
Average Recall: 0.8561
Initial average recall with ef=150: 0.856755
Recall diff is too small for 1 consecutive steps, break.
Recall diff is too small for 1 consecutive steps, break.
Weighted average ef: 362.53
Training convergence-bucket 7 [51.9877, 57.3123) with 200 queries.
Average Recall: 0.82795
Initial average recall with ef=100: 0.832147
Average Recall: 0.8936
Initial average recall with ef=150: 0.897797
Weighted average ef: 257.965
Training convergence-bucket 8 [57.3123, 65.3164) with 200 queries.
Average Recall: 0.88125
Initial average recall with ef=100: 0.87908
Average Recall: 0.9306
Initial average recall with ef=150: 0.929828
Weighted average ef: 197.91
Training convergence-bucket 9 [65.3164, inf) with 200 queries.
Average Recall: 0.950551
Initial average recall with ef=100: 0.956765
Average Recall: 0.9725
Initial average recall with ef=150: 0.977647
Weighted average ef: 103.25
Reconstructed True WAE: 519.406 (Hard Pct: 0.01025)
****Weighted average ef: 519
Search time: 4315 ms
Search time: 4361 ms
Search time: 4338 ms
Average Recall: 0.9698
5th percentile recall: 0.91
1st percentile recall: 0.87
Median search time: 4338 ms
Search times: 4315 ms, 4338 ms, 4361 ms, 
gist-960-euclidean experiment results:
statisc_length, time, avg_recall, 5th_percentile_recall, 1st_percentile_recall, recall_above_99, recall_above_95, recall_above_90
1025, 4338, 0.9698, 0.91, 0.87, 400, 740, 962
Experiment finished


Dataset: tiny5m-384-euclidean
Metric: l2
Data vectors dimensions: 5000000 x 384
Query vectors dimensions: 1000 x 384
Neighbors dimensions: 1000 x 100
