Starting experiments for Shiro-ef hnswdis library...


EXPERIMENTS_ROOT: /home/ryawszn/experiments/shiro-ef
Starting offline experiments...


Dataset: word2vec-300-angular
Metric: cd
Truncation ratio: 0.25
Normalize the data vectors
Data vectors dimensions: 1000000 x 300
Query vectors dimensions: 1000 x 300
Neighbors dimensions: 1000 x 100
Using AVX512 Inner Product distance
Index loaded
Dimension of space:300
Data size of space:1200
Sampling computing time: 42862 ms
Loading samplings from /home/ryawszn/experiments/shiro-ef/sampling/word2vec-300-angular-samplings--k100-ef.bin
Samplings loaded from /home/ryawszn/experiments/shiro-ef/sampling/word2vec-300-angular-samplings--k100-ef.bin
Average Recall: 0.82687
Initial average recall with ef=100: 0.827342
Average Recall: 0.872959
Initial average recall with ef=150: 0.873679
Weighted average ef: 489.451
EF-estimation table computing time: 13781 ms
Training convergence-bucket 0 [27.1968, 45.7231) with 200 queries.
Average Recall: 0.596683
Initial average recall with ef=100: 0.594176
Average Recall: 0.67685
Initial average recall with ef=150: 0.678571
Weighted average ef: 861.785
Training convergence-bucket 1 [45.7231, 49.7883) with 200 queries.
Average Recall: 0.589
Initial average recall with ef=100: 0.584278
Average Recall: 0.67535
Initial average recall with ef=150: 0.672139
Recall diff is too small for 1 consecutive steps, break.
Weighted average ef: 894.49
Training convergence-bucket 2 [49.7883, 52.9964) with 200 queries.
Average Recall: 0.63555
Initial average recall with ef=100: 0.633911
Average Recall: 0.71715
Initial average recall with ef=150: 0.715363
Weighted average ef: 771.97
Training convergence-bucket 3 [52.9964, 57.6844) with 200 queries.
Average Recall: 0.6677
Initial average recall with ef=100: 0.660409
Average Recall: 0.74245
Initial average recall with ef=150: 0.738889
Recall diff is too small for 1 consecutive steps, break.
Recall diff is too small for 1 consecutive steps, break.
Weighted average ef: 682.985
Training convergence-bucket 4 [57.6844, 63.7364) with 200 queries.
Average Recall: 0.7836
Initial average recall with ef=100: 0.781509
Average Recall: 0.8398
Initial average recall with ef=150: 0.84
Recall diff is too small for 1 consecutive steps, break.
Recall diff is too small for 1 consecutive steps, break.
Weighted average ef: 478.55
Training convergence-bucket 5 [63.7364, 67.6685) with 200 queries.
Average Recall: 0.81425
Initial average recall with ef=100: 0.815562
Average Recall: 0.8661
Initial average recall with ef=150: 0.867135
Recall diff is too small for 1 consecutive steps, break.
Weighted average ef: 421.99
Training convergence-bucket 6 [67.6685, 70.8449) with 200 queries.
Average Recall: 0.84735
Initial average recall with ef=100: 0.846446
Average Recall: 0.89555
Initial average recall with ef=150: 0.896145
Weighted average ef: 254.72
Training convergence-bucket 7 [70.8449, 73.3636) with 200 queries.
Average Recall: 0.8844
Initial average recall with ef=100: 0.882083
Average Recall: 0.9263
Initial average recall with ef=150: 0.924821
Recall diff is too small for 1 consecutive steps, break.
Weighted average ef: 218.64
Training convergence-bucket 8 [73.3636, 75.4048) with 200 queries.
Average Recall: 0.9173
Initial average recall with ef=100: 0.915629
Average Recall: 0.94725
Initial average recall with ef=150: 0.945928
Weighted average ef: 182.27
Training convergence-bucket 9 [75.4048, 77.2178) with 200 queries.
Average Recall: 0.91695
Initial average recall with ef=100: 0.911627
Average Recall: 0.94955
Initial average recall with ef=150: 0.94741
Weighted average ef: 156.935
Training convergence-bucket 10 [77.2178, 78.8158) with 200 queries.
Average Recall: 0.9374
Initial average recall with ef=100: 0.93815
Average Recall: 0.9652
Initial average recall with ef=150: 0.96659
Weighted average ef: 120.25
Training convergence-bucket 11 [78.8158, 80.2915) with 200 queries.
Average Recall: 0.93845
Initial average recall with ef=100: 0.940739
Average Recall: 0.96425
Initial average recall with ef=150: 0.966875
Weighted average ef: 128.765
Training convergence-bucket 12 [80.2915, 81.9963) with 200 queries.
Average Recall: 0.9533
Initial average recall with ef=100: 0.951905
Average Recall: 0.9734
Initial average recall with ef=150: 0.973095
Weighted average ef: 107
Training convergence-bucket 13 [81.9963, 84.1359) with 200 queries.
Average Recall: 0.9532
Initial average recall with ef=100: 0.956494
Average Recall: 0.97205
Initial average recall with ef=150: 0.97523
Weighted average ef: 112.58
Training convergence-bucket 14 [84.1359, inf) with 200 queries.
Average Recall: 0.96685
Initial average recall with ef=100: 0.969709
Average Recall: 0.98325
Initial average recall with ef=150: 0.98593
Weighted average ef: 90.5
Reconstructed True WAE: 281.753 (Hard Pct: 0.0224667)
Starting shiro-ef tests...


Dataset: word2vec-300-angular
Metric: cd
Truncation ratio: 0.25
Normalize the data vectors
Data vectors dimensions: 1000000 x 300
Query vectors dimensions: 1000 x 300
Neighbors dimensions: 1000 x 100
Using AVX512 Inner Product distance
Index loaded
Dimension of space:300
Data size of space:1200
****Weighted average ef: 281
Search time: 1333 ms
Search time: 1359 ms
Search time: 1321 ms
Average Recall: 0.97325
5th percentile recall: 0.88
1st percentile recall: 0.79
Median search time: 1333 ms
Search times: 1321 ms, 1333 ms, 1359 ms, 
word2vec-300-angular experiment results:
statisc_length, time, avg_recall, 5th_percentile_recall, 1st_percentile_recall, recall_above_99, recall_above_95, recall_above_90
1025, 1333, 0.97325, 0.88, 0.79, 592, 805, 923
Experiment finished
Adaptive EF Analysis for dataset: word2vec-300-angular

Search with Patience in Proximity for dataset: word2vec-300-angular
ef: 300
Average Recall: 0.76052
5th percentile recall: 0.46
1st percentile recall: 0.3
Median search time: 450 ms
Search times: 447 ms, 450 ms, 470 ms, 
word2vec-300-angular experiment results:
ef, time, avg_recall, 5th_percentile_recall, 1st_percentile_recall, recall_above_99, recall_above_95, recall_above_90
300, 450, 0.76052, 0.46, 0.3, 15, 45, 180
Experiment finished
ef: 100
Average Recall: 0.86781
5th percentile recall: 0.58
1st percentile recall: 0.45
Median search time: 367 ms
Search times: 363 ms, 367 ms, 372 ms, 
ef: 200
Average Recall: 0.93217
5th percentile recall: 0.74
1st percentile recall: 0.6
Median search time: 634 ms
Search times: 625 ms, 634 ms, 641 ms, 
ef: 400
Average Recall: 0.96589
5th percentile recall: 0.84
1st percentile recall: 0.73
Median search time: 1116 ms
Search times: 1049 ms, 1116 ms, 1120 ms, 
ef: 800
Average Recall: 0.98187
5th percentile recall: 0.9
1st percentile recall: 0.81
Median search time: 2109 ms
Search times: 1945 ms, 2109 ms, 4845 ms, 
ef: 1600
Average Recall: 0.9896
5th percentile recall: 0.94
1st percentile recall: 0.87
Median search time: 3297 ms
Search times: 3295 ms, 3297 ms, 3312 ms, 
word2vec-300-angular experiment results:
ef, time, avg_recall, 5th_percentile_recall, 1st_percentile_recall, recall_above_99, recall_above_95, recall_above_90
100, 367, 0.86781, 0.58, 0.45, 138, 319, 511
200, 634, 0.93217, 0.74, 0.6, 371, 578, 741
400, 1116, 0.96589, 0.84, 0.73, 598, 763, 880
800, 2109, 0.98187, 0.9, 0.81, 730, 871, 949
1600, 3297, 0.9896, 0.94, 0.87, 827, 922, 978
Experiment finished
Starting ablation study tests: visited list size...


Dataset: word2vec-300-angular
Metric: cd
Truncation ratio: 0.25
Normalize the data vectors
Data vectors dimensions: 1000000 x 300
Query vectors dimensions: 1000 x 300
Neighbors dimensions: 1000 x 100
Using AVX512 Inner Product distance
Index loaded
Dimension of space:300
Data size of space:1200
Samplings loaded


Visited list size: 33


Loading samplings from /home/ryawszn/experiments/shiro-ef/sampling/word2vec-300-angular-samplings--k100-ef.bin
Samplings loaded from /home/ryawszn/experiments/shiro-ef/sampling/word2vec-300-angular-samplings--k100-ef.bin
Average Recall: 0.82687
Initial average recall with ef=100: 0.826952
Average Recall: 0.872959
Initial average recall with ef=150: 0.873171
